
> opus-system@1.0.0 test
> vitest


 DEV  v1.6.0 /Volumes/strage/opus_localdev/opus_comp

 ❯ src/domains/invoice/__tests__/tax.test.ts  (27 tests | 7 failed) 12ms
   ❯ src/domains/invoice/__tests__/tax.test.ts > 税金計算 > 税率別の集計 > 複数の税率が混在する場合、税率ごとに正しく集計される
     → item.unitPrice.mul is not a function
   ❯ src/domains/invoice/__tests__/tax.test.ts > 税金計算 > 税率別の集計 > 同じ税率の明細行は集約される
     → item.unitPrice.mul is not a function
   ❯ src/domains/invoice/__tests__/tax.test.ts > 税金計算 > 税率別の集計 > 複数の税率と数量が混在する場合も正しく計算される
     → item.unitPrice.mul is not a function
   ❯ src/domains/invoice/__tests__/tax.test.ts > 税金計算 > 請求書の税額計算 > 税率ごとの集計 > 同一税率の商品の集計
     → item.unitPrice.mul is not a function
   ❯ src/domains/invoice/__tests__/tax.test.ts > 税金計算 > 請求書の税額計算 > 税率ごとの集計 > 異なる税率の商品の集計
     → item.unitPrice.mul is not a function
   ❯ src/domains/invoice/__tests__/tax.test.ts > 税金計算 > 請求書の税額計算 > 税率ごとの集計 > 数量0の商品は集計に含まれない
     → item.unitPrice.mul is not a function
   ❯ src/domains/invoice/__tests__/tax.test.ts > 税金計算 > 請求書の税額計算 > 税率ごとの集計 > 小数点以下の端数処理（切り捨て）
     → item.unitPrice.mul is not a function
 ❯ src/app/api/invoice-templates/[id]/__tests__/route.test.ts  (0 test)
 ❯ src/types/validation/__tests__/item.test.ts  (33 tests | 31 failed) 23ms
   ❯ src/types/validation/__tests__/item.test.ts > itemSchema > 基本的なバリデーション > 全ての必須項目が入力されている場合バリデーションが通る
     → expected false to be true // Object.is equality
   ❯ src/types/validation/__tests__/item.test.ts > itemSchema > 基本的なバリデーション > 必須項目が未入力の場合エラーになる
     → expected 'Required' to be '必須項目です' // Object.is equality
   ❯ src/types/validation/__tests__/item.test.ts > itemSchema > quantity > 1以上の整数の場合バリデーションが通る
     → expected false to be true // Object.is equality
   ❯ src/types/validation/__tests__/item.test.ts > itemSchema > quantity > 0以下の場合エラーになる
     → expected 'Required' to be '0より大きい値を入力してください' // Object.is equality
   ❯ src/types/validation/__tests__/item.test.ts > itemSchema > quantity > 小数の場合エラーになる
     → expected 'Required' to be '整数を入力してください' // Object.is equality
   ❯ src/types/validation/__tests__/item.test.ts > itemSchema > unitPrice > 正の整数の場合バリデーションが通る
     → expected false to be true // Object.is equality
   ❯ src/types/validation/__tests__/item.test.ts > itemSchema > unitPrice > 0の場合エラーになる
     → expected 'Required' to be '0より大きい値を入力してください' // Object.is equality
   ❯ src/types/validation/__tests__/item.test.ts > itemSchema > unitPrice > 負の数の場合エラーになる
     → expected 'Required' to be '0より大きい値を入力してください' // Object.is equality
   ❯ src/types/validation/__tests__/item.test.ts > itemSchema > unitPrice > 最大値（999999999）の場合バリデーションが通る
     → expected false to be true // Object.is equality
   ❯ src/types/validation/__tests__/item.test.ts > itemSchema > unitPrice > 最大値を超える場合エラーになる
     → expected 'Required' to be '999999999以下の値を入力してください' // Object.is equality
   ❯ src/types/validation/__tests__/item.test.ts > itemSchema > unitPrice > 小数の場合エラーになる
     → expected 'Required' to be '整数を入力してください' // Object.is equality
   ❯ src/types/validation/__tests__/item.test.ts > itemSchema > taxRate > 8-10%の範囲内の場合バリデーションが通る
     → expected false to be true // Object.is equality
   ❯ src/types/validation/__tests__/item.test.ts > itemSchema > taxRate > 8%未満の場合エラーになる
     → expected 'Required' to be '税率は8%以上を入力してください' // Object.is equality
   ❯ src/types/validation/__tests__/item.test.ts > itemSchema > taxRate > 10%を超える場合エラーになる
     → expected 'Required' to be '税率は10%以下を入力してください' // Object.is equality
   ❯ src/types/validation/__tests__/item.test.ts > itemSchema > description > 説明が未入力の場合もバリデーションが通る
     → expected false to be true // Object.is equality
   ❯ src/types/validation/__tests__/item.test.ts > itemSchema > description > 説明が入力されている場合もバリデーションが通る
     → expected false to be true // Object.is equality
   ❯ src/types/validation/__tests__/item.test.ts > itemSchema > defaultItem > デフォルト値のスキーマ検証が通る
     → expected false to be true // Object.is equality
   ❯ src/types/validation/__tests__/item.test.ts > 明細行のバリデーション > itemName > 品目名が入力されている場合バリデーションが通る
     → expected false to be true // Object.is equality
   ❯ src/types/validation/__tests__/item.test.ts > 明細行のバリデーション > itemName > 品目名が空の場合エラーになる
     → expected 'Required' to be '品目名は必須です' // Object.is equality
   ❯ src/types/validation/__tests__/item.test.ts > 明細行のバリデーション > quantity > 数量が1以上の場合バリデーションが通る
     → expected false to be true // Object.is equality
   ❯ src/types/validation/__tests__/item.test.ts > 明細行のバリデーション > quantity > 数量が0以下の場合エラーになる
     → expected 'Required' to be '数量は0より大きい値を入力してください' // Object.is equality
   ❯ src/types/validation/__tests__/item.test.ts > 明細行のバリデーション > quantity > 数量が小数の場合エラーになる
     → expected 'Required' to be '整数を入力してください' // Object.is equality
   ❯ src/types/validation/__tests__/item.test.ts > 明細行のバリデーション > unitPrice > 単価が0以上の場合バリデーションが通る
     → expected false to be true // Object.is equality
   ❯ src/types/validation/__tests__/item.test.ts > 明細行のバリデーション > unitPrice > 単価が負の数の場合エラーになる
     → expected 'Required' to be '単価は0以上を入力してください' // Object.is equality
   ❯ src/types/validation/__tests__/item.test.ts > 明細行のバリデーション > taxRate > 税率が10%の場合バリデーションが通る
     → expected false to be true // Object.is equality
   ❯ src/types/validation/__tests__/item.test.ts > 明細行のバリデーション > taxRate > 税率が10%未満の場合エラーになる
     → expected 'Required' to be 'インボイス制度に基づき、税率は10%以上を入力してください' // Object.is equality
   ❯ src/types/validation/__tests__/item.test.ts > 明細行のバリデーション > taxRate > 税率が100%を超える場合エラーになる
     → expected 'Required' to be '税率は100%以下を入力してください' // Object.is equality
   ❯ src/types/validation/__tests__/item.test.ts > 明細行のバリデーション > taxRate > 税率が小数点以下2桁に丸められる
     → expected false to be true // Object.is equality
   ❯ src/types/validation/__tests__/item.test.ts > 明細行のバリデーション > description > 説明が入力されている場合バリデーションが通る
     → expected false to be true // Object.is equality
   ❯ src/types/validation/__tests__/item.test.ts > 明細行のバリデーション > description > 説明が未入力の場合もバリデーションが通る
     → expected false to be true // Object.is equality
   ❯ src/types/validation/__tests__/item.test.ts > 明細行のバリデーション > defaultItem > デフォルト値のスキーマ検証が通る
     → expected false to be true // Object.is equality
 ❯ src/types/validation/__tests__/invoice.test.ts  (14 tests | 11 failed) 21ms
   ❯ src/types/validation/__tests__/invoice.test.ts > 請求書のバリデーション > 基本的なバリデーション > 有効なデータの場合バリデーションが通る
     → expected false to be true // Object.is equality
   ❯ src/types/validation/__tests__/invoice.test.ts > 請求書のバリデーション > 基本的なバリデーション > 必須項目が未入力の場合エラーになる
     → expected 'Required' to be '取引先を選択してください' // Object.is equality
   ❯ src/types/validation/__tests__/invoice.test.ts > 請求書のバリデーション > 日付のバリデーション > 支払期限が発行日より前の場合エラーになる
     → expected 'Required' to be '支払期限は発行日以降の日付を指定してください' // Object.is equality
   ❯ src/types/validation/__tests__/invoice.test.ts > 請求書のバリデーション > 日付のバリデーション > 発行日が必須
     → expected 'Required' to be '日付を入力してください' // Object.is equality
   ❯ src/types/validation/__tests__/invoice.test.ts > 請求書のバリデーション > 明細行のバリデーション > 明細行の必須項目が未入力の場合エラーになる
     → expected 'Required' to be '品目名は必須です' // Object.is equality
   ❯ src/types/validation/__tests__/invoice.test.ts > 請求書のバリデーション > 明細行のバリデーション > 数量が0以下の場合エラーになる
     → expected 'Required' to be '数量は0より大きい値を入力してください' // Object.is equality
   ❯ src/types/validation/__tests__/invoice.test.ts > 請求書のバリデーション > 明細行のバリデーション > 税率が不正な場合エラーになる
     → expected 'Required' to be '税率は8%以上を入力してください' // Object.is equality
   ❯ src/types/validation/__tests__/invoice.test.ts > 請求書のバリデーション > 登録番号のバリデーション > 正しい形式の登録番号の場合バリデーションが通る
     → expected false to be true // Object.is equality
   ❯ src/types/validation/__tests__/invoice.test.ts > 請求書のバリデーション > 登録番号のバリデーション > 不正な形式の登録番号の場合エラーになる
     → expected 'Required' to be '登録番号はTで始まる13桁の数字である必要があります' // Object.is equality
   ❯ src/types/validation/__tests__/invoice.test.ts > 請求書のバリデーション > デフォルト値 > デフォルト値のスキーマ検証が通る
     → expected false to be true // Object.is equality
   ❯ src/types/validation/__tests__/invoice.test.ts > 請求書のバリデーション > 税率のバリデーション > デフォルトでは8-10%の範囲内の税率のみ許可
     → expected false to be true // Object.is equality
 ❯ src/components/purchase-orders/schemas/__tests__/purchaseOrderSchema.test.ts  (13 tests | 13 failed) 18ms
   ❯ src/components/purchase-orders/schemas/__tests__/purchaseOrderSchema.test.ts > purchaseOrderSchema > 部門別の上限金額チェック > 一般部門の上限金額を超えない場合は有効
     → expected [Function] to not throw an error but '[\n  {\n    "code": "invalid_type",\n…' was thrown
   ❯ src/components/purchase-orders/schemas/__tests__/purchaseOrderSchema.test.ts > purchaseOrderSchema > 部門別の上限金額チェック > 一般部門の上限金額を超える場合はエラー
     → expected [Function] to throw error including '発注総額が部門別の上限を超えています' but got '[\n  {\n    "code": "invalid_type",\n…'
   ❯ src/components/purchase-orders/schemas/__tests__/purchaseOrderSchema.test.ts > purchaseOrderSchema > 部門別の上限金額チェック > 管理部門は高額な発注が可能
     → expected [Function] to not throw an error but '[\n  {\n    "code": "invalid_type",\n…' was thrown
   ❯ src/components/purchase-orders/schemas/__tests__/purchaseOrderSchema.test.ts > purchaseOrderSchema > 品目数の上限チェック > 50品目以内の場合は有効
     → expected [Function] to not throw an error but '[\n  {\n    "code": "invalid_type",\n…' was thrown
   ❯ src/components/purchase-orders/schemas/__tests__/purchaseOrderSchema.test.ts > purchaseOrderSchema > 品目数の上限チェック > 50品目を超える場合はエラー
     → expected [Function] to throw error including '品目数は50個以内にしてください' but got '[\n  {\n    "code": "invalid_type",\n…'
   ❯ src/components/purchase-orders/schemas/__tests__/purchaseOrderSchema.test.ts > purchaseOrderSchema > 与信限度額チェック > 与信限度額を超えない場合は有効
     → expected [Function] to not throw an error but '[\n  {\n    "code": "invalid_type",\n…' was thrown
   ❯ src/components/purchase-orders/schemas/__tests__/purchaseOrderSchema.test.ts > purchaseOrderSchema > 与信限度額チェック > 与信限度額を超える場合はエラー
     → expected [Function] to throw error including '発注総額が取引先の与信限度額を超えています' but got '[\n  {\n    "code": "invalid_type",\n…'
   ❯ src/components/purchase-orders/schemas/__tests__/purchaseOrderSchema.test.ts > purchaseOrderSchema > 特定カテゴリーの承認要否チェック > 通常カテゴリーは承認なしで送信可能
     → expected [Function] to not throw an error but '[\n  {\n    "code": "invalid_type",\n…' was thrown
   ❯ src/components/purchase-orders/schemas/__tests__/purchaseOrderSchema.test.ts > purchaseOrderSchema > 特定カテゴリーの承認要否チェック > 特定カテゴリーは承認なしで送信不可
     → expected [Function] to throw error including '特定カテゴリーの品目が含まれているため、承認が必要です' but got '[\n  {\n    "code": "invalid_type",\n…'
   ❯ src/components/purchase-orders/schemas/__tests__/purchaseOrderSchema.test.ts > purchaseOrderSchema > 特定カテゴリーの承認要否チェック > 特定カテゴリーは下書き状態で保存可能
     → expected [Function] to not throw an error but '[\n  {\n    "code": "invalid_type",\n…' was thrown
   ❯ src/components/purchase-orders/schemas/__tests__/purchaseOrderSchema.test.ts > purchaseOrderSchema > 税率のバリデーション > 8%と10%の税率は有効
     → expected [Function] to not throw an error but '[\n  {\n    "code": "invalid_type",\n…' was thrown
   ❯ src/components/purchase-orders/schemas/__tests__/purchaseOrderSchema.test.ts > purchaseOrderSchema > 税率のバリデーション > その他の税率はエラー
     → expected [Function] to throw error including '無効な税率が指定されています' but got '[\n  {\n    "code": "invalid_type",\n…'
   ❯ src/components/purchase-orders/schemas/__tests__/purchaseOrderSchema.test.ts > purchaseOrderSchema > 重複品目チェック > 品目名が重複する場合はエラー
     → expected [Function] to throw error including '同じ品目が複数登録されています' but got '[\n  {\n    "code": "invalid_type",\n…'
stdout | src/app/api/tags/__tests__/tags.test.ts > タグ管理API > GET /api/tags > タグ一覧を取得できる
prisma:query INSERT INTO "public"."Tag" ("id","name","createdAt","updatedAt") VALUES ($1,$2,$3,$4) RETURNING "public"."Tag"."id", "public"."Tag"."name", "public"."Tag"."createdAt", "public"."Tag"."updatedAt"

stdout | src/app/api/tags/__tests__/tags.test.ts > タグ管理API > GET /api/tags > タグ一覧を取得できる
prisma:query SELECT "public"."Tag"."id", "public"."Tag"."name", "public"."Tag"."createdAt", "public"."Tag"."updatedAt" FROM "public"."Tag" WHERE 1=1 ORDER BY "public"."Tag"."createdAt" DESC OFFSET $1

stdout | src/app/api/tags/__tests__/tags.test.ts > タグ管理API > GET /api/tags > タグ一覧を取得できる
prisma:query DELETE FROM "public"."Tag" WHERE "public"."Tag"."name"::text LIKE $1

stdout | src/app/api/tags/__tests__/tags.test.ts > タグ管理API > POST /api/tags > 新しいタグを作成できる
prisma:query INSERT INTO "public"."Tag" ("id","name","createdAt","updatedAt") VALUES ($1,$2,$3,$4) RETURNING "public"."Tag"."id", "public"."Tag"."name", "public"."Tag"."createdAt", "public"."Tag"."updatedAt"

stdout | src/app/api/tags/__tests__/tags.test.ts > タグ管理API > POST /api/tags > 新しいタグを作成できる
prisma:query INSERT INTO "public"."Tag" ("id","name","createdAt","updatedAt") VALUES ($1,$2,$3,$4) RETURNING "public"."Tag"."id", "public"."Tag"."name", "public"."Tag"."createdAt", "public"."Tag"."updatedAt"

stdout | src/app/api/tags/__tests__/tags.test.ts > タグ管理API > POST /api/tags > 新しいタグを作成できる
prisma:query DELETE FROM "public"."Tag" WHERE "public"."Tag"."name"::text LIKE $1

stdout | src/app/api/tags/__tests__/tags.test.ts > タグ管理API > POST /api/tags > 同じ名前のタグは作成できない
prisma:query INSERT INTO "public"."Tag" ("id","name","createdAt","updatedAt") VALUES ($1,$2,$3,$4) RETURNING "public"."Tag"."id", "public"."Tag"."name", "public"."Tag"."createdAt", "public"."Tag"."updatedAt"

stdout | src/app/api/tags/__tests__/tags.test.ts > タグ管理API > POST /api/tags > 同じ名前のタグは作成できない
prisma:query INSERT INTO "public"."Tag" ("id","name","createdAt","updatedAt") VALUES ($1,$2,$3,$4) RETURNING "public"."Tag"."id", "public"."Tag"."name", "public"."Tag"."createdAt", "public"."Tag"."updatedAt"

stdout | src/app/api/tags/__tests__/tags.test.ts > タグ管理API > POST /api/tags > 同じ名前のタグは作成できない
prisma:query DELETE FROM "public"."Tag" WHERE "public"."Tag"."name"::text LIKE $1

stdout | src/app/api/tags/__tests__/tags.test.ts > タグ管理API > DELETE /api/tags/[id] > タグを削除できる
prisma:query INSERT INTO "public"."Tag" ("id","name","createdAt","updatedAt") VALUES ($1,$2,$3,$4) RETURNING "public"."Tag"."id", "public"."Tag"."name", "public"."Tag"."createdAt", "public"."Tag"."updatedAt"

stdout | src/app/api/tags/__tests__/tags.test.ts > タグ管理API > DELETE /api/tags/[id] > タグを削除できる
prisma:query DELETE FROM "public"."Tag" WHERE "public"."Tag"."name"::text LIKE $1

stdout | src/app/api/tags/__tests__/tags.test.ts > タグ管理API > タグの関連付けと解除 > タグを請求書に関連付けできる
prisma:query INSERT INTO "public"."Tag" ("id","name","createdAt","updatedAt") VALUES ($1,$2,$3,$4) RETURNING "public"."Tag"."id", "public"."Tag"."name", "public"."Tag"."createdAt", "public"."Tag"."updatedAt"

stdout | src/app/api/tags/__tests__/tags.test.ts > タグ管理API > タグの関連付けと解除 > タグを請求書に関連付けできる
prisma:query BEGIN

stdout | src/app/api/tags/__tests__/tags.test.ts > タグ管理API > タグの関連付けと解除 > タグを請求書に関連付けできる
prisma:query SELECT "public"."User"."id" FROM "public"."User" WHERE ("public"."User"."id" = $1 AND 1=1) OFFSET $2
prisma:query SELECT "public"."User"."id" FROM "public"."User" WHERE ("public"."User"."id" = $1 AND 1=1) OFFSET $2

stdout | src/app/api/tags/__tests__/tags.test.ts > タグ管理API > タグの関連付けと解除 > タグを請求書に関連付けできる
prisma:query SELECT "public"."Vendor"."id" FROM "public"."Vendor" WHERE ("public"."Vendor"."id" = $1 AND 1=1) OFFSET $2
prisma:query ROLLBACK
prisma:query DELETE FROM "public"."Invoice" WHERE "public"."Invoice"."invoiceNumber"::text LIKE $1
prisma:query DELETE FROM "public"."Tag" WHERE "public"."Tag"."name"::text LIKE $1

stdout | src/app/api/tags/__tests__/tags.test.ts > タグ管理API > タグの関連付けと解除 > タグの関連付けを解除できる
prisma:query INSERT INTO "public"."Tag" ("id","name","createdAt","updatedAt") VALUES ($1,$2,$3,$4) RETURNING "public"."Tag"."id", "public"."Tag"."name", "public"."Tag"."createdAt", "public"."Tag"."updatedAt"

stdout | src/app/api/tags/__tests__/tags.test.ts > タグ管理API > タグの関連付けと解除 > タグの関連付けを解除できる
prisma:query BEGIN
prisma:query SELECT "public"."User"."id" FROM "public"."User" WHERE ("public"."User"."id" = $1 AND 1=1) OFFSET $2
prisma:query SELECT "public"."User"."id" FROM "public"."User" WHERE ("public"."User"."id" = $1 AND 1=1) OFFSET $2
prisma:query SELECT "public"."Vendor"."id" FROM "public"."Vendor" WHERE ("public"."Vendor"."id" = $1 AND 1=1) OFFSET $2
prisma:query ROLLBACK

stdout | src/app/api/tags/__tests__/tags.test.ts > タグ管理API > タグの関連付けと解除 > タグの関連付けを解除できる
prisma:query DELETE FROM "public"."Invoice" WHERE "public"."Invoice"."invoiceNumber"::text LIKE $1

stdout | src/app/api/tags/__tests__/tags.test.ts > タグ管理API > タグの関連付けと解除 > タグの関連付けを解除できる
prisma:query DELETE FROM "public"."Tag" WHERE "public"."Tag"."name"::text LIKE $1

 ❯ src/app/api/tags/__tests__/tags.test.ts  (6 tests | 4 failed) 57ms
   ❯ src/app/api/tags/__tests__/tags.test.ts > タグ管理API > POST /api/tags > 同じ名前のタグは作成できない
     → expected 500 to be 400 // Object.is equality
   ❯ src/app/api/tags/__tests__/tags.test.ts > タグ管理API > DELETE /api/tags/[id] > タグを削除できる
     → expected 500 to be 200 // Object.is equality
   ❯ src/app/api/tags/__tests__/tags.test.ts > タグ管理API > タグの関連付けと解除 > タグを請求書に関連付けできる
     → 
Invalid `prisma.invoice.create()` invocation:


An operation failed because it depends on one or more records that were required but not found. No 'Vendor' record(s) (needed to inline the relation on 'PurchaseOrder' record(s)) was found for a nested connect on one-to-many relation 'PurchaseOrderToVendor'.
   ❯ src/app/api/tags/__tests__/tags.test.ts > タグ管理API > タグの関連付けと解除 > タグの関連付けを解除できる
     → 
Invalid `prisma.invoice.create()` invocation:


An operation failed because it depends on one or more records that were required but not found. No 'Vendor' record(s) (needed to inline the relation on 'PurchaseOrder' record(s)) was found for a nested connect on one-to-many relation 'PurchaseOrderToVendor'.
 ❯ src/app/api/invoice-templates/__tests__/route.test.ts  (0 test)
 ❯ src/e2e/invoice-flow.test.ts  (0 test)
 ✓ src/domains/invoice/__tests__/progress.test.ts  (6 tests) 6ms
 ❯ src/utils/__tests__/formDataConverter.test.ts  (5 tests | 4 failed) 8ms
   ❯ src/utils/__tests__/formDataConverter.test.ts > formDataConverter > convertToFormData > APIレスポンスデータを正しくフォームデータに変換できること
     → expected undefined to be 'テスト請求書' // Object.is equality
   ❯ src/utils/__tests__/formDataConverter.test.ts > formDataConverter > convertToFormData > 空のデータの場合はデフォルト値を設定すること
     → expected undefined to be '' // Object.is equality
   ❯ src/utils/__tests__/formDataConverter.test.ts > formDataConverter > convertFromFormData > フォームデータを正しくAPI送信用データに変換できること
     → convertFromFormData is not a function
   ❯ src/utils/__tests__/formDataConverter.test.ts > formDataConverter > convertFromPurchaseOrder > 発注書データを正しく請求書フォームデータに変換できること
     → expected '' to be 'vendor-1' // Object.is equality
 ❯ src/app/api/cron/__tests__/check-reminders.test.ts  (6 tests | 2 failed) 12ms
   ❯ src/app/api/cron/__tests__/check-reminders.test.ts > checkReminders > 無効化されているリマインダーは送信されない
     → expected "spy" to not be called at all, but actually been called 1 times

Received: 

  1st spy call:

    Array [
      Object {
        "bankInfo": Object {
          "accountNumber": "1234567",
        },
        "dueDate": 2025-02-04T00:00:00.000Z,
        "id": "1",
        "issueDate": 2025-01-25T00:00:00.000Z,
        "items": Array [],
        "status": "PENDING",
        "template": Object {
          "bankInfo": Object {
            "accountNumber": "1234567",
          },
        },
        "vendor": Object {
          "email": "vendor@example.com",
          "id": "1",
          "name": "Test Vendor",
        },
      },
      "upcoming",
    ]


Number of calls: 1

   ❯ src/app/api/cron/__tests__/check-reminders.test.ts > checkReminders > メール送信エラー時でもリマインダー更新は完了する
     → expected false to be true // Object.is equality
 ❯ src/app/api/purchase-orders/__tests__/status.test.ts  (5 tests | 4 failed) 20ms
   ❯ src/app/api/purchase-orders/__tests__/status.test.ts > Purchase Order Status API > 正常なステータス更新が処理される
     → expected 500 to be 200 // Object.is equality
   ❯ src/app/api/purchase-orders/__tests__/status.test.ts > Purchase Order Status API > 無効なステータス遷移がエラーになる
     → expected 500 to be 400 // Object.is equality
   ❯ src/app/api/purchase-orders/__tests__/status.test.ts > Purchase Order Status API > 存在しない発注書IDの場合エラーになる
     → expected 500 to be 404 // Object.is equality
   ❯ src/app/api/purchase-orders/__tests__/status.test.ts > Purchase Order Status API > コメント付きのステータス更新が正しく処理される
     → expected 500 to be 200 // Object.is equality
 ❯ src/components/forms/__tests__/OrderItemsTable.test.tsx  (8 tests | 6 failed) 182ms
   ❯ src/components/forms/__tests__/OrderItemsTable.test.tsx > OrderItemsTable > 明細項目が正しく表示されること
     → Unable to find an element with the display value: 商品1.

Ignored nodes: comments, script, style
[36m<body>[39m
  [36m<div>[39m
    [36m<div[39m
      [33mclass[39m=[32m"space-y-4"[39m
    [36m>[39m
      [36m<div[39m
        [33mclass[39m=[32m"max-h-[500px] overflow-auto"[39m
        [33mstyle[39m=[32m"height: 50px;"[39m
      [36m>[39m
        [36m<div[39m
          [33mclass[39m=[32m"relative w-full overflow-auto"[39m
        [36m>[39m
          [36m<table[39m
            [33mclass[39m=[32m"w-full caption-bottom text-sm"[39m
          [36m>[39m
            [36m<thead[39m
              [33mclass[39m=[32m"[&_tr]:border-b"[39m
            [36m>[39m
              [36m<tr[39m
                [33mclass[39m=[32m"border-b transition-colors hover:bg-muted/50 data-[state=selected]:bg-muted"[39m
              [36m>[39m
                [36m<th[39m
                  [33mclass[39m=[32m"h-10 px-2 text-left align-middle font-medium text-muted-foreground [&:has([role=checkbox])]:pr-0 [&>[role=checkbox]]:translate-y-[2px]"[39m
                [36m>[39m
                  [0m品目[0m
                [36m</th>[39m
                [36m<th[39m
                  [33mclass[39m=[32m"h-10 px-2 text-left align-middle font-medium text-muted-foreground [&:has([role=checkbox])]:pr-0 [&>[role=checkbox]]:translate-y-[2px]"[39m
                [36m>[39m
                  [0m説明[0m
                [36m</th>[39m
                [36m<th[39m
                  [33mclass[39m=[32m"h-10 px-2 align-middle font-medium text-muted-foreground [&:has([role=checkbox])]:pr-0 [&>[role=checkbox]]:translate-y-[2px] text-right"[39m
                [36m>[39m
                  [0m数量[0m
                [36m</th>[39m
                [36m<th[39m
                  [33mclass[39m=[32m"h-10 px-2 align-middle font-medium text-muted-foreground [&:has([role=checkbox])]:pr-0 [&>[role=checkbox]]:translate-y-[2px] text-right"[39m
                [36m>[39m
                  [0m単価[0m
                [36m</th>[39m
                [36m<th[39m
                  [33mclass[39m=[32m"h-10 px-2 align-middle font-medium text-muted-foreground [&:has([role=checkbox])]:pr-0 [&>[role=checkbox]]:translate-y-[2px] text-right"[39m
                [36m>[39m
                  [0m税率[0m
                [36m</th>[39m
                [36m<th[39m
                  [33mclass[39m=[32m"h-10 px-2 align-middle font-medium text-muted-foreground [&:has([role=checkbox])]:pr-0 [&>[role=checkbox]]:translate-y-[2px] text-right"[39m
                [36m>[39m
                  [0m小計[0m
                [36m</th>[39m
                [36m<th[39m
                  [33mclass[39m=[32m"h-10 px-2 text-left align-middle font-medium text-muted-foreground [&:has([role=checkbox])]:pr-0 [&>[role=checkbox]]:translate-y-[2px]"[39m
                [36m/>[39m
              [36m</tr>[39m
            [36m</thead>[39m
            [36m<tbody[39m
              [33mclass[39m=[32m"[&_tr:last-child]:border-0"[39m
            [36m>[39m
              [36m<div[39m
                [33mstyle[39m=[32m"height: 50px; width: 100%; position: relative;"[39m
              [36m/>[39m
            [36m</tbody>[39m
          [36m</table>[39m
        [36m</div>[39m
      [36m</div>[39m
      [36m<div[39m
        [33mclass[39m=[32m"flex justify-between"[39m
      [36m>[39m
        [36m<button[39m
          [33mclass[39m=[32m"inline-flex items-center justify-center rounded-md text-sm font-medium transition-colors focus-visible:outline-none focus-visible:ring-2 focus-visible:ring-ring focus-visible:ring-offset-2 disabled:opacity-50 disabled:pointer-events-none ring-offset-background border border-input hover:bg-accent hover:text-accent-foreground h-10 py-2 px-4"[39m
          [33mtype[39m=[32m"button"[39m
        [36m>[39m
          [36m<svg[39m
            [33mclass[39m=[32m"h-4 w-4 mr-2"[39m
            [33mfill[39m=[32m"none"[39m
            [33mheight[39m=[32m"24"[39m
            [33mstroke[39m=[32m"currentColor"[39m
            [33mstroke-linecap[39m=[32m"round"[39m
            [33mstroke-linejoin[39m=[32m"round"[39m
            [33mstroke-width[39m=[32m"2"[39m
            [33mviewBox[39m=[32m"0 0 24 24"[39m
            [33mwidth[39m=[32m"24"[39m
            [33mxmlns[39m=[32m"http://www.w3.org/2000/svg"[39m
          [36m>[39m
            [36m<path[39m
              [33md[39m=[32m"M5 12h14"[39m
            [36m/>[39m
            [36m<path[39m
              [33md[39m=[32m"M12 5v14"[39m
            [36m/>[39m
          [36m</svg>[39m
          [0m項目を追加[0m
        [36m</button>[39m
        [36m<div[39m
          [33mclass[39m=[32m"space-y-2 text-right"[39m
        [36m>[39m
          [36m<div>[39m
            [36m<label[39m
              [33mclass[39m=[32m"text-sm font-medium leading-none peer-disabled:cursor-not-allowed peer-disabled:opacity-70 mr-4"[39m
            [36m>[39m
              [0m小計:[0m
            [36m</label>[39m
            [36m<span>[39m
              [0m¥[0m
              [0m2,000[0m
            [36m</span>[39m
          [36m</div>[39m
          [36m<div>[39m
            [36m<label[39m
              [33mclass[39m=[32m"text-sm font-medium leading-none peer-disabled:cursor-not-allowed peer-disabled:opacity-70 mr-4"[39m
            [36m>[39m
              [0m消費税:[0m
            [36m</label>[39m
            [36m<span>[39m
              [0m¥[0m
              [0m200[0m
            [36m</span>[39m
          [36m</div>[39m
          [36m<div[39m
            [33mclass[39m=[32m"font-bold"[39m
          [36m>[39m
            [36m<label[39m
              [33mclass[39m=[32m"text-sm font-medium leading-none peer-disabled:cursor-not-allowed peer-disabled:opacity-70 mr-4"[39m
            [36m>[39m
              [0m合計:[0m
            [36m</label>[39m
            [36m<span>[39m
              [0m¥[0m
              [0m2,200[0m
            [36m</span>[39m
          [36m</div>[39m
        [36m</div>[39m
      [36m</div>[39m
    [36m</div>[39m
  [36m</div>[39m
[36m</body>[39m
   ❯ src/components/forms/__tests__/OrderItemsTable.test.tsx > OrderItemsTable > 項目を削除できること
     → Unable to find an accessible element with the role "button" and name ""

Here are the accessible roles:

  table:

  Name "":
  [36m<table[39m
    [33mclass[39m=[32m"w-full caption-bottom text-sm"[39m
  [36m/>[39m

  --------------------------------------------------
  rowgroup:

  Name "":
  [36m<thead[39m
    [33mclass[39m=[32m"[&_tr]:border-b"[39m
  [36m/>[39m

  Name "":
  [36m<tbody[39m
    [33mclass[39m=[32m"[&_tr:last-child]:border-0"[39m
  [36m/>[39m

  --------------------------------------------------
  row:

  Name "品目 説明 数量 単価 税率 小計":
  [36m<tr[39m
    [33mclass[39m=[32m"border-b transition-colors hover:bg-muted/50 data-[state=selected]:bg-muted"[39m
  [36m/>[39m

  --------------------------------------------------
  columnheader:

  Name "品目":
  [36m<th[39m
    [33mclass[39m=[32m"h-10 px-2 text-left align-middle font-medium text-muted-foreground [&:has([role=checkbox])]:pr-0 [&>[role=checkbox]]:translate-y-[2px]"[39m
  [36m/>[39m

  Name "説明":
  [36m<th[39m
    [33mclass[39m=[32m"h-10 px-2 text-left align-middle font-medium text-muted-foreground [&:has([role=checkbox])]:pr-0 [&>[role=checkbox]]:translate-y-[2px]"[39m
  [36m/>[39m

  Name "数量":
  [36m<th[39m
    [33mclass[39m=[32m"h-10 px-2 align-middle font-medium text-muted-foreground [&:has([role=checkbox])]:pr-0 [&>[role=checkbox]]:translate-y-[2px] text-right"[39m
  [36m/>[39m

  Name "単価":
  [36m<th[39m
    [33mclass[39m=[32m"h-10 px-2 align-middle font-medium text-muted-foreground [&:has([role=checkbox])]:pr-0 [&>[role=checkbox]]:translate-y-[2px] text-right"[39m
  [36m/>[39m

  Name "税率":
  [36m<th[39m
    [33mclass[39m=[32m"h-10 px-2 align-middle font-medium text-muted-foreground [&:has([role=checkbox])]:pr-0 [&>[role=checkbox]]:translate-y-[2px] text-right"[39m
  [36m/>[39m

  Name "小計":
  [36m<th[39m
    [33mclass[39m=[32m"h-10 px-2 align-middle font-medium text-muted-foreground [&:has([role=checkbox])]:pr-0 [&>[role=checkbox]]:translate-y-[2px] text-right"[39m
  [36m/>[39m

  Name "":
  [36m<th[39m
    [33mclass[39m=[32m"h-10 px-2 text-left align-middle font-medium text-muted-foreground [&:has([role=checkbox])]:pr-0 [&>[role=checkbox]]:translate-y-[2px]"[39m
  [36m/>[39m

  --------------------------------------------------
  button:

  Name "項目を追加":
  [36m<button[39m
    [33mclass[39m=[32m"inline-flex items-center justify-center rounded-md text-sm font-medium transition-colors focus-visible:outline-none focus-visible:ring-2 focus-visible:ring-ring focus-visible:ring-offset-2 disabled:opacity-50 disabled:pointer-events-none ring-offset-background border border-input hover:bg-accent hover:text-accent-foreground h-10 py-2 px-4"[39m
    [33mtype[39m=[32m"button"[39m
  [36m/>[39m

  --------------------------------------------------

Ignored nodes: comments, script, style
[36m<body>[39m
  [36m<div>[39m
    [36m<div[39m
      [33mclass[39m=[32m"space-y-4"[39m
    [36m>[39m
      [36m<div[39m
        [33mclass[39m=[32m"max-h-[500px] overflow-auto"[39m
        [33mstyle[39m=[32m"height: 50px;"[39m
      [36m>[39m
        [36m<div[39m
          [33mclass[39m=[32m"relative w-full overflow-auto"[39m
        [36m>[39m
          [36m<table[39m
            [33mclass[39m=[32m"w-full caption-bottom text-sm"[39m
          [36m>[39m
            [36m<thead[39m
              [33mclass[39m=[32m"[&_tr]:border-b"[39m
            [36m>[39m
              [36m<tr[39m
                [33mclass[39m=[32m"border-b transition-colors hover:bg-muted/50 data-[state=selected]:bg-muted"[39m
              [36m>[39m
                [36m<th[39m
                  [33mclass[39m=[32m"h-10 px-2 text-left align-middle font-medium text-muted-foreground [&:has([role=checkbox])]:pr-0 [&>[role=checkbox]]:translate-y-[2px]"[39m
                [36m>[39m
                  [0m品目[0m
                [36m</th>[39m
                [36m<th[39m
                  [33mclass[39m=[32m"h-10 px-2 text-left align-middle font-medium text-muted-foreground [&:has([role=checkbox])]:pr-0 [&>[role=checkbox]]:translate-y-[2px]"[39m
                [36m>[39m
                  [0m説明[0m
                [36m</th>[39m
                [36m<th[39m
                  [33mclass[39m=[32m"h-10 px-2 align-middle font-medium text-muted-foreground [&:has([role=checkbox])]:pr-0 [&>[role=checkbox]]:translate-y-[2px] text-right"[39m
                [36m>[39m
                  [0m数量[0m
                [36m</th>[39m
                [36m<th[39m
                  [33mclass[39m=[32m"h-10 px-2 align-middle font-medium text-muted-foreground [&:has([role=checkbox])]:pr-0 [&>[role=checkbox]]:translate-y-[2px] text-right"[39m
                [36m>[39m
                  [0m単価[0m
                [36m</th>[39m
                [36m<th[39m
                  [33mclass[39m=[32m"h-10 px-2 align-middle font-medium text-muted-foreground [&:has([role=checkbox])]:pr-0 [&>[role=checkbox]]:translate-y-[2px] text-right"[39m
                [36m>[39m
                  [0m税率[0m
                [36m</th>[39m
                [36m<th[39m
                  [33mclass[39m=[32m"h-10 px-2 align-middle font-medium text-muted-foreground [&:has([role=checkbox])]:pr-0 [&>[role=checkbox]]:translate-y-[2px] text-right"[39m
                [36m>[39m
                  [0m小計[0m
                [36m</th>[39m
                [36m<th[39m
                  [33mclass[39m=[32m"h-10 px-2 text-left align-middle font-medium text-muted-foreground [&:has([role=checkbox])]:pr-0 [&>[role=checkbox]]:translate-y-[2px]"[39m
                [36m/>[39m
              [36m</tr>[39m
            [36m</thead>[39m
            [36m<tbody[39m
              [33mclass[39m=[32m"[&_tr:last-child]:border-0"[39m
            [36m>[39m
              [36m<div[39m
                [33mstyle[39m=[32m"height: 50px; width: 100%; position: relative;"[39m
              [36m/>[39m
            [36m</tbody>[39m
          [36m</table>[39m
        [36m</div>[39m
      [36m</div>[39m
      [36m<div[39m
        [33mclass[39m=[32m"flex justify-between"[39m
      [36m>[39m
        [36m<button[39m
          [33mclass[39m=[32m"inline-flex items-center justify-center rounded-md text-sm font-medium transition-colors focus-visible:outline-none focus-visible:ring-2 focus-visible:ring-ring focus-visible:ring-offset-2 disabled:opacity-50 disabled:pointer-events-none ring-offset-background border border-input hover:bg-accent hover:text-accent-foreground h-10 py-2 px-4"[39m
          [33mtype[39m=[32m"button"[39m
        [36m>[39m
          [36m<svg[39m
            [33mclass[39m=[32m"h-4 w-4 mr-2"[39m
            [33mfill[39m=[32m"none"[39m
            [33mheight[39m=[32m"24"[39m
            [33mstroke[39m=[32m"currentColor"[39m
            [33mstroke-linecap[39m=[32m"round"[39m
            [33mstroke-linejoin[39m=[32m"round"[39m
            [33mstroke-width[39m=[32m"2"[39m
            [33mviewBox[39m=[32m"0 0 24 24"[39m
            [33mwidth[39m=[32m"24"[39m
            [33mxmlns[39m=[32m"http://www.w3.org/2000/svg"[39m
          [36m>[39m
            [36m<path[39m
              [33md[39m=[32m"M5 12h14"[39m
            [36m/>[39m
            [36m<path[39m
              [33md[39m=[32m"M12 5v14"[39m
            [36m/>[39m
          [36m</svg>[39m
          [0m項目を追加[0m
        [36m</button>[39m
        [36m<div[39m
          [33mclass[39m=[32m"space-y-2 text-right"[39m
        [36m>[39m
          [36m<div>[39m
            [36m<label[39m
              [33mclass[39m=[32m"text-sm font-medium leading-none peer-disabled:cursor-not-allowed peer-disabled:opacity-70 mr-4"[39m
            [36m>[39m
              [0m小計:[0m
            [36m</label>[39m
            [36m<span>[39m
              [0m¥[0m
              [0m2,000[0m
            [36m</span>[39m
          [36m</div>[39m
          [36m<div>[39m
            [36m<label[39m
              [33mclass[39m=[32m"text-sm font-medium leading-none peer-disabled:cursor-not-allowed peer-disabled:opacity-70 mr-4"[39m
            [36m>[39m
              [0m消費税:[0m
            [36m</label>[39m
            [36m<span>[39m
              [0m¥[0m
              [0m200[0m
            [36m</span>[39m
          [36m</div>[39m
          [36m<div[39m
            [33mclass[39m=[32m"font-bold"[39m
          [36m>[39m
            [36m<label[39m
              [33mclass[39m=[32m"text-sm font-medium leading-none peer-disabled:cursor-not-allowed peer-disabled:opacity-70 mr-4"[39m
            [36m>[39m
              [0m合計:[0m
            [36m</label>[39m
            [36m<span>[39m
              [0m¥[0m
              [0m2,200[0m
            [36m</span>[39m
          [36m</div>[39m
        [36m</div>[39m
      [36m</div>[39m
    [36m</div>[39m
  [36m</div>[39m
[36m</body>[39m
   ❯ src/components/forms/__tests__/OrderItemsTable.test.tsx > OrderItemsTable > 項目を更新できること
     → Unable to find an element with the display value: 商品1.

Ignored nodes: comments, script, style
[36m<body>[39m
  [36m<div>[39m
    [36m<div[39m
      [33mclass[39m=[32m"space-y-4"[39m
    [36m>[39m
      [36m<div[39m
        [33mclass[39m=[32m"max-h-[500px] overflow-auto"[39m
        [33mstyle[39m=[32m"height: 50px;"[39m
      [36m>[39m
        [36m<div[39m
          [33mclass[39m=[32m"relative w-full overflow-auto"[39m
        [36m>[39m
          [36m<table[39m
            [33mclass[39m=[32m"w-full caption-bottom text-sm"[39m
          [36m>[39m
            [36m<thead[39m
              [33mclass[39m=[32m"[&_tr]:border-b"[39m
            [36m>[39m
              [36m<tr[39m
                [33mclass[39m=[32m"border-b transition-colors hover:bg-muted/50 data-[state=selected]:bg-muted"[39m
              [36m>[39m
                [36m<th[39m
                  [33mclass[39m=[32m"h-10 px-2 text-left align-middle font-medium text-muted-foreground [&:has([role=checkbox])]:pr-0 [&>[role=checkbox]]:translate-y-[2px]"[39m
                [36m>[39m
                  [0m品目[0m
                [36m</th>[39m
                [36m<th[39m
                  [33mclass[39m=[32m"h-10 px-2 text-left align-middle font-medium text-muted-foreground [&:has([role=checkbox])]:pr-0 [&>[role=checkbox]]:translate-y-[2px]"[39m
                [36m>[39m
                  [0m説明[0m
                [36m</th>[39m
                [36m<th[39m
                  [33mclass[39m=[32m"h-10 px-2 align-middle font-medium text-muted-foreground [&:has([role=checkbox])]:pr-0 [&>[role=checkbox]]:translate-y-[2px] text-right"[39m
                [36m>[39m
                  [0m数量[0m
                [36m</th>[39m
                [36m<th[39m
                  [33mclass[39m=[32m"h-10 px-2 align-middle font-medium text-muted-foreground [&:has([role=checkbox])]:pr-0 [&>[role=checkbox]]:translate-y-[2px] text-right"[39m
                [36m>[39m
                  [0m単価[0m
                [36m</th>[39m
                [36m<th[39m
                  [33mclass[39m=[32m"h-10 px-2 align-middle font-medium text-muted-foreground [&:has([role=checkbox])]:pr-0 [&>[role=checkbox]]:translate-y-[2px] text-right"[39m
                [36m>[39m
                  [0m税率[0m
                [36m</th>[39m
                [36m<th[39m
                  [33mclass[39m=[32m"h-10 px-2 align-middle font-medium text-muted-foreground [&:has([role=checkbox])]:pr-0 [&>[role=checkbox]]:translate-y-[2px] text-right"[39m
                [36m>[39m
                  [0m小計[0m
                [36m</th>[39m
                [36m<th[39m
                  [33mclass[39m=[32m"h-10 px-2 text-left align-middle font-medium text-muted-foreground [&:has([role=checkbox])]:pr-0 [&>[role=checkbox]]:translate-y-[2px]"[39m
                [36m/>[39m
              [36m</tr>[39m
            [36m</thead>[39m
            [36m<tbody[39m
              [33mclass[39m=[32m"[&_tr:last-child]:border-0"[39m
            [36m>[39m
              [36m<div[39m
                [33mstyle[39m=[32m"height: 50px; width: 100%; position: relative;"[39m
              [36m/>[39m
            [36m</tbody>[39m
          [36m</table>[39m
        [36m</div>[39m
      [36m</div>[39m
      [36m<div[39m
        [33mclass[39m=[32m"flex justify-between"[39m
      [36m>[39m
        [36m<button[39m
          [33mclass[39m=[32m"inline-flex items-center justify-center rounded-md text-sm font-medium transition-colors focus-visible:outline-none focus-visible:ring-2 focus-visible:ring-ring focus-visible:ring-offset-2 disabled:opacity-50 disabled:pointer-events-none ring-offset-background border border-input hover:bg-accent hover:text-accent-foreground h-10 py-2 px-4"[39m
          [33mtype[39m=[32m"button"[39m
        [36m>[39m
          [36m<svg[39m
            [33mclass[39m=[32m"h-4 w-4 mr-2"[39m
            [33mfill[39m=[32m"none"[39m
            [33mheight[39m=[32m"24"[39m
            [33mstroke[39m=[32m"currentColor"[39m
            [33mstroke-linecap[39m=[32m"round"[39m
            [33mstroke-linejoin[39m=[32m"round"[39m
            [33mstroke-width[39m=[32m"2"[39m
            [33mviewBox[39m=[32m"0 0 24 24"[39m
            [33mwidth[39m=[32m"24"[39m
            [33mxmlns[39m=[32m"http://www.w3.org/2000/svg"[39m
          [36m>[39m
            [36m<path[39m
              [33md[39m=[32m"M5 12h14"[39m
            [36m/>[39m
            [36m<path[39m
              [33md[39m=[32m"M12 5v14"[39m
            [36m/>[39m
          [36m</svg>[39m
          [0m項目を追加[0m
        [36m</button>[39m
        [36m<div[39m
          [33mclass[39m=[32m"space-y-2 text-right"[39m
        [36m>[39m
          [36m<div>[39m
            [36m<label[39m
              [33mclass[39m=[32m"text-sm font-medium leading-none peer-disabled:cursor-not-allowed peer-disabled:opacity-70 mr-4"[39m
            [36m>[39m
              [0m小計:[0m
            [36m</label>[39m
            [36m<span>[39m
              [0m¥[0m
              [0m2,000[0m
            [36m</span>[39m
          [36m</div>[39m
          [36m<div>[39m
            [36m<label[39m
              [33mclass[39m=[32m"text-sm font-medium leading-none peer-disabled:cursor-not-allowed peer-disabled:opacity-70 mr-4"[39m
            [36m>[39m
              [0m消費税:[0m
            [36m</label>[39m
            [36m<span>[39m
              [0m¥[0m
              [0m200[0m
            [36m</span>[39m
          [36m</div>[39m
          [36m<div[39m
            [33mclass[39m=[32m"font-bold"[39m
          [36m>[39m
            [36m<label[39m
              [33mclass[39m=[32m"text-sm font-medium leading-none peer-disabled:cursor-not-allowed peer-disabled:opacity-70 mr-4"[39m
            [36m>[39m
              [0m合計:[0m
            [36m</label>[39m
            [36m<span>[39m
              [0m¥[0m
              [0m2,200[0m
            [36m</span>[39m
          [36m</div>[39m
        [36m</div>[39m
      [36m</div>[39m
    [36m</div>[39m
  [36m</div>[39m
[36m</body>[39m
   ❯ src/components/forms/__tests__/OrderItemsTable.test.tsx > OrderItemsTable > 読み取り専用モードで表示できること
     → Unable to find an accessible element with the role "textbox"

Here are the accessible roles:

  table:

  Name "":
  [36m<table[39m
    [33mclass[39m=[32m"w-full caption-bottom text-sm"[39m
  [36m/>[39m

  --------------------------------------------------
  rowgroup:

  Name "":
  [36m<thead[39m
    [33mclass[39m=[32m"[&_tr]:border-b"[39m
  [36m/>[39m

  Name "":
  [36m<tbody[39m
    [33mclass[39m=[32m"[&_tr:last-child]:border-0"[39m
  [36m/>[39m

  --------------------------------------------------
  row:

  Name "品目 説明 数量 単価 税率 小計":
  [36m<tr[39m
    [33mclass[39m=[32m"border-b transition-colors hover:bg-muted/50 data-[state=selected]:bg-muted"[39m
  [36m/>[39m

  --------------------------------------------------
  columnheader:

  Name "品目":
  [36m<th[39m
    [33mclass[39m=[32m"h-10 px-2 text-left align-middle font-medium text-muted-foreground [&:has([role=checkbox])]:pr-0 [&>[role=checkbox]]:translate-y-[2px]"[39m
  [36m/>[39m

  Name "説明":
  [36m<th[39m
    [33mclass[39m=[32m"h-10 px-2 text-left align-middle font-medium text-muted-foreground [&:has([role=checkbox])]:pr-0 [&>[role=checkbox]]:translate-y-[2px]"[39m
  [36m/>[39m

  Name "数量":
  [36m<th[39m
    [33mclass[39m=[32m"h-10 px-2 align-middle font-medium text-muted-foreground [&:has([role=checkbox])]:pr-0 [&>[role=checkbox]]:translate-y-[2px] text-right"[39m
  [36m/>[39m

  Name "単価":
  [36m<th[39m
    [33mclass[39m=[32m"h-10 px-2 align-middle font-medium text-muted-foreground [&:has([role=checkbox])]:pr-0 [&>[role=checkbox]]:translate-y-[2px] text-right"[39m
  [36m/>[39m

  Name "税率":
  [36m<th[39m
    [33mclass[39m=[32m"h-10 px-2 align-middle font-medium text-muted-foreground [&:has([role=checkbox])]:pr-0 [&>[role=checkbox]]:translate-y-[2px] text-right"[39m
  [36m/>[39m

  Name "小計":
  [36m<th[39m
    [33mclass[39m=[32m"h-10 px-2 align-middle font-medium text-muted-foreground [&:has([role=checkbox])]:pr-0 [&>[role=checkbox]]:translate-y-[2px] text-right"[39m
  [36m/>[39m

  Name "":
  [36m<th[39m
    [33mclass[39m=[32m"h-10 px-2 text-left align-middle font-medium text-muted-foreground [&:has([role=checkbox])]:pr-0 [&>[role=checkbox]]:translate-y-[2px]"[39m
  [36m/>[39m

  --------------------------------------------------

Ignored nodes: comments, script, style
[36m<body>[39m
  [36m<div>[39m
    [36m<div[39m
      [33mclass[39m=[32m"space-y-4"[39m
    [36m>[39m
      [36m<div[39m
        [33mclass[39m=[32m"max-h-[500px] overflow-auto"[39m
        [33mstyle[39m=[32m"height: 50px;"[39m
      [36m>[39m
        [36m<div[39m
          [33mclass[39m=[32m"relative w-full overflow-auto"[39m
        [36m>[39m
          [36m<table[39m
            [33mclass[39m=[32m"w-full caption-bottom text-sm"[39m
          [36m>[39m
            [36m<thead[39m
              [33mclass[39m=[32m"[&_tr]:border-b"[39m
            [36m>[39m
              [36m<tr[39m
                [33mclass[39m=[32m"border-b transition-colors hover:bg-muted/50 data-[state=selected]:bg-muted"[39m
              [36m>[39m
                [36m<th[39m
                  [33mclass[39m=[32m"h-10 px-2 text-left align-middle font-medium text-muted-foreground [&:has([role=checkbox])]:pr-0 [&>[role=checkbox]]:translate-y-[2px]"[39m
                [36m>[39m
                  [0m品目[0m
                [36m</th>[39m
                [36m<th[39m
                  [33mclass[39m=[32m"h-10 px-2 text-left align-middle font-medium text-muted-foreground [&:has([role=checkbox])]:pr-0 [&>[role=checkbox]]:translate-y-[2px]"[39m
                [36m>[39m
                  [0m説明[0m
                [36m</th>[39m
                [36m<th[39m
                  [33mclass[39m=[32m"h-10 px-2 align-middle font-medium text-muted-foreground [&:has([role=checkbox])]:pr-0 [&>[role=checkbox]]:translate-y-[2px] text-right"[39m
                [36m>[39m
                  [0m数量[0m
                [36m</th>[39m
                [36m<th[39m
                  [33mclass[39m=[32m"h-10 px-2 align-middle font-medium text-muted-foreground [&:has([role=checkbox])]:pr-0 [&>[role=checkbox]]:translate-y-[2px] text-right"[39m
                [36m>[39m
                  [0m単価[0m
                [36m</th>[39m
                [36m<th[39m
                  [33mclass[39m=[32m"h-10 px-2 align-middle font-medium text-muted-foreground [&:has([role=checkbox])]:pr-0 [&>[role=checkbox]]:translate-y-[2px] text-right"[39m
                [36m>[39m
                  [0m税率[0m
                [36m</th>[39m
                [36m<th[39m
                  [33mclass[39m=[32m"h-10 px-2 align-middle font-medium text-muted-foreground [&:has([role=checkbox])]:pr-0 [&>[role=checkbox]]:translate-y-[2px] text-right"[39m
                [36m>[39m
                  [0m小計[0m
                [36m</th>[39m
                [36m<th[39m
                  [33mclass[39m=[32m"h-10 px-2 text-left align-middle font-medium text-muted-foreground [&:has([role=checkbox])]:pr-0 [&>[role=checkbox]]:translate-y-[2px]"[39m
                [36m/>[39m
              [36m</tr>[39m
            [36m</thead>[39m
            [36m<tbody[39m
              [33mclass[39m=[32m"[&_tr:last-child]:border-0"[39m
            [36m>[39m
              [36m<div[39m
                [33mstyle[39m=[32m"height: 50px; width: 100%; position: relative;"[39m
              [36m/>[39m
            [36m</tbody>[39m
          [36m</table>[39m
        [36m</div>[39m
      [36m</div>[39m
      [36m<div[39m
        [33mclass[39m=[32m"flex justify-between"[39m
      [36m>[39m
        [36m<div[39m
          [33mclass[39m=[32m"space-y-2 text-right"[39m
        [36m>[39m
          [36m<div>[39m
            [36m<label[39m
              [33mclass[39m=[32m"text-sm font-medium leading-none peer-disabled:cursor-not-allowed peer-disabled:opacity-70 mr-4"[39m
            [36m>[39m
              [0m小計:[0m
            [36m</label>[39m
            [36m<span>[39m
              [0m¥[0m
              [0m2,000[0m
            [36m</span>[39m
          [36m</div>[39m
          [36m<div>[39m
            [36m<label[39m
              [33mclass[39m=[32m"text-sm font-medium leading-none peer-disabled:cursor-not-allowed peer-disabled:opacity-70 mr-4"[39m
            [36m>[39m
              [0m消費税:[0m
            [36m</label>[39m
            [36m<span>[39m
              [0m¥[0m
              [0m200[0m
            [36m</span>[39m
          [36m</div>[39m
          [36m<div[39m
            [33mclass[39m=[32m"font-bold"[39m
          [36m>[39m
            [36m<label[39m
              [33mclass[39m=[32m"text-sm font-medium leading-none peer-disabled:cursor-not-allowed peer-disabled:opacity-70 mr-4"[39m
            [36m>[39m
              [0m合計:[0m
            [36m</label>[39m
            [36m<span>[39m
              [0m¥[0m
              [0m2,200[0m
            [36m</span>[39m
          [36m</div>[39m
        [36m</div>[39m
      [36m</div>[39m
    [36m</div>[39m
  [36m</div>[39m
[36m</body>[39m
   ❯ src/components/forms/__tests__/OrderItemsTable.test.tsx > OrderItemsTable > 大量データを処理できること
     → expect(element).toHaveClass("max-h-[500px]")

Expected the element to have class:
  max-h-[500px]
Received:
  relative w-full overflow-auto
   ❯ src/components/forms/__tests__/OrderItemsTable.test.tsx > OrderItemsTable > バリデーションエラーが表示されること
     → Unable to find an element with the display value: 2.

Ignored nodes: comments, script, style
[36m<body>[39m
  [36m<div>[39m
    [36m<div[39m
      [33mclass[39m=[32m"space-y-4"[39m
    [36m>[39m
      [36m<div[39m
        [33mclass[39m=[32m"max-h-[500px] overflow-auto"[39m
        [33mstyle[39m=[32m"height: 50px;"[39m
      [36m>[39m
        [36m<div[39m
          [33mclass[39m=[32m"relative w-full overflow-auto"[39m
        [36m>[39m
          [36m<table[39m
            [33mclass[39m=[32m"w-full caption-bottom text-sm"[39m
          [36m>[39m
            [36m<thead[39m
              [33mclass[39m=[32m"[&_tr]:border-b"[39m
            [36m>[39m
              [36m<tr[39m
                [33mclass[39m=[32m"border-b transition-colors hover:bg-muted/50 data-[state=selected]:bg-muted"[39m
              [36m>[39m
                [36m<th[39m
                  [33mclass[39m=[32m"h-10 px-2 text-left align-middle font-medium text-muted-foreground [&:has([role=checkbox])]:pr-0 [&>[role=checkbox]]:translate-y-[2px]"[39m
                [36m>[39m
                  [0m品目[0m
                [36m</th>[39m
                [36m<th[39m
                  [33mclass[39m=[32m"h-10 px-2 text-left align-middle font-medium text-muted-foreground [&:has([role=checkbox])]:pr-0 [&>[role=checkbox]]:translate-y-[2px]"[39m
                [36m>[39m
                  [0m説明[0m
                [36m</th>[39m
                [36m<th[39m
                  [33mclass[39m=[32m"h-10 px-2 align-middle font-medium text-muted-foreground [&:has([role=checkbox])]:pr-0 [&>[role=checkbox]]:translate-y-[2px] text-right"[39m
                [36m>[39m
                  [0m数量[0m
                [36m</th>[39m
                [36m<th[39m
                  [33mclass[39m=[32m"h-10 px-2 align-middle font-medium text-muted-foreground [&:has([role=checkbox])]:pr-0 [&>[role=checkbox]]:translate-y-[2px] text-right"[39m
                [36m>[39m
                  [0m単価[0m
                [36m</th>[39m
                [36m<th[39m
                  [33mclass[39m=[32m"h-10 px-2 align-middle font-medium text-muted-foreground [&:has([role=checkbox])]:pr-0 [&>[role=checkbox]]:translate-y-[2px] text-right"[39m
                [36m>[39m
                  [0m税率[0m
                [36m</th>[39m
                [36m<th[39m
                  [33mclass[39m=[32m"h-10 px-2 align-middle font-medium text-muted-foreground [&:has([role=checkbox])]:pr-0 [&>[role=checkbox]]:translate-y-[2px] text-right"[39m
                [36m>[39m
                  [0m小計[0m
                [36m</th>[39m
                [36m<th[39m
                  [33mclass[39m=[32m"h-10 px-2 text-left align-middle font-medium text-muted-foreground [&:has([role=checkbox])]:pr-0 [&>[role=checkbox]]:translate-y-[2px]"[39m
                [36m/>[39m
              [36m</tr>[39m
            [36m</thead>[39m
            [36m<tbody[39m
              [33mclass[39m=[32m"[&_tr:last-child]:border-0"[39m
            [36m>[39m
              [36m<div[39m
                [33mstyle[39m=[32m"height: 50px; width: 100%; position: relative;"[39m
              [36m/>[39m
            [36m</tbody>[39m
          [36m</table>[39m
        [36m</div>[39m
      [36m</div>[39m
      [36m<div[39m
        [33mclass[39m=[32m"flex justify-between"[39m
      [36m>[39m
        [36m<button[39m
          [33mclass[39m=[32m"inline-flex items-center justify-center rounded-md text-sm font-medium transition-colors focus-visible:outline-none focus-visible:ring-2 focus-visible:ring-ring focus-visible:ring-offset-2 disabled:opacity-50 disabled:pointer-events-none ring-offset-background border border-input hover:bg-accent hover:text-accent-foreground h-10 py-2 px-4"[39m
          [33mtype[39m=[32m"button"[39m
        [36m>[39m
          [36m<svg[39m
            [33mclass[39m=[32m"h-4 w-4 mr-2"[39m
            [33mfill[39m=[32m"none"[39m
            [33mheight[39m=[32m"24"[39m
            [33mstroke[39m=[32m"currentColor"[39m
            [33mstroke-linecap[39m=[32m"round"[39m
            [33mstroke-linejoin[39m=[32m"round"[39m
            [33mstroke-width[39m=[32m"2"[39m
            [33mviewBox[39m=[32m"0 0 24 24"[39m
            [33mwidth[39m=[32m"24"[39m
            [33mxmlns[39m=[32m"http://www.w3.org/2000/svg"[39m
          [36m>[39m
            [36m<path[39m
              [33md[39m=[32m"M5 12h14"[39m
            [36m/>[39m
            [36m<path[39m
              [33md[39m=[32m"M12 5v14"[39m
            [36m/>[39m
          [36m</svg>[39m
          [0m項目を追加[0m
        [36m</button>[39m
        [36m<div[39m
          [33mclass[39m=[32m"space-y-2 text-right"[39m
        [36m>[39m
          [36m<div>[39m
            [36m<label[39m
              [33mclass[39m=[32m"text-sm font-medium leading-none peer-disabled:cursor-not-allowed peer-disabled:opacity-70 mr-4"[39m
            [36m>[39m
              [0m小計:[0m
            [36m</label>[39m
            [36m<span>[39m
              [0m¥[0m
              [0m2,000[0m
            [36m</span>[39m
          [36m</div>[39m
          [36m<div>[39m
            [36m<label[39m
              [33mclass[39m=[32m"text-sm font-medium leading-none peer-disabled:cursor-not-allowed peer-disabled:opacity-70 mr-4"[39m
            [36m>[39m
              [0m消費税:[0m
            [36m</label>[39m
            [36m<span>[39m
              [0m¥[0m
              [0m200[0m
            [36m</span>[39m
          [36m</div>[39m
          [36m<div[39m
            [33mclass[39m=[32m"font-bold"[39m
          [36m>[39m
            [36m<label[39m
              [33mclass[39m=[32m"text-sm font-medium leading-none peer-disabled:cursor-not-allowed peer-disabled:opacity-70 mr-4"[39m
            [36m>[39m
              [0m合計:[0m
            [36m</label>[39m
            [36m<span>[39m
              [0m¥[0m
              [0m2,200[0m
            [36m</span>[39m
          [36m</div>[39m
        [36m</div>[39m
      [36m</div>[39m
    [36m</div>[39m
  [36m</div>[39m
[36m</body>[39m
 ❯ src/app/api/cron/__tests__/check-invoices.test.ts  (0 test)
 ❯ src/components/status/__tests__/StatusNotification.test.tsx  (7 tests | 1 failed) 157ms
   ❯ src/components/status/__tests__/StatusNotification.test.tsx > StatusNotification > 受信者が選択できる
     → expect(element).not.toBeDisabled()

Received element is disabled:
  <button
  class="inline-flex items-center justify-center rounded-md text-sm font-medium transition-colors focus-visible:outline-none focus-visible:ring-2 focus-visible:ring-ring focus-visible:ring-offset-2 disabled:opacity-50 disabled:pointer-events-none ring-offset-background bg-primary text-primary-foreground hover:bg-primary/90 h-10 py-2 px-4 w-full"
  disabled=""
/>
 ❯ src/domains/invoice/__tests__/service.test.ts  (5 tests | 3 failed) 8ms
   ❯ src/domains/invoice/__tests__/service.test.ts > InvoiceService > updateStatus > should update status for valid transition
     → No action defined for status: PENDING
   ❯ src/domains/invoice/__tests__/service.test.ts > InvoiceService > updateStatus > should send notification email for specific statuses
     → No action defined for status: PENDING
   ❯ src/domains/invoice/__tests__/service.test.ts > InvoiceService > updateStatus > should throw error for invalid transition
     → expected [Function] to throw error including 'Invalid status transition' but got 'Permission denied for status update'
 ❯ src/app/api/cron/__tests__/check-purchase-orders.test.ts  (0 test)
 ✓ src/app/api/dashboard/upcoming-payments/__tests__/route.test.ts  (4 tests) 13ms
 ❯ src/lib/auth/__tests__/session-manager.test.ts  (0 test)
 ❯ src/types/validation/__tests__/number.test.ts  (16 tests | 10 failed) 10ms
   ❯ src/types/validation/__tests__/number.test.ts > numberValidation > quantity > 0以下の場合エラーになる
     → expected '0より大きい値を入力してください' to be '1以上の数値を入力してください' // Object.is equality
   ❯ src/types/validation/__tests__/number.test.ts > numberValidation > quantity > 最大値を超える場合エラーになる
     → expected true to be false // Object.is equality
   ❯ src/types/validation/__tests__/number.test.ts > numberValidation > taxRate > 10%（0.1）以上の値の場合バリデーションが通る
     → Cannot read properties of undefined (reading 'safeParse')
   ❯ src/types/validation/__tests__/number.test.ts > numberValidation > taxRate > 10%未満の値の場合エラーになる
     → Cannot read properties of undefined (reading 'safeParse')
   ❯ src/types/validation/__tests__/number.test.ts > numberValidation > taxRate > 100%（1.0）の場合バリデーションが通る
     → Cannot read properties of undefined (reading 'safeParse')
   ❯ src/types/validation/__tests__/number.test.ts > numberValidation > taxRate > 100%を超える値の場合エラーになる
     → Cannot read properties of undefined (reading 'safeParse')
   ❯ src/types/validation/__tests__/number.test.ts > numberValidation > taxRate > 小数点以下2桁に丸められる
     → Cannot read properties of undefined (reading 'safeParse')
   ❯ src/types/validation/__tests__/number.test.ts > numberValidation > positivePrice > 0の場合エラーになる
     → expected '0より大きい値を入力してください' to be '1以上の数値を入力してください' // Object.is equality
   ❯ src/types/validation/__tests__/number.test.ts > numberValidation > positivePrice > 負の数の場合エラーになる
     → expected '0より大きい値を入力してください' to be '1以上の数値を入力してください' // Object.is equality
   ❯ src/types/validation/__tests__/number.test.ts > numberValidation > positivePrice > 最大値を超える場合エラーになる
     → expected '999999999以下の値を入力してください' to be '999999999以下の数値を入力してください' // Object.is equality
 ❯ src/components/invoice/__tests__/InvoiceForm.test.tsx  (7 tests | 6 failed) 2498ms
   ❯ src/components/invoice/__tests__/InvoiceForm.test.tsx > InvoiceForm > 初期表示時に必要なフィールドが表示されること
     → Found a label with the text of: /ステータス/i, however no form control was found associated to that label. Make sure you're using the "for" attribute or "aria-labelledby" attribute correctly.

Ignored nodes: comments, script, style
[36m<body>[39m
  [36m<div>[39m
    [36m<form[39m
      [33mclass[39m=[32m"space-y-6"[39m
    [36m>[39m
      [36m<div[39m
        [33mclass[39m=[32m"space-y-4"[39m
      [36m>[39m
        [36m<div[39m
          [33mclass[39m=[32m""[39m
        [36m>[39m
          [36m<label[39m
            [33mclass[39m=[32m"text-sm font-medium leading-none peer-disabled:cursor-not-allowed peer-disabled:opacity-70"[39m
          [36m>[39m
            [0mステータス[0m
            [36m<span[39m
              [33mclass[39m=[32m"text-red-500 ml-1"[39m
            [36m>[39m
              [0m*[0m
            [36m</span>[39m
          [36m</label>[39m
          [36m<button[39m
            [33maria-autocomplete[39m=[32m"none"[39m
            [33maria-controls[39m=[32m"radix-:r0:"[39m
            [33maria-expanded[39m=[32m"false"[39m
            [33mclass[39m=[32m"flex h-10 w-full items-center justify-between rounded-md border border-input bg-transparent px-3 py-2 text-sm ring-offset-background placeholder:text-muted-foreground focus:outline-none focus:ring-2 focus:ring-ring focus:ring-offset-2 disabled:cursor-not-allowed disabled:opacity-50"[39m
            [33mdata-state[39m=[32m"closed"[39m
            [33mdir[39m=[32m"ltr"[39m
            [33mrole[39m=[32m"combobox"[39m
            [33mtype[39m=[32m"button"[39m
          [36m>[39m
            [36m<span[39m
              [33mstyle[39m=[32m"pointer-events: none;"[39m
            [36m/>[39m
            [36m<svg[39m
              [33mclass[39m=[32m"h-4 w-4 opacity-50"[39m
              [33mfill[39m=[32m"none"[39m
              [33mheight[39m=[32m"24"[39m
              [33mstroke[39m=[32m"currentColor"[39m
              [33mstroke-linecap[39m=[32m"round"[39m
              [33mstroke-linejoin[39m=[32m"round"[39m
              [33mstroke-width[39m=[32m"2"[39m
              [33mviewBox[39m=[32m"0 0 24 24"[39m
              [33mwidth[39m=[32m"24"[39m
              [33mxmlns[39m=[32m"http://www.w3.org/2000/svg"[39m
            [36m>[39m
              [36m<path[39m
                [33md[39m=[32m"m6 9 6 6 6-6"[39m
              [36m/>[39m
            [36m</svg>[39m
          [36m</button>[39m
        [36m</div>[39m
        [36m<div[39m
          [33mclass[39m=[32m""[39m
        [36m>[39m
          [36m<label[39m
            [33mclass[39m=[32m"text-sm font-medium leading-none peer-disabled:cursor-not-allowed peer-disabled:opacity-70"[39m
          [36m>[39m
            [0m発行日[0m
            [36m<span[39m
              [33mclass[39m=[32m"text-red-500 ml-1"[39m
            [36m>[39m
              [0m*[0m
            [36m</span>[39m
          [36m</label>[39m
          [36m<input[39m
            [33mclass[39m=[32m"flex h-10 w-full rounded-md border border-input bg-background px-3 py-2 text-sm ring-offset-background file:border-0 file:bg-transparent file:text-sm file:font-medium placeholder:text-muted-foreground focus-visible:outline-none focus-visible:ring-2 focus-visible:ring-ring focus-visible:ring-offset-2 disabled:cursor-not-allowed disabled:opacity-50"[39m
            [33mtype[39m=[32m"date"[39m
            [33mvalue[39m=[32m"2025-02-03"[39m
          [36m/>[39m
        [36m</div>[39m
        [36m<div[39m
          [33mclass[39m=[32m""[39m
        [36m>[39m
          [36m<label[39m
            [33mclass[39m=[32m"text-sm font-medium leading-none peer-disabled:cursor-not-allowed peer-disabled:opacity-70"[39m
          [36m>[39m
            [0m支払期限[0m
            [36m<span[39m
              [33mclass[39m=[32m"text-red-500 ml-1"[39m
            [36m>[39m
              [0m*[0m
            [36m</span>[39m
          [36m</label>[39m
          [36m<input[39m
            [33mclass[39m=[32m"flex h-10 w-full rounded-md border border-input bg-background px-3 py-2 text-sm ring-offset-background file:border-0 file:bg-transparent file:text-sm file:font-medium placeholder:text-muted-foreground focus-visible:outline-none focus-visible:ring-2 focus-visible:ring-ring focus-visible:ring-offset-2 disabled:cursor-not-allowed disabled:opacity-50"[39m
            [33mtype[39m=[32m"date"[39m
            [33mvalue[39m=[32m"2025-03-05"[39m
          [36m/>[39m
        [36m</div>[39m
        [36m<div[39m
          [33mclass[39m=[32m"space-y-2"[39m
        [36m>[39m
          [36m<label[39m
            [33mclass[39m=[32m"text-sm font-medium leading-none peer-disabled:cursor-not-allowed peer-disabled:opacity-70"[39m
            [33mfor[39m=[32m":r1:-form-item"[39m
          [36m>[39m
            [0m登録番号[0m
            [36m<span[39m
              [33mclass[39m=[32m"text-red-500 ml-1"[39m
            [36m>[39m
              [0m*[0m
            [36m</span>[39m
          [36m</label>[39m
          [36m<input[39m
            [33maria-describedby[39m=[32m":r1:-form-item-description"[39m
            [33maria-invalid[39m=[32m"false"[39m
            [33mclass[39m=[32m"flex h-10 w-full rounded-md border border-input bg-background px-3 py-2 text-sm ring-offset-background file:border-0 file:bg-transparent file:text-sm file:font-medium placeholder:text-muted-foreground focus-visible:outline-none focus-visible:ring-2 focus-visible:ring-ring focus-visible:ring-offset-2 disabled:cursor-not-allowed disabled:opacity-50"[39m
            [33mid[39m=[32m":r1:-form-item"[39m
            [33mname[39m=[32m"registrationNumber"[39m
            [33mtype[39m=[32m"text"[39m
            [33mvalue[39m=[32m"T0000000000000"[39m
          [36m/>[39m
        [36m</div>[39m
        [36m<div[39m
          [33mclass[39m=[32m"space-y-2"[39m
        [36m>[39m
          [36m<label[39m
            [33mclass[39m=[32m"text-sm font-medium leading-none peer-disabled:cursor-not-allowed peer-disabled:opacity-70"[39m
            [33mfor[39m=[32m":r2:-form-item"[39m
          [36m>[39m
            [0m備考[0m
          [36m</label>[39m
          [36m<input[39m
            [33maria-describedby[39m=[32m":r2:-form-item-description"[39m
            [33maria-invalid[39m=[32m"false"[39m
            [33mclass[39m=[32m"flex h-10 w-full rounded-md border border-input bg-background px-3 py-2 text-sm ring-offset-background file:border-0 file:bg-transparent file:text-sm file:font-medium placeholder:text-muted-foreground focus-visible:outline-none focus-visible:ring-2 focus-visible:ring-ring focus-visible:ring-offset-2 disabled:cursor-not-allowed disabled:opacity-50"[39m
            [33mid[39m=[32m":r2:-form-item"[39m
            [33mname[39m=[32m"notes"[39m
            [33mtype[39m=[32m"text"[39m
            [33mvalue[39m=[32m""[39m
          [36m/>[39m
        [36m</div>[39m
        [36m<div[39m
          [33mclass[39m=[32m"space-y-4"[39m
        [36m>[39m
        ...
   ❯ src/components/invoice/__tests__/InvoiceForm.test.tsx > InvoiceForm > 登録番号のバリデーションが正しく機能すること
     → Unable to find an element with the text: /登録番号はTで始まる13桁の数字である必要があります/i. This could be because the text is broken up by multiple elements. In this case, you can provide a function for your text matcher to make your matcher more flexible.

Ignored nodes: comments, script, style
[36m<body>[39m
  [36m<div>[39m
    [36m<form[39m
      [33mclass[39m=[32m"space-y-6"[39m
    [36m>[39m
      [36m<div[39m
        [33mclass[39m=[32m"space-y-4"[39m
      [36m>[39m
        [36m<div[39m
          [33mclass[39m=[32m""[39m
        [36m>[39m
          [36m<label[39m
            [33mclass[39m=[32m"text-sm font-medium leading-none peer-disabled:cursor-not-allowed peer-disabled:opacity-70"[39m
          [36m>[39m
            [0mステータス[0m
            [36m<span[39m
              [33mclass[39m=[32m"text-red-500 ml-1"[39m
            [36m>[39m
              [0m*[0m
            [36m</span>[39m
          [36m</label>[39m
          [36m<button[39m
            [33maria-autocomplete[39m=[32m"none"[39m
            [33maria-controls[39m=[32m"radix-:rs:"[39m
            [33maria-expanded[39m=[32m"false"[39m
            [33mclass[39m=[32m"flex h-10 w-full items-center justify-between rounded-md border border-input bg-transparent px-3 py-2 text-sm ring-offset-background placeholder:text-muted-foreground focus:outline-none focus:ring-2 focus:ring-ring focus:ring-offset-2 disabled:cursor-not-allowed disabled:opacity-50"[39m
            [33mdata-state[39m=[32m"closed"[39m
            [33mdir[39m=[32m"ltr"[39m
            [33mrole[39m=[32m"combobox"[39m
            [33mtype[39m=[32m"button"[39m
          [36m>[39m
            [36m<span[39m
              [33mstyle[39m=[32m"pointer-events: none;"[39m
            [36m/>[39m
            [36m<svg[39m
              [33mclass[39m=[32m"h-4 w-4 opacity-50"[39m
              [33mfill[39m=[32m"none"[39m
              [33mheight[39m=[32m"24"[39m
              [33mstroke[39m=[32m"currentColor"[39m
              [33mstroke-linecap[39m=[32m"round"[39m
              [33mstroke-linejoin[39m=[32m"round"[39m
              [33mstroke-width[39m=[32m"2"[39m
              [33mviewBox[39m=[32m"0 0 24 24"[39m
              [33mwidth[39m=[32m"24"[39m
              [33mxmlns[39m=[32m"http://www.w3.org/2000/svg"[39m
            [36m>[39m
              [36m<path[39m
                [33md[39m=[32m"m6 9 6 6 6-6"[39m
              [36m/>[39m
            [36m</svg>[39m
          [36m</button>[39m
        [36m</div>[39m
        [36m<div[39m
          [33mclass[39m=[32m""[39m
        [36m>[39m
          [36m<label[39m
            [33mclass[39m=[32m"text-sm font-medium leading-none peer-disabled:cursor-not-allowed peer-disabled:opacity-70"[39m
          [36m>[39m
            [0m発行日[0m
            [36m<span[39m
              [33mclass[39m=[32m"text-red-500 ml-1"[39m
            [36m>[39m
              [0m*[0m
            [36m</span>[39m
          [36m</label>[39m
          [36m<input[39m
            [33mclass[39m=[32m"flex h-10 w-full rounded-md border border-input bg-background px-3 py-2 text-sm ring-offset-background file:border-0 file:bg-transparent file:text-sm file:font-medium placeholder:text-muted-foreground focus-visible:outline-none focus-visible:ring-2 focus-visible:ring-ring focus-visible:ring-offset-2 disabled:cursor-not-allowed disabled:opacity-50"[39m
            [33mtype[39m=[32m"date"[39m
            [33mvalue[39m=[32m"2025-02-03"[39m
          [36m/>[39m
        [36m</div>[39m
        [36m<div[39m
          [33mclass[39m=[32m""[39m
        [36m>[39m
          [36m<label[39m
            [33mclass[39m=[32m"text-sm font-medium leading-none peer-disabled:cursor-not-allowed peer-disabled:opacity-70"[39m
          [36m>[39m
            [0m支払期限[0m
            [36m<span[39m
              [33mclass[39m=[32m"text-red-500 ml-1"[39m
            [36m>[39m
              [0m*[0m
            [36m</span>[39m
          [36m</label>[39m
          [36m<input[39m
            [33mclass[39m=[32m"flex h-10 w-full rounded-md border border-input bg-background px-3 py-2 text-sm ring-offset-background file:border-0 file:bg-transparent file:text-sm file:font-medium placeholder:text-muted-foreground focus-visible:outline-none focus-visible:ring-2 focus-visible:ring-ring focus-visible:ring-offset-2 disabled:cursor-not-allowed disabled:opacity-50"[39m
            [33mtype[39m=[32m"date"[39m
            [33mvalue[39m=[32m"2025-03-05"[39m
          [36m/>[39m
        [36m</div>[39m
        [36m<div[39m
          [33mclass[39m=[32m"space-y-2"[39m
        [36m>[39m
          [36m<label[39m
            [33mclass[39m=[32m"text-sm font-medium leading-none peer-disabled:cursor-not-allowed peer-disabled:opacity-70"[39m
            [33mfor[39m=[32m":rt:-form-item"[39m
          [36m>[39m
            [0m登録番号[0m
            [36m<span[39m
              [33mclass[39m=[32m"text-red-500 ml-1"[39m
            [36m>[39m
              [0m*[0m
            [36m</span>[39m
          [36m</label>[39m
          [36m<input[39m
            [33maria-describedby[39m=[32m":rt:-form-item-description"[39m
            [33maria-invalid[39m=[32m"false"[39m
            [33mclass[39m=[32m"flex h-10 w-full rounded-md border border-input bg-background px-3 py-2 text-sm ring-offset-background file:border-0 file:bg-transparent file:text-sm file:font-medium placeholder:text-muted-foreground focus-visible:outline-none focus-visible:ring-2 focus-visible:ring-ring focus-visible:ring-offset-2 disabled:cursor-not-allowed disabled:opacity-50"[39m
            [33mid[39m=[32m":rt:-form-item"[39m
            [33mname[39m=[32m"registrationNumber"[39m
            [33mtype[39m=[32m"text"[39m
            [33mvalue[39m=[32m"T0000000000000invalid"[39m
          [36m/>[39m
        [36m</div>[39m
        [36m<div[39m
          [33mclass[39m=[32m"space-y-2"[39m
        [36m>[39m
          [36m<label[39m
            [33mclass[39m=[32m"text-sm font-medium leading-none peer-disabled:cursor-not-allowed peer-disabled:opacity-70"[39m
            [33mfor[39m=[32m":ru:-form-item"[39m
          [36m>[39m
            [0m備考[0m
          [36m</label>[39m
          [36m<input[39m
            [33maria-describedby[39m=[32m":ru:-form-item-description"[39m
            [33maria-invalid[39m=[32m"false"[39m
            [33mclass[39m=[32m"flex h-10 w-full rounded-md border border-input bg-background px-3 py-2 text-sm ring-offset-background file:border-0 file:bg-transparent file:text-sm file:font-medium placeholder:text-muted-foreground focus-visible:outline-none focus-visible:ring-2 focus-visible:ring-ring focus-visible:ring-offset-2 disabled:cursor-not-allowed disabled:opacity-50"[39m
            [33mid[39m=[32m":ru:-form-item"[39m
            [33mname[39m=[32m"notes"[39m
            [33mtype[39m=[32m"text"[39m
            [33mvalue[39m=[32m""[39m
          [36m/>[39m
        [36m</div>[39m
        [36m<div[39m
          [33mclass[39m=[32m"space-y-4"[39m
        [36m>[39m
 ...

Ignored nodes: comments, script, style
[36m<html>[39m
  [36m<head />[39m
  [36m<body>[39m
    [36m<div>[39m
      [36m<form[39m
        [33mclass[39m=[32m"space-y-6"[39m
      [36m>[39m
        [36m<div[39m
          [33mclass[39m=[32m"space-y-4"[39m
        [36m>[39m
          [36m<div[39m
            [33mclass[39m=[32m""[39m
          [36m>[39m
            [36m<label[39m
              [33mclass[39m=[32m"text-sm font-medium leading-none peer-disabled:cursor-not-allowed peer-disabled:opacity-70"[39m
            [36m>[39m
              [0mステータス[0m
              [36m<span[39m
                [33mclass[39m=[32m"text-red-500 ml-1"[39m
              [36m>[39m
                [0m*[0m
              [36m</span>[39m
            [36m</label>[39m
            [36m<button[39m
              [33maria-autocomplete[39m=[32m"none"[39m
              [33maria-controls[39m=[32m"radix-:rs:"[39m
              [33maria-expanded[39m=[32m"false"[39m
              [33mclass[39m=[32m"flex h-10 w-full items-center justify-between rounded-md border border-input bg-transparent px-3 py-2 text-sm ring-offset-background placeholder:text-muted-foreground focus:outline-none focus:ring-2 focus:ring-ring focus:ring-offset-2 disabled:cursor-not-allowed disabled:opacity-50"[39m
              [33mdata-state[39m=[32m"closed"[39m
              [33mdir[39m=[32m"ltr"[39m
              [33mrole[39m=[32m"combobox"[39m
              [33mtype[39m=[32m"button"[39m
            [36m>[39m
              [36m<span[39m
                [33mstyle[39m=[32m"pointer-events: none;"[39m
              [36m/>[39m
              [36m<svg[39m
                [33mclass[39m=[32m"h-4 w-4 opacity-50"[39m
                [33mfill[39m=[32m"none"[39m
                [33mheight[39m=[32m"24"[39m
                [33mstroke[39m=[32m"currentColor"[39m
                [33mstroke-linecap[39m=[32m"round"[39m
                [33mstroke-linejoin[39m=[32m"round"[39m
                [33mstroke-width[39m=[32m"2"[39m
                [33mviewBox[39m=[32m"0 0 24 24"[39m
                [33mwidth[39m=[32m"24"[39m
                [33mxmlns[39m=[32m"http://www.w3.org/2000/svg"[39m
              [36m>[39m
                [36m<path[39m
                  [33md[39m=[32m"m6 9 6 6 6-6"[39m
                [36m/>[39m
              [36m</svg>[39m
            [36m</button>[39m
          [36m</div>[39m
          [36m<div[39m
            [33mclass[39m=[32m""[39m
          [36m>[39m
            [36m<label[39m
              [33mclass[39m=[32m"text-sm font-medium leading-none peer-disabled:cursor-not-allowed peer-disabled:opacity-70"[39m
            [36m>[39m
              [0m発行日[0m
              [36m<span[39m
                [33mclass[39m=[32m"text-red-500 ml-1"[39m
              [36m>[39m
                [0m*[0m
              [36m</span>[39m
            [36m</label>[39m
            [36m<input[39m
              [33mclass[39m=[32m"flex h-10 w-full rounded-md border border-input bg-background px-3 py-2 text-sm ring-offset-background file:border-0 file:bg-transparent file:text-sm file:font-medium placeholder:text-muted-foreground focus-visible:outline-none focus-visible:ring-2 focus-visible:ring-ring focus-visible:ring-offset-2 disabled:cursor-not-allowed disabled:opacity-50"[39m
              [33mtype[39m=[32m"date"[39m
              [33mvalue[39m=[32m"2025-02-03"[39m
            [36m/>[39m
          [36m</div>[39m
          [36m<div[39m
            [33mclass[39m=[32m""[39m
          [36m>[39m
            [36m<label[39m
              [33mclass[39m=[32m"text-sm font-medium leading-none peer-disabled:cursor-not-allowed peer-disabled:opacity-70"[39m
            [36m>[39m
              [0m支払期限[0m
              [36m<span[39m
                [33mclass[39m=[32m"text-red-500 ml-1"[39m
              [36m>[39m
                [0m*[0m
              [36m</span>[39m
            [36m</label>[39m
            [36m<input[39m
              [33mclass[39m=[32m"flex h-10 w-full rounded-md border border-input bg-background px-3 py-2 text-sm ring-offset-background file:border-0 file:bg-transparent file:text-sm file:font-medium placeholder:text-muted-foreground focus-visible:outline-none focus-visible:ring-2 focus-visible:ring-ring focus-visible:ring-offset-2 disabled:cursor-not-allowed disabled:opacity-50"[39m
              [33mtype[39m=[32m"date"[39m
              [33mvalue[39m=[32m"2025-03-05"[39m
            [36m/>[39m
          [36m</div>[39m
          [36m<div[39m
            [33mclass[39m=[32m"space-y-2"[39m
          [36m>[39m
            [36m<label[39m
              [33mclass[39m=[32m"text-sm font-medium leading-none peer-disabled:cursor-not-allowed peer-disabled:opacity-70"[39m
              [33mfor[39m=[32m":rt:-form-item"[39m
            [36m>[39m
              [0m登録番号[0m
              [36m<span[39m
                [33mclass[39m=[32m"text-red-500 ml-1"[39m
              [36m>[39m
                [0m*[0m
              [36m</span>[39m
            [36m</label>[39m
            [36m<input[39m
              [33maria-describedby[39m=[32m":rt:-form-item-description"[39m
              [33maria-invalid[39m=[32m"false"[39m
              [33mclass[39m=[32m"flex h-10 w-full rounded-md border border-input bg-background px-3 py-2 text-sm ring-offset-background file:border-0 file:bg-transparent file:text-sm file:font-medium placeholder:text-muted-foreground focus-visible:outline-none focus-visible:ring-2 focus-visible:ring-ring focus-visible:ring-offset-2 disabled:cursor-not-allowed disabled:opacity-50"[39m
              [33mid[39m=[32m":rt:-form-item"[39m
              [33mname[39m=[32m"registrationNumber"[39m
              [33mtype[39m=[32m"text"[39m
              [33mvalue[39m=[32m"T0000000000000invalid"[39m
            [36m/>[39m
          [36m</div>[39m
          [36m<div[39m
            [33mclass[39m=[32m"space-y-2"[39m
          [36m>[39m
            [36m<label[39m
              [33mclass[39m=[32m"text-sm font-medium leading-none peer-disabled:cursor-not-allowed peer-disabled:opacity-70"[39m
              [33mfor[39m=[32m":ru:-form-item"[39m
            [36m>[39m
              [0m備考[0m
            [36m</label>[39m
            [36m<input[39m
              [33maria-describedby[39m=[32m":ru:-form-item-description"[39m
              [33maria-invalid[39m=[32m"false"[39m
              [33mclass[39m=[32m"flex h-10 w-full rounded-md border border-input bg-background px-3 py-2 text-sm ring-offset-background file:border-0 file:bg-transparent file:text-sm file:font-medium placeholder:text-muted-foreground focus-visible:outline-none focus-visible:ring-2 focus-visible:ring-ring focus-visible:ring-offset-2 disabled:cursor-not-allowed disabled:opacity-50"[39m
              [33mid[39m=[3...
   ❯ src/components/invoice/__tests__/InvoiceForm.test.tsx > InvoiceForm > 品目の税率選択が正しく機能すること
     → Found a label with the text of: /税率/i, however no form control was found associated to that label. Make sure you're using the "for" attribute or "aria-labelledby" attribute correctly.

Ignored nodes: comments, script, style
[36m<body>[39m
  [36m<div>[39m
    [36m<form[39m
      [33mclass[39m=[32m"space-y-6"[39m
    [36m>[39m
      [36m<div[39m
        [33mclass[39m=[32m"space-y-4"[39m
      [36m>[39m
        [36m<div[39m
          [33mclass[39m=[32m""[39m
        [36m>[39m
          [36m<label[39m
            [33mclass[39m=[32m"text-sm font-medium leading-none peer-disabled:cursor-not-allowed peer-disabled:opacity-70"[39m
          [36m>[39m
            [0mステータス[0m
            [36m<span[39m
              [33mclass[39m=[32m"text-red-500 ml-1"[39m
            [36m>[39m
              [0m*[0m
            [36m</span>[39m
          [36m</label>[39m
          [36m<button[39m
            [33maria-autocomplete[39m=[32m"none"[39m
            [33maria-controls[39m=[32m"radix-:r1o:"[39m
            [33maria-expanded[39m=[32m"false"[39m
            [33mclass[39m=[32m"flex h-10 w-full items-center justify-between rounded-md border border-input bg-transparent px-3 py-2 text-sm ring-offset-background placeholder:text-muted-foreground focus:outline-none focus:ring-2 focus:ring-ring focus:ring-offset-2 disabled:cursor-not-allowed disabled:opacity-50"[39m
            [33mdata-state[39m=[32m"closed"[39m
            [33mdir[39m=[32m"ltr"[39m
            [33mrole[39m=[32m"combobox"[39m
            [33mtype[39m=[32m"button"[39m
          [36m>[39m
            [36m<span[39m
              [33mstyle[39m=[32m"pointer-events: none;"[39m
            [36m/>[39m
            [36m<svg[39m
              [33mclass[39m=[32m"h-4 w-4 opacity-50"[39m
              [33mfill[39m=[32m"none"[39m
              [33mheight[39m=[32m"24"[39m
              [33mstroke[39m=[32m"currentColor"[39m
              [33mstroke-linecap[39m=[32m"round"[39m
              [33mstroke-linejoin[39m=[32m"round"[39m
              [33mstroke-width[39m=[32m"2"[39m
              [33mviewBox[39m=[32m"0 0 24 24"[39m
              [33mwidth[39m=[32m"24"[39m
              [33mxmlns[39m=[32m"http://www.w3.org/2000/svg"[39m
            [36m>[39m
              [36m<path[39m
                [33md[39m=[32m"m6 9 6 6 6-6"[39m
              [36m/>[39m
            [36m</svg>[39m
          [36m</button>[39m
        [36m</div>[39m
        [36m<div[39m
          [33mclass[39m=[32m""[39m
        [36m>[39m
          [36m<label[39m
            [33mclass[39m=[32m"text-sm font-medium leading-none peer-disabled:cursor-not-allowed peer-disabled:opacity-70"[39m
          [36m>[39m
            [0m発行日[0m
            [36m<span[39m
              [33mclass[39m=[32m"text-red-500 ml-1"[39m
            [36m>[39m
              [0m*[0m
            [36m</span>[39m
          [36m</label>[39m
          [36m<input[39m
            [33mclass[39m=[32m"flex h-10 w-full rounded-md border border-input bg-background px-3 py-2 text-sm ring-offset-background file:border-0 file:bg-transparent file:text-sm file:font-medium placeholder:text-muted-foreground focus-visible:outline-none focus-visible:ring-2 focus-visible:ring-ring focus-visible:ring-offset-2 disabled:cursor-not-allowed disabled:opacity-50"[39m
            [33mtype[39m=[32m"date"[39m
            [33mvalue[39m=[32m"2025-02-03"[39m
          [36m/>[39m
        [36m</div>[39m
        [36m<div[39m
          [33mclass[39m=[32m""[39m
        [36m>[39m
          [36m<label[39m
            [33mclass[39m=[32m"text-sm font-medium leading-none peer-disabled:cursor-not-allowed peer-disabled:opacity-70"[39m
          [36m>[39m
            [0m支払期限[0m
            [36m<span[39m
              [33mclass[39m=[32m"text-red-500 ml-1"[39m
            [36m>[39m
              [0m*[0m
            [36m</span>[39m
          [36m</label>[39m
          [36m<input[39m
            [33mclass[39m=[32m"flex h-10 w-full rounded-md border border-input bg-background px-3 py-2 text-sm ring-offset-background file:border-0 file:bg-transparent file:text-sm file:font-medium placeholder:text-muted-foreground focus-visible:outline-none focus-visible:ring-2 focus-visible:ring-ring focus-visible:ring-offset-2 disabled:cursor-not-allowed disabled:opacity-50"[39m
            [33mtype[39m=[32m"date"[39m
            [33mvalue[39m=[32m"2025-03-05"[39m
          [36m/>[39m
        [36m</div>[39m
        [36m<div[39m
          [33mclass[39m=[32m"space-y-2"[39m
        [36m>[39m
          [36m<label[39m
            [33mclass[39m=[32m"text-sm font-medium leading-none peer-disabled:cursor-not-allowed peer-disabled:opacity-70"[39m
            [33mfor[39m=[32m":r1p:-form-item"[39m
          [36m>[39m
            [0m登録番号[0m
            [36m<span[39m
              [33mclass[39m=[32m"text-red-500 ml-1"[39m
            [36m>[39m
              [0m*[0m
            [36m</span>[39m
          [36m</label>[39m
          [36m<input[39m
            [33maria-describedby[39m=[32m":r1p:-form-item-description"[39m
            [33maria-invalid[39m=[32m"false"[39m
            [33mclass[39m=[32m"flex h-10 w-full rounded-md border border-input bg-background px-3 py-2 text-sm ring-offset-background file:border-0 file:bg-transparent file:text-sm file:font-medium placeholder:text-muted-foreground focus-visible:outline-none focus-visible:ring-2 focus-visible:ring-ring focus-visible:ring-offset-2 disabled:cursor-not-allowed disabled:opacity-50"[39m
            [33mid[39m=[32m":r1p:-form-item"[39m
            [33mname[39m=[32m"registrationNumber"[39m
            [33mtype[39m=[32m"text"[39m
            [33mvalue[39m=[32m"T0000000000000"[39m
          [36m/>[39m
        [36m</div>[39m
        [36m<div[39m
          [33mclass[39m=[32m"space-y-2"[39m
        [36m>[39m
          [36m<label[39m
            [33mclass[39m=[32m"text-sm font-medium leading-none peer-disabled:cursor-not-allowed peer-disabled:opacity-70"[39m
            [33mfor[39m=[32m":r1q:-form-item"[39m
          [36m>[39m
            [0m備考[0m
          [36m</label>[39m
          [36m<input[39m
            [33maria-describedby[39m=[32m":r1q:-form-item-description"[39m
            [33maria-invalid[39m=[32m"false"[39m
            [33mclass[39m=[32m"flex h-10 w-full rounded-md border border-input bg-background px-3 py-2 text-sm ring-offset-background file:border-0 file:bg-transparent file:text-sm file:font-medium placeholder:text-muted-foreground focus-visible:outline-none focus-visible:ring-2 focus-visible:ring-ring focus-visible:ring-offset-2 disabled:cursor-not-allowed disabled:opacity-50"[39m
            [33mid[39m=[32m":r1q:-form-item"[39m
            [33mname[39m=[32m"notes"[39m
            [33mtype[39m=[32m"text"[39m
            [33mvalue[39m=[32m""[39m
          [36m/>[39m
        [36m</div>[39m
        [36m<div[39m
          [33mclass[39m=[32m"space-y-4"[39m
        [36m>[39m
 ...
   ❯ src/components/invoice/__tests__/InvoiceForm.test.tsx > InvoiceForm > 品目の追加・削除が正しく機能すること
     → Unable to find an element by: [data-testid="cy=item-row"]

Ignored nodes: comments, script, style
[36m<body>[39m
  [36m<div>[39m
    [36m<form[39m
      [33mclass[39m=[32m"space-y-6"[39m
    [36m>[39m
      [36m<div[39m
        [33mclass[39m=[32m"space-y-4"[39m
      [36m>[39m
        [36m<div[39m
          [33mclass[39m=[32m""[39m
        [36m>[39m
          [36m<label[39m
            [33mclass[39m=[32m"text-sm font-medium leading-none peer-disabled:cursor-not-allowed peer-disabled:opacity-70"[39m
          [36m>[39m
            [0mステータス[0m
            [36m<span[39m
              [33mclass[39m=[32m"text-red-500 ml-1"[39m
            [36m>[39m
              [0m*[0m
            [36m</span>[39m
          [36m</label>[39m
          [36m<button[39m
            [33maria-autocomplete[39m=[32m"none"[39m
            [33maria-controls[39m=[32m"radix-:r2k:"[39m
            [33maria-expanded[39m=[32m"false"[39m
            [33mclass[39m=[32m"flex h-10 w-full items-center justify-between rounded-md border border-input bg-transparent px-3 py-2 text-sm ring-offset-background placeholder:text-muted-foreground focus:outline-none focus:ring-2 focus:ring-ring focus:ring-offset-2 disabled:cursor-not-allowed disabled:opacity-50"[39m
            [33mdata-state[39m=[32m"closed"[39m
            [33mdir[39m=[32m"ltr"[39m
            [33mrole[39m=[32m"combobox"[39m
            [33mtype[39m=[32m"button"[39m
          [36m>[39m
            [36m<span[39m
              [33mstyle[39m=[32m"pointer-events: none;"[39m
            [36m/>[39m
            [36m<svg[39m
              [33mclass[39m=[32m"h-4 w-4 opacity-50"[39m
              [33mfill[39m=[32m"none"[39m
              [33mheight[39m=[32m"24"[39m
              [33mstroke[39m=[32m"currentColor"[39m
              [33mstroke-linecap[39m=[32m"round"[39m
              [33mstroke-linejoin[39m=[32m"round"[39m
              [33mstroke-width[39m=[32m"2"[39m
              [33mviewBox[39m=[32m"0 0 24 24"[39m
              [33mwidth[39m=[32m"24"[39m
              [33mxmlns[39m=[32m"http://www.w3.org/2000/svg"[39m
            [36m>[39m
              [36m<path[39m
                [33md[39m=[32m"m6 9 6 6 6-6"[39m
              [36m/>[39m
            [36m</svg>[39m
          [36m</button>[39m
        [36m</div>[39m
        [36m<div[39m
          [33mclass[39m=[32m""[39m
        [36m>[39m
          [36m<label[39m
            [33mclass[39m=[32m"text-sm font-medium leading-none peer-disabled:cursor-not-allowed peer-disabled:opacity-70"[39m
          [36m>[39m
            [0m発行日[0m
            [36m<span[39m
              [33mclass[39m=[32m"text-red-500 ml-1"[39m
            [36m>[39m
              [0m*[0m
            [36m</span>[39m
          [36m</label>[39m
          [36m<input[39m
            [33mclass[39m=[32m"flex h-10 w-full rounded-md border border-input bg-background px-3 py-2 text-sm ring-offset-background file:border-0 file:bg-transparent file:text-sm file:font-medium placeholder:text-muted-foreground focus-visible:outline-none focus-visible:ring-2 focus-visible:ring-ring focus-visible:ring-offset-2 disabled:cursor-not-allowed disabled:opacity-50"[39m
            [33mtype[39m=[32m"date"[39m
            [33mvalue[39m=[32m"2025-02-03"[39m
          [36m/>[39m
        [36m</div>[39m
        [36m<div[39m
          [33mclass[39m=[32m""[39m
        [36m>[39m
          [36m<label[39m
            [33mclass[39m=[32m"text-sm font-medium leading-none peer-disabled:cursor-not-allowed peer-disabled:opacity-70"[39m
          [36m>[39m
            [0m支払期限[0m
            [36m<span[39m
              [33mclass[39m=[32m"text-red-500 ml-1"[39m
            [36m>[39m
              [0m*[0m
            [36m</span>[39m
          [36m</label>[39m
          [36m<input[39m
            [33mclass[39m=[32m"flex h-10 w-full rounded-md border border-input bg-background px-3 py-2 text-sm ring-offset-background file:border-0 file:bg-transparent file:text-sm file:font-medium placeholder:text-muted-foreground focus-visible:outline-none focus-visible:ring-2 focus-visible:ring-ring focus-visible:ring-offset-2 disabled:cursor-not-allowed disabled:opacity-50"[39m
            [33mtype[39m=[32m"date"[39m
            [33mvalue[39m=[32m"2025-03-05"[39m
          [36m/>[39m
        [36m</div>[39m
        [36m<div[39m
          [33mclass[39m=[32m"space-y-2"[39m
        [36m>[39m
          [36m<label[39m
            [33mclass[39m=[32m"text-sm font-medium leading-none peer-disabled:cursor-not-allowed peer-disabled:opacity-70"[39m
            [33mfor[39m=[32m":r2l:-form-item"[39m
          [36m>[39m
            [0m登録番号[0m
            [36m<span[39m
              [33mclass[39m=[32m"text-red-500 ml-1"[39m
            [36m>[39m
              [0m*[0m
            [36m</span>[39m
          [36m</label>[39m
          [36m<input[39m
            [33maria-describedby[39m=[32m":r2l:-form-item-description"[39m
            [33maria-invalid[39m=[32m"false"[39m
            [33mclass[39m=[32m"flex h-10 w-full rounded-md border border-input bg-background px-3 py-2 text-sm ring-offset-background file:border-0 file:bg-transparent file:text-sm file:font-medium placeholder:text-muted-foreground focus-visible:outline-none focus-visible:ring-2 focus-visible:ring-ring focus-visible:ring-offset-2 disabled:cursor-not-allowed disabled:opacity-50"[39m
            [33mid[39m=[32m":r2l:-form-item"[39m
            [33mname[39m=[32m"registrationNumber"[39m
            [33mtype[39m=[32m"text"[39m
            [33mvalue[39m=[32m"T0000000000000"[39m
          [36m/>[39m
        [36m</div>[39m
        [36m<div[39m
          [33mclass[39m=[32m"space-y-2"[39m
        [36m>[39m
          [36m<label[39m
            [33mclass[39m=[32m"text-sm font-medium leading-none peer-disabled:cursor-not-allowed peer-disabled:opacity-70"[39m
            [33mfor[39m=[32m":r2m:-form-item"[39m
          [36m>[39m
            [0m備考[0m
          [36m</label>[39m
          [36m<input[39m
            [33maria-describedby[39m=[32m":r2m:-form-item-description"[39m
            [33maria-invalid[39m=[32m"false"[39m
            [33mclass[39m=[32m"flex h-10 w-full rounded-md border border-input bg-background px-3 py-2 text-sm ring-offset-background file:border-0 file:bg-transparent file:text-sm file:font-medium placeholder:text-muted-foreground focus-visible:outline-none focus-visible:ring-2 focus-visible:ring-ring focus-visible:ring-offset-2 disabled:cursor-not-allowed disabled:opacity-50"[39m
            [33mid[39m=[32m":r2m:-form-item"[39m
            [33mname[39m=[32m"notes"[39m
            [33mtype[39m=[32m"text"[39m
            [33mvalue[39m=[32m""[39m
          [36m/>[39m
        [36m</div>[39m
        [36m<div[39m
          [33mclass[39m=[32m"space-y-4"[39m
        [36m>[39m
 ...
   ❯ src/components/invoice/__tests__/InvoiceForm.test.tsx > InvoiceForm > 金額計算が正しく処理されること
     → Unable to find an element by: [data-testid="cy=subtotal"]

Ignored nodes: comments, script, style
[36m<body>[39m
  [36m<div>[39m
    [36m<form[39m
      [33mclass[39m=[32m"space-y-6"[39m
    [36m>[39m
      [36m<div[39m
        [33mclass[39m=[32m"space-y-4"[39m
      [36m>[39m
        [36m<div[39m
          [33mclass[39m=[32m""[39m
        [36m>[39m
          [36m<label[39m
            [33mclass[39m=[32m"text-sm font-medium leading-none peer-disabled:cursor-not-allowed peer-disabled:opacity-70"[39m
          [36m>[39m
            [0mステータス[0m
            [36m<span[39m
              [33mclass[39m=[32m"text-red-500 ml-1"[39m
            [36m>[39m
              [0m*[0m
            [36m</span>[39m
          [36m</label>[39m
          [36m<button[39m
            [33maria-autocomplete[39m=[32m"none"[39m
            [33maria-controls[39m=[32m"radix-:r3m:"[39m
            [33maria-expanded[39m=[32m"false"[39m
            [33mclass[39m=[32m"flex h-10 w-full items-center justify-between rounded-md border border-input bg-transparent px-3 py-2 text-sm ring-offset-background placeholder:text-muted-foreground focus:outline-none focus:ring-2 focus:ring-ring focus:ring-offset-2 disabled:cursor-not-allowed disabled:opacity-50"[39m
            [33mdata-state[39m=[32m"closed"[39m
            [33mdir[39m=[32m"ltr"[39m
            [33mrole[39m=[32m"combobox"[39m
            [33mtype[39m=[32m"button"[39m
          [36m>[39m
            [36m<span[39m
              [33mstyle[39m=[32m"pointer-events: none;"[39m
            [36m/>[39m
            [36m<svg[39m
              [33mclass[39m=[32m"h-4 w-4 opacity-50"[39m
              [33mfill[39m=[32m"none"[39m
              [33mheight[39m=[32m"24"[39m
              [33mstroke[39m=[32m"currentColor"[39m
              [33mstroke-linecap[39m=[32m"round"[39m
              [33mstroke-linejoin[39m=[32m"round"[39m
              [33mstroke-width[39m=[32m"2"[39m
              [33mviewBox[39m=[32m"0 0 24 24"[39m
              [33mwidth[39m=[32m"24"[39m
              [33mxmlns[39m=[32m"http://www.w3.org/2000/svg"[39m
            [36m>[39m
              [36m<path[39m
                [33md[39m=[32m"m6 9 6 6 6-6"[39m
              [36m/>[39m
            [36m</svg>[39m
          [36m</button>[39m
        [36m</div>[39m
        [36m<div[39m
          [33mclass[39m=[32m""[39m
        [36m>[39m
          [36m<label[39m
            [33mclass[39m=[32m"text-sm font-medium leading-none peer-disabled:cursor-not-allowed peer-disabled:opacity-70"[39m
          [36m>[39m
            [0m発行日[0m
            [36m<span[39m
              [33mclass[39m=[32m"text-red-500 ml-1"[39m
            [36m>[39m
              [0m*[0m
            [36m</span>[39m
          [36m</label>[39m
          [36m<input[39m
            [33mclass[39m=[32m"flex h-10 w-full rounded-md border border-input bg-background px-3 py-2 text-sm ring-offset-background file:border-0 file:bg-transparent file:text-sm file:font-medium placeholder:text-muted-foreground focus-visible:outline-none focus-visible:ring-2 focus-visible:ring-ring focus-visible:ring-offset-2 disabled:cursor-not-allowed disabled:opacity-50"[39m
            [33mtype[39m=[32m"date"[39m
            [33mvalue[39m=[32m"2025-02-01"[39m
          [36m/>[39m
        [36m</div>[39m
        [36m<div[39m
          [33mclass[39m=[32m""[39m
        [36m>[39m
          [36m<label[39m
            [33mclass[39m=[32m"text-sm font-medium leading-none peer-disabled:cursor-not-allowed peer-disabled:opacity-70"[39m
          [36m>[39m
            [0m支払期限[0m
            [36m<span[39m
              [33mclass[39m=[32m"text-red-500 ml-1"[39m
            [36m>[39m
              [0m*[0m
            [36m</span>[39m
          [36m</label>[39m
          [36m<input[39m
            [33mclass[39m=[32m"flex h-10 w-full rounded-md border border-input bg-background px-3 py-2 text-sm ring-offset-background file:border-0 file:bg-transparent file:text-sm file:font-medium placeholder:text-muted-foreground focus-visible:outline-none focus-visible:ring-2 focus-visible:ring-ring focus-visible:ring-offset-2 disabled:cursor-not-allowed disabled:opacity-50"[39m
            [33mtype[39m=[32m"date"[39m
            [33mvalue[39m=[32m"2025-03-01"[39m
          [36m/>[39m
        [36m</div>[39m
        [36m<div[39m
          [33mclass[39m=[32m"space-y-2"[39m
        [36m>[39m
          [36m<label[39m
            [33mclass[39m=[32m"text-sm font-medium leading-none peer-disabled:cursor-not-allowed peer-disabled:opacity-70"[39m
            [33mfor[39m=[32m":r3n:-form-item"[39m
          [36m>[39m
            [0m登録番号[0m
            [36m<span[39m
              [33mclass[39m=[32m"text-red-500 ml-1"[39m
            [36m>[39m
              [0m*[0m
            [36m</span>[39m
          [36m</label>[39m
          [36m<input[39m
            [33maria-describedby[39m=[32m":r3n:-form-item-description"[39m
            [33maria-invalid[39m=[32m"false"[39m
            [33mclass[39m=[32m"flex h-10 w-full rounded-md border border-input bg-background px-3 py-2 text-sm ring-offset-background file:border-0 file:bg-transparent file:text-sm file:font-medium placeholder:text-muted-foreground focus-visible:outline-none focus-visible:ring-2 focus-visible:ring-ring focus-visible:ring-offset-2 disabled:cursor-not-allowed disabled:opacity-50"[39m
            [33mid[39m=[32m":r3n:-form-item"[39m
            [33mname[39m=[32m"registrationNumber"[39m
            [33mtype[39m=[32m"text"[39m
            [33mvalue[39m=[32m"T1234567890123"[39m
          [36m/>[39m
        [36m</div>[39m
        [36m<div[39m
          [33mclass[39m=[32m"space-y-2"[39m
        [36m>[39m
          [36m<label[39m
            [33mclass[39m=[32m"text-sm font-medium leading-none peer-disabled:cursor-not-allowed peer-disabled:opacity-70"[39m
            [33mfor[39m=[32m":r3o:-form-item"[39m
          [36m>[39m
            [0m備考[0m
          [36m</label>[39m
          [36m<input[39m
            [33maria-describedby[39m=[32m":r3o:-form-item-description"[39m
            [33maria-invalid[39m=[32m"false"[39m
            [33mclass[39m=[32m"flex h-10 w-full rounded-md border border-input bg-background px-3 py-2 text-sm ring-offset-background file:border-0 file:bg-transparent file:text-sm file:font-medium placeholder:text-muted-foreground focus-visible:outline-none focus-visible:ring-2 focus-visible:ring-ring focus-visible:ring-offset-2 disabled:cursor-not-allowed disabled:opacity-50"[39m
            [33mid[39m=[32m":r3o:-form-item"[39m
            [33mname[39m=[32m"notes"[39m
            [33mtype[39m=[32m"text"[39m
            [33mvalue[39m=[32m"テスト備考"[39m
          [36m/>[39m
        [36m</div>[39m
        [36m<div[39m
          [33mclass[39m=[32m"space-y-4"[39m
        [36m>[...

Ignored nodes: comments, script, style
[36m<html>[39m
  [36m<head />[39m
  [36m<body>[39m
    [36m<div>[39m
      [36m<form[39m
        [33mclass[39m=[32m"space-y-6"[39m
      [36m>[39m
        [36m<div[39m
          [33mclass[39m=[32m"space-y-4"[39m
        [36m>[39m
          [36m<div[39m
            [33mclass[39m=[32m""[39m
          [36m>[39m
            [36m<label[39m
              [33mclass[39m=[32m"text-sm font-medium leading-none peer-disabled:cursor-not-allowed peer-disabled:opacity-70"[39m
            [36m>[39m
              [0mステータス[0m
              [36m<span[39m
                [33mclass[39m=[32m"text-red-500 ml-1"[39m
              [36m>[39m
                [0m*[0m
              [36m</span>[39m
            [36m</label>[39m
            [36m<button[39m
              [33maria-autocomplete[39m=[32m"none"[39m
              [33maria-controls[39m=[32m"radix-:r3m:"[39m
              [33maria-expanded[39m=[32m"false"[39m
              [33mclass[39m=[32m"flex h-10 w-full items-center justify-between rounded-md border border-input bg-transparent px-3 py-2 text-sm ring-offset-background placeholder:text-muted-foreground focus:outline-none focus:ring-2 focus:ring-ring focus:ring-offset-2 disabled:cursor-not-allowed disabled:opacity-50"[39m
              [33mdata-state[39m=[32m"closed"[39m
              [33mdir[39m=[32m"ltr"[39m
              [33mrole[39m=[32m"combobox"[39m
              [33mtype[39m=[32m"button"[39m
            [36m>[39m
              [36m<span[39m
                [33mstyle[39m=[32m"pointer-events: none;"[39m
              [36m/>[39m
              [36m<svg[39m
                [33mclass[39m=[32m"h-4 w-4 opacity-50"[39m
                [33mfill[39m=[32m"none"[39m
                [33mheight[39m=[32m"24"[39m
                [33mstroke[39m=[32m"currentColor"[39m
                [33mstroke-linecap[39m=[32m"round"[39m
                [33mstroke-linejoin[39m=[32m"round"[39m
                [33mstroke-width[39m=[32m"2"[39m
                [33mviewBox[39m=[32m"0 0 24 24"[39m
                [33mwidth[39m=[32m"24"[39m
                [33mxmlns[39m=[32m"http://www.w3.org/2000/svg"[39m
              [36m>[39m
                [36m<path[39m
                  [33md[39m=[32m"m6 9 6 6 6-6"[39m
                [36m/>[39m
              [36m</svg>[39m
            [36m</button>[39m
          [36m</div>[39m
          [36m<div[39m
            [33mclass[39m=[32m""[39m
          [36m>[39m
            [36m<label[39m
              [33mclass[39m=[32m"text-sm font-medium leading-none peer-disabled:cursor-not-allowed peer-disabled:opacity-70"[39m
            [36m>[39m
              [0m発行日[0m
              [36m<span[39m
                [33mclass[39m=[32m"text-red-500 ml-1"[39m
              [36m>[39m
                [0m*[0m
              [36m</span>[39m
            [36m</label>[39m
            [36m<input[39m
              [33mclass[39m=[32m"flex h-10 w-full rounded-md border border-input bg-background px-3 py-2 text-sm ring-offset-background file:border-0 file:bg-transparent file:text-sm file:font-medium placeholder:text-muted-foreground focus-visible:outline-none focus-visible:ring-2 focus-visible:ring-ring focus-visible:ring-offset-2 disabled:cursor-not-allowed disabled:opacity-50"[39m
              [33mtype[39m=[32m"date"[39m
              [33mvalue[39m=[32m"2025-02-01"[39m
            [36m/>[39m
          [36m</div>[39m
          [36m<div[39m
            [33mclass[39m=[32m""[39m
          [36m>[39m
            [36m<label[39m
              [33mclass[39m=[32m"text-sm font-medium leading-none peer-disabled:cursor-not-allowed peer-disabled:opacity-70"[39m
            [36m>[39m
              [0m支払期限[0m
              [36m<span[39m
                [33mclass[39m=[32m"text-red-500 ml-1"[39m
              [36m>[39m
                [0m*[0m
              [36m</span>[39m
            [36m</label>[39m
            [36m<input[39m
              [33mclass[39m=[32m"flex h-10 w-full rounded-md border border-input bg-background px-3 py-2 text-sm ring-offset-background file:border-0 file:bg-transparent file:text-sm file:font-medium placeholder:text-muted-foreground focus-visible:outline-none focus-visible:ring-2 focus-visible:ring-ring focus-visible:ring-offset-2 disabled:cursor-not-allowed disabled:opacity-50"[39m
              [33mtype[39m=[32m"date"[39m
              [33mvalue[39m=[32m"2025-03-01"[39m
            [36m/>[39m
          [36m</div>[39m
          [36m<div[39m
            [33mclass[39m=[32m"space-y-2"[39m
          [36m>[39m
            [36m<label[39m
              [33mclass[39m=[32m"text-sm font-medium leading-none peer-disabled:cursor-not-allowed peer-disabled:opacity-70"[39m
              [33mfor[39m=[32m":r3n:-form-item"[39m
            [36m>[39m
              [0m登録番号[0m
              [36m<span[39m
                [33mclass[39m=[32m"text-red-500 ml-1"[39m
              [36m>[39m
                [0m*[0m
              [36m</span>[39m
            [36m</label>[39m
            [36m<input[39m
              [33maria-describedby[39m=[32m":r3n:-form-item-description"[39m
              [33maria-invalid[39m=[32m"false"[39m
              [33mclass[39m=[32m"flex h-10 w-full rounded-md border border-input bg-background px-3 py-2 text-sm ring-offset-background file:border-0 file:bg-transparent file:text-sm file:font-medium placeholder:text-muted-foreground focus-visible:outline-none focus-visible:ring-2 focus-visible:ring-ring focus-visible:ring-offset-2 disabled:cursor-not-allowed disabled:opacity-50"[39m
              [33mid[39m=[32m":r3n:-form-item"[39m
              [33mname[39m=[32m"registrationNumber"[39m
              [33mtype[39m=[32m"text"[39m
              [33mvalue[39m=[32m"T1234567890123"[39m
            [36m/>[39m
          [36m</div>[39m
          [36m<div[39m
            [33mclass[39m=[32m"space-y-2"[39m
          [36m>[39m
            [36m<label[39m
              [33mclass[39m=[32m"text-sm font-medium leading-none peer-disabled:cursor-not-allowed peer-disabled:opacity-70"[39m
              [33mfor[39m=[32m":r3o:-form-item"[39m
            [36m>[39m
              [0m備考[0m
            [36m</label>[39m
            [36m<input[39m
              [33maria-describedby[39m=[32m":r3o:-form-item-description"[39m
              [33maria-invalid[39m=[32m"false"[39m
              [33mclass[39m=[32m"flex h-10 w-full rounded-md border border-input bg-background px-3 py-2 text-sm ring-offset-background file:border-0 file:bg-transparent file:text-sm file:font-medium placeholder:text-muted-foreground focus-visible:outline-none focus-visible:ring-2 focus-visible:ring-ring focus-visible:ring-offset-2 disabled:cursor-not-allowed disabled:opacity-50"[39m
              [33mid[39m=[32...
   ❯ src/components/invoice/__tests__/InvoiceForm.test.tsx > InvoiceForm > 税率変更時に金額計算が正しく行われること
     → Unable to find an element by: [data-testid="cy=subtotal"]

Ignored nodes: comments, script, style
[36m<body>[39m
  [36m<div>[39m
    [36m<form[39m
      [33mclass[39m=[32m"space-y-6"[39m
    [36m>[39m
      [36m<div[39m
        [33mclass[39m=[32m"space-y-4"[39m
      [36m>[39m
        [36m<div[39m
          [33mclass[39m=[32m""[39m
        [36m>[39m
          [36m<label[39m
            [33mclass[39m=[32m"text-sm font-medium leading-none peer-disabled:cursor-not-allowed peer-disabled:opacity-70"[39m
          [36m>[39m
            [0mステータス[0m
            [36m<span[39m
              [33mclass[39m=[32m"text-red-500 ml-1"[39m
            [36m>[39m
              [0m*[0m
            [36m</span>[39m
          [36m</label>[39m
          [36m<button[39m
            [33maria-autocomplete[39m=[32m"none"[39m
            [33maria-controls[39m=[32m"radix-:r4i:"[39m
            [33maria-expanded[39m=[32m"false"[39m
            [33mclass[39m=[32m"flex h-10 w-full items-center justify-between rounded-md border border-input bg-transparent px-3 py-2 text-sm ring-offset-background placeholder:text-muted-foreground focus:outline-none focus:ring-2 focus:ring-ring focus:ring-offset-2 disabled:cursor-not-allowed disabled:opacity-50"[39m
            [33mdata-state[39m=[32m"closed"[39m
            [33mdir[39m=[32m"ltr"[39m
            [33mrole[39m=[32m"combobox"[39m
            [33mtype[39m=[32m"button"[39m
          [36m>[39m
            [36m<span[39m
              [33mstyle[39m=[32m"pointer-events: none;"[39m
            [36m/>[39m
            [36m<svg[39m
              [33mclass[39m=[32m"h-4 w-4 opacity-50"[39m
              [33mfill[39m=[32m"none"[39m
              [33mheight[39m=[32m"24"[39m
              [33mstroke[39m=[32m"currentColor"[39m
              [33mstroke-linecap[39m=[32m"round"[39m
              [33mstroke-linejoin[39m=[32m"round"[39m
              [33mstroke-width[39m=[32m"2"[39m
              [33mviewBox[39m=[32m"0 0 24 24"[39m
              [33mwidth[39m=[32m"24"[39m
              [33mxmlns[39m=[32m"http://www.w3.org/2000/svg"[39m
            [36m>[39m
              [36m<path[39m
                [33md[39m=[32m"m6 9 6 6 6-6"[39m
              [36m/>[39m
            [36m</svg>[39m
          [36m</button>[39m
        [36m</div>[39m
        [36m<div[39m
          [33mclass[39m=[32m""[39m
        [36m>[39m
          [36m<label[39m
            [33mclass[39m=[32m"text-sm font-medium leading-none peer-disabled:cursor-not-allowed peer-disabled:opacity-70"[39m
          [36m>[39m
            [0m発行日[0m
            [36m<span[39m
              [33mclass[39m=[32m"text-red-500 ml-1"[39m
            [36m>[39m
              [0m*[0m
            [36m</span>[39m
          [36m</label>[39m
          [36m<input[39m
            [33mclass[39m=[32m"flex h-10 w-full rounded-md border border-input bg-background px-3 py-2 text-sm ring-offset-background file:border-0 file:bg-transparent file:text-sm file:font-medium placeholder:text-muted-foreground focus-visible:outline-none focus-visible:ring-2 focus-visible:ring-ring focus-visible:ring-offset-2 disabled:cursor-not-allowed disabled:opacity-50"[39m
            [33mtype[39m=[32m"date"[39m
            [33mvalue[39m=[32m"2025-02-01"[39m
          [36m/>[39m
        [36m</div>[39m
        [36m<div[39m
          [33mclass[39m=[32m""[39m
        [36m>[39m
          [36m<label[39m
            [33mclass[39m=[32m"text-sm font-medium leading-none peer-disabled:cursor-not-allowed peer-disabled:opacity-70"[39m
          [36m>[39m
            [0m支払期限[0m
            [36m<span[39m
              [33mclass[39m=[32m"text-red-500 ml-1"[39m
            [36m>[39m
              [0m*[0m
            [36m</span>[39m
          [36m</label>[39m
          [36m<input[39m
            [33mclass[39m=[32m"flex h-10 w-full rounded-md border border-input bg-background px-3 py-2 text-sm ring-offset-background file:border-0 file:bg-transparent file:text-sm file:font-medium placeholder:text-muted-foreground focus-visible:outline-none focus-visible:ring-2 focus-visible:ring-ring focus-visible:ring-offset-2 disabled:cursor-not-allowed disabled:opacity-50"[39m
            [33mtype[39m=[32m"date"[39m
            [33mvalue[39m=[32m"2025-03-01"[39m
          [36m/>[39m
        [36m</div>[39m
        [36m<div[39m
          [33mclass[39m=[32m"space-y-2"[39m
        [36m>[39m
          [36m<label[39m
            [33mclass[39m=[32m"text-sm font-medium leading-none peer-disabled:cursor-not-allowed peer-disabled:opacity-70"[39m
            [33mfor[39m=[32m":r4j:-form-item"[39m
          [36m>[39m
            [0m登録番号[0m
            [36m<span[39m
              [33mclass[39m=[32m"text-red-500 ml-1"[39m
            [36m>[39m
              [0m*[0m
            [36m</span>[39m
          [36m</label>[39m
          [36m<input[39m
            [33maria-describedby[39m=[32m":r4j:-form-item-description"[39m
            [33maria-invalid[39m=[32m"false"[39m
            [33mclass[39m=[32m"flex h-10 w-full rounded-md border border-input bg-background px-3 py-2 text-sm ring-offset-background file:border-0 file:bg-transparent file:text-sm file:font-medium placeholder:text-muted-foreground focus-visible:outline-none focus-visible:ring-2 focus-visible:ring-ring focus-visible:ring-offset-2 disabled:cursor-not-allowed disabled:opacity-50"[39m
            [33mid[39m=[32m":r4j:-form-item"[39m
            [33mname[39m=[32m"registrationNumber"[39m
            [33mtype[39m=[32m"text"[39m
            [33mvalue[39m=[32m"T1234567890123"[39m
          [36m/>[39m
        [36m</div>[39m
        [36m<div[39m
          [33mclass[39m=[32m"space-y-2"[39m
        [36m>[39m
          [36m<label[39m
            [33mclass[39m=[32m"text-sm font-medium leading-none peer-disabled:cursor-not-allowed peer-disabled:opacity-70"[39m
            [33mfor[39m=[32m":r4k:-form-item"[39m
          [36m>[39m
            [0m備考[0m
          [36m</label>[39m
          [36m<input[39m
            [33maria-describedby[39m=[32m":r4k:-form-item-description"[39m
            [33maria-invalid[39m=[32m"false"[39m
            [33mclass[39m=[32m"flex h-10 w-full rounded-md border border-input bg-background px-3 py-2 text-sm ring-offset-background file:border-0 file:bg-transparent file:text-sm file:font-medium placeholder:text-muted-foreground focus-visible:outline-none focus-visible:ring-2 focus-visible:ring-ring focus-visible:ring-offset-2 disabled:cursor-not-allowed disabled:opacity-50"[39m
            [33mid[39m=[32m":r4k:-form-item"[39m
            [33mname[39m=[32m"notes"[39m
            [33mtype[39m=[32m"text"[39m
            [33mvalue[39m=[32m"テスト備考"[39m
          [36m/>[39m
        [36m</div>[39m
        [36m<div[39m
          [33mclass[39m=[32m"space-y-4"[39m
        [36m>[...
 ❯ src/lib/mail/templates/__tests__/invoiceCreated.test.ts  (7 tests | 2 failed) 10ms
   ❯ src/lib/mail/templates/__tests__/invoiceCreated.test.ts > invoiceCreatedTemplate > render > should render email with correct subject and body
     → PDFの生成中にエラーが発生しました
   ❯ src/lib/mail/templates/__tests__/invoiceCreated.test.ts > invoiceCreatedTemplate > render > should include PDF attachment
     → PDFの生成中にエラーが発生しました
 ❯ src/app/api/auth/__tests__/route.test.ts  (5 tests | 5 failed) 5ms
   ❯ src/app/api/auth/__tests__/route.test.ts > 認証API > ログイン > 有効な認証情報でログインできる
     → Cannot read properties of undefined (reading 'create')
   ❯ src/app/api/auth/__tests__/route.test.ts > 認証API > ログイン > 管理者としてログインできる
     → Cannot read properties of undefined (reading 'create')
   ❯ src/app/api/auth/__tests__/route.test.ts > 認証API > ログイン > 一般ユーザーとしてログインできる
     → Cannot read properties of undefined (reading 'create')
   ❯ src/app/api/auth/__tests__/route.test.ts > 認証API > セッション管理 > ログアウト時にセッションが削除される
     → Cannot read properties of undefined (reading 'destroy')
   ❯ src/app/api/auth/__tests__/route.test.ts > 認証API > セッション管理 > 無効なセッションでアクセスできない
     → Cannot read properties of undefined (reading 'get')
 ✓ src/types/validation/__tests__/base.test.ts  (14 tests) 5ms
 ❯ src/app/api/purchase-orders/__tests__/status-extension.test.ts  (8 tests | 1 failed) 8ms
   ❯ src/app/api/purchase-orders/__tests__/status-extension.test.ts > Purchase Order Status Enum Extension Tests > ステータス遷移に無限ループが存在しない
     → expected true to be false // Object.is equality
 ❯ src/app/api/invoices/__tests__/status.test.ts  (4 tests | 3 failed) 18ms
   ❯ src/app/api/invoices/__tests__/status.test.ts > Invoice Status API > 正常なステータス更新が処理される
     → expected 500 to be 200 // Object.is equality
   ❯ src/app/api/invoices/__tests__/status.test.ts > Invoice Status API > 無効なステータス遷移がエラーになる
     → expected 500 to be 400 // Object.is equality
   ❯ src/app/api/invoices/__tests__/status.test.ts > Invoice Status API > 存在しない請求書IDの場合エラーになる
     → expected 500 to be 404 // Object.is equality
 ❯ src/app/api/reminders/__tests__/route.test.ts  (5 tests | 5 failed) 5ms
   ❯ src/app/api/reminders/__tests__/route.test.ts > リマインダー機能 > 期限前リマインダー > 期限7日前の請求書に対してリマインダーを送信
     → prisma.invoice.findMany.mockResolvedValue is not a function
   ❯ src/app/api/reminders/__tests__/route.test.ts > リマインダー機能 > 期限前リマインダー > 期限3日前の請求書に対してリマインダーを送信
     → prisma.invoice.findMany.mockResolvedValue is not a function
   ❯ src/app/api/reminders/__tests__/route.test.ts > リマインダー機能 > 期限超過リマインダー > 期限超過の請求書のステータスをOVERDUEに更新
     → prisma.invoice.findMany.mockResolvedValue is not a function
   ❯ src/app/api/reminders/__tests__/route.test.ts > リマインダー機能 > 特殊ケース > メールアドレスが未設定の取引先はスキップ
     → prisma.invoice.findMany.mockResolvedValue is not a function
   ❯ src/app/api/reminders/__tests__/route.test.ts > リマインダー機能 > 特殊ケース > 既にOVERDUEステータスの請求書はリマインダー対象外
     → prisma.invoice.findMany.mockResolvedValue is not a function
 ❯ src/components/status/__tests__/StatusHistory.test.tsx  (7 tests | 1 failed) 258ms
   ❯ src/components/status/__tests__/StatusHistory.test.tsx > StatusHistory > 現在のステータスが正しく表示される
     → Found multiple elements with the text: 下書き

Here are the matching elements:

Ignored nodes: comments, script, style
[36m<p[39m
  [33mclass[39m=[32m"text-lg font-bold"[39m
[36m>[39m
  [0m下書き[0m
[36m</p>[39m

Ignored nodes: comments, script, style
[36m<p[39m
  [33mclass[39m=[32m"font-medium"[39m
[36m>[39m
  [0m下書き[0m
  [36m<span[39m
    [33mclass[39m=[32m"text-muted-foreground ml-2"[39m
  [36m>[39m
    [0m2024/01/01 10:00[0m
  [36m</span>[39m
[36m</p>[39m

(If this is intentional, then use the `*AllBy*` variant of the query (like `queryAllByText`, `getAllByText`, or `findAllByText`)).

Ignored nodes: comments, script, style
[36m<body>[39m
  [36m<div>[39m
    [36m<div[39m
      [33mclass[39m=[32m"rounded-lg border bg-card text-card-foreground shadow-sm"[39m
    [36m>[39m
      [36m<div[39m
        [33mclass[39m=[32m"flex flex-col space-y-1.5 p-6"[39m
      [36m>[39m
        [36m<h3[39m
          [33mclass[39m=[32m"tracking-tight text-lg font-bold"[39m
        [36m>[39m
          [0mステータス履歴[0m
        [36m</h3>[39m
      [36m</div>[39m
      [36m<div[39m
        [33mclass[39m=[32m"p-6 pt-0"[39m
      [36m>[39m
        [36m<div[39m
          [33mclass[39m=[32m"space-y-4"[39m
        [36m>[39m
          [36m<div[39m
            [33mclass[39m=[32m"flex items-center justify-between bg-muted p-3 rounded-md"[39m
          [36m>[39m
            [36m<div>[39m
              [36m<p[39m
                [33mclass[39m=[32m"text-sm font-medium"[39m
              [36m>[39m
                [0m現在のステータス[0m
              [36m</p>[39m
              [36m<p[39m
                [33mclass[39m=[32m"text-lg font-bold"[39m
              [36m>[39m
                [0m下書き[0m
              [36m</p>[39m
            [36m</div>[39m
          [36m</div>[39m
          [36m<div[39m
            [33mclass[39m=[32m"space-y-3 border-t pt-3"[39m
          [36m>[39m
            [36m<button[39m
              [33maria-autocomplete[39m=[32m"none"[39m
              [33maria-controls[39m=[32m"radix-:r0:"[39m
              [33maria-expanded[39m=[32m"false"[39m
              [33mclass[39m=[32m"flex h-10 w-full items-center justify-between rounded-md border border-input bg-transparent px-3 py-2 text-sm ring-offset-background placeholder:text-muted-foreground focus:outline-none focus:ring-2 focus:ring-ring focus:ring-offset-2 disabled:cursor-not-allowed disabled:opacity-50"[39m
              [33mdata-placeholder[39m=[32m""[39m
              [33mdata-state[39m=[32m"closed"[39m
              [33mdir[39m=[32m"ltr"[39m
              [33mrole[39m=[32m"combobox"[39m
              [33mtype[39m=[32m"button"[39m
            [36m>[39m
              [36m<span[39m
                [33mstyle[39m=[32m"pointer-events: none;"[39m
              [36m/>[39m
              [36m<svg[39m
                [33mclass[39m=[32m"h-4 w-4 opacity-50"[39m
                [33mfill[39m=[32m"none"[39m
                [33mheight[39m=[32m"24"[39m
                [33mstroke[39m=[32m"currentColor"[39m
                [33mstroke-linecap[39m=[32m"round"[39m
                [33mstroke-linejoin[39m=[32m"round"[39m
                [33mstroke-width[39m=[32m"2"[39m
                [33mviewBox[39m=[32m"0 0 24 24"[39m
                [33mwidth[39m=[32m"24"[39m
                [33mxmlns[39m=[32m"http://www.w3.org/2000/svg"[39m
              [36m>[39m
                [36m<path[39m
                  [33md[39m=[32m"m6 9 6 6 6-6"[39m
                [36m/>[39m
              [36m</svg>[39m
            [36m</button>[39m
            [36m<textarea[39m
              [33mclass[39m=[32m"flex min-h-[80px] w-full rounded-md border border-input bg-transparent px-3 py-2 text-sm ring-offset-background placeholder:text-muted-foreground focus-visible:outline-none focus-visible:ring-2 focus-visible:ring-ring focus-visible:ring-offset-2 disabled:cursor-not-allowed disabled:opacity-50 h-20"[39m
              [33mplaceholder[39m=[32m"コメントを入力(任意)"[39m
            [36m/>[39m
            [36m<button[39m
              [33mclass[39m=[32m"inline-flex items-center justify-center rounded-md text-sm font-medium transition-colors focus-visible:outline-none focus-visible:ring-2 focus-visible:ring-ring focus-visible:ring-offset-2 disabled:opacity-50 disabled:pointer-events-none ring-offset-background bg-primary text-primary-foreground hover:bg-primary/90 h-10 py-2 px-4 w-full"[39m
              [33mdisabled[39m=[32m""[39m
            [36m>[39m
              [36m<svg[39m
                [33mclass[39m=[32m"w-4 h-4 mr-2"[39m
                [33mfill[39m=[32m"none"[39m
                [33mheight[39m=[32m"24"[39m
                [33mstroke[39m=[32m"currentColor"[39m
                [33mstroke-linecap[39m=[32m"round"[39m
                [33mstroke-linejoin[39m=[32m"round"[39m
                [33mstroke-width[39m=[32m"2"[39m
                [33mviewBox[39m=[32m"0 0 24 24"[39m
                [33mwidth[39m=[32m"24"[39m
                [33mxmlns[39m=[32m"http://www.w3.org/2000/svg"[39m
              [36m>[39m
                [36m<path[39m
                  [33md[39m=[32m"m22 2-7 20-4-9-9-4Z"[39m
                [36m/>[39m
                [36m<path[39m
                  [33md[39m=[32m"M22 2 11 13"[39m
                [36m/>[39m
              [36m</svg>[39m
              [0mステータスを更新[0m
            [36m</button>[39m
          [36m</div>[39m
          [36m<div[39m
            [33mclass[39m=[32m"space-y-3 border-t pt-3"[39m
          [36m>[39m
            [36m<div[39m
              [33mclass[39m=[32m"flex gap-3 text-sm"[39m
            [36m>[39m
              [36m<svg[39m
                [33mclass[39m=[32m"w-4 h-4 mt-1 flex-shrink-0"[39m
                [33mfill[39m=[32m"none"[39m
                [33mheight[39m=[32m"24"[39m
                [33mstroke[39m=[32m"currentColor"[39m
                [33mstroke-linecap[39m=[32m"round"[39m
                [33mstroke-linejoin[39m=[32m"round"[39m
                [33mstroke-width[39m=[32m"2"[39m
                [33mviewBox[39m=[32m"0 0 24 24"[39m
                [33mwidth[39m=[32m"24"[39m
                [33mxmlns[39m=[32m"http://www.w3.org/2000/svg"[39m
              [36m>[39m
                [36m<circle[39m
                  [33mcx[39m=[32m"12"[39m
                  [33mcy[39m=[32m"12"[39m
                  [33mr[39m=[32m"10"[39m
                [36m/>[39m
                [36m<polyline[39m
                  [33mpoints[39m=[32m"12 6 12 12 16 14"[39m
                [36m/>[39m
              [36m</svg>[39m
              [36m<div>[39m
                [36m<p[39m
                  [33mclass[39m=[32m"font-medium"[39m
                [36m>[39m
                  [0m下書き[0m
                  [36m<span[39m
                    [33mclass[39m=[32m"text-muted-foreground ml-2"[39m
                  [36m>[39m
                    [0m2024/01/01 10:00[0m
                  [36m</span>[39m
                [36m</p>[39m
                [36m<p[39m
                  [33mclass[39m=[32m"text-muted-foreground mt-1"[39m
                [36m>[39m
                  [0mテストコメント[0m
                [36m</p>[39m
                [36m<p[39m
                  [33mclass[39m=[32m"text-muted-foreground text-xs mt-1"[39m
                [36m>[39m
                  [0m更新者: [0m
                  [0mテストユーザー[0m
                [36m</p>[39m
              [36m</div>[39m
            [36m</div>[39m
          [36m</div>[39m
        [36m</div>[39m
      [36m</div>[39m
    [36m</div>[39m
  [36m</div>[39m
[36m</body>[39m
 ❯ src/app/api/dashboard/recent-orders/__tests__/route.test.ts  (4 tests | 1 failed) 20ms
   ❯ src/app/api/dashboard/recent-orders/__tests__/route.test.ts > GET /api/dashboard/recent-orders > 認証済みユーザーが最近の注文を取得できる
     → expected [ …(2) ] to deeply equal [ …(2) ]
 ❯ src/app/api/invoices/__tests__/status-extension.test.ts  (8 tests | 1 failed) 8ms
   ❯ src/app/api/invoices/__tests__/status-extension.test.ts > Invoice Status Enum Extension Tests > ステータス遷移に無限ループが存在しない
     → expected true to be false // Object.is equality
 ❯ src/app/api/auth/__tests__/session.test.ts  (4 tests | 4 failed) 8ms
   ❯ src/app/api/auth/__tests__/session.test.ts > セッション管理 > セッションの有効性 > 有効なセッションでリクエストを送信できる
     → URL is malformed "/api/protected-resource". Please use only absolute URLs - https://nextjs.org/docs/messages/middleware-relative-urls
   ❯ src/app/api/auth/__tests__/session.test.ts > セッション管理 > セッションの有効性 > 期限切れセッションでリクエストを送信するとエラーになる
     → URL is malformed "/api/protected-resource". Please use only absolute URLs - https://nextjs.org/docs/messages/middleware-relative-urls
   ❯ src/app/api/auth/__tests__/session.test.ts > セッション管理 > セッションの更新 > セッションを正常に更新できる
     → URL is malformed "/api/auth/session". Please use only absolute URLs - https://nextjs.org/docs/messages/middleware-relative-urls
   ❯ src/app/api/auth/__tests__/session.test.ts > セッション管理 > セッションの破棄 > ログアウト時にセッションが破棄される
     → URL is malformed "/api/auth/session". Please use only absolute URLs - https://nextjs.org/docs/messages/middleware-relative-urls
 ✓ src/domains/invoice/__tests__/status.test.ts  (13 tests) 5ms
 ❯ src/lib/pdf/__tests__/invoice.test.ts  (8 tests | 3 failed) 7ms
   ❯ src/lib/pdf/__tests__/invoice.test.ts > PDF生成ユーティリティ > convertToPdfInvoice > 正しく請求書を変換できる
     → カテゴリーは必須です
   ❯ src/lib/pdf/__tests__/invoice.test.ts > PDF生成ユーティリティ > convertToPdfInvoice > バリデーションが正しく動作する
     → カテゴリーは必須です
   ❯ src/lib/pdf/__tests__/invoice.test.ts > PDF生成ユーティリティ > convertToPdfInvoice > 金額の整合性チェックが正しく動作する
     → カテゴリーは必須です
 ✓ src/components/forms/__tests__/FormError.test.tsx  (12 tests) 70ms
 ❯ src/app/api/auth/__tests__/auth.test.ts  (0 test)
 ✓ src/types/validation/__tests__/commonValidation.test.ts  (7 tests) 5ms
 ✓ src/types/__tests__/tax.test.ts  (20 tests) 6ms
 ❯ src/app/api/auth/__tests__/rbac.test.ts  (0 test)
 ✓ src/app/api/cron/payment-reminders/__tests__/route.test.ts  (5 tests) 113ms
 ❯ src/types/validation/__tests__/bankInfo.test.ts  (8 tests | 8 failed) 10ms
   ❯ src/types/validation/__tests__/bankInfo.test.ts > bankInfoSchema > 基本的なバリデーション > 全ての必須項目が入力されている場合バリデーションが通る
     → expected false to be true // Object.is equality
   ❯ src/types/validation/__tests__/bankInfo.test.ts > bankInfoSchema > 基本的なバリデーション > 必須項目が未入力の場合エラーになる
     → expected 'Required' to be '必須項目です' // Object.is equality
   ❯ src/types/validation/__tests__/bankInfo.test.ts > bankInfoSchema > accountType > 有効な口座種別の場合バリデーションが通る
     → expected false to be true // Object.is equality
   ❯ src/types/validation/__tests__/bankInfo.test.ts > bankInfoSchema > accountType > 無効な口座種別の場合エラーになる
     → expected '口座種別を選択してください' to be '口座種別は普通または当座を選択してください' // Object.is equality
   ❯ src/types/validation/__tests__/bankInfo.test.ts > bankInfoSchema > accountNumber > 数字のみの場合バリデーションが通る
     → expected false to be true // Object.is equality
   ❯ src/types/validation/__tests__/bankInfo.test.ts > bankInfoSchema > accountNumber > 数字以外が含まれる場合エラーになる
     → expected '口座種別を選択してください' to be '口座番号は数字のみ使用できます' // Object.is equality
   ❯ src/types/validation/__tests__/bankInfo.test.ts > bankInfoSchema > defaultBankInfo > デフォルト値のスキーマ検証が通る
     → expected false to be true // Object.is equality
   ❯ src/types/validation/__tests__/bankInfo.test.ts > bankInfoSchema > defaultBankInfo > 全てのフィールドが存在する
     → expected { bankName: '', branchName: '', …(3) } to have property "accountName"
 ✓ src/components/common/__tests__/TagInput.test.tsx  (7 tests) 148ms
 ❯ src/components/vendors/__tests__/VendorList.test.tsx  (6 tests | 6 failed) 105ms
   ❯ src/components/vendors/__tests__/VendorList.test.tsx > VendorList > 取引先一覧を表示できる
     → ResizeObserver is not defined
   ❯ src/components/vendors/__tests__/VendorList.test.tsx > VendorList > キーワード検索でフィルタリングできる
     → ResizeObserver is not defined
   ❯ src/components/vendors/__tests__/VendorList.test.tsx > VendorList > 区分でフィルタリングできる
     → ResizeObserver is not defined
   ❯ src/components/vendors/__tests__/VendorList.test.tsx > VendorList > ステータスでフィルタリングできる
     → ResizeObserver is not defined
   ❯ src/components/vendors/__tests__/VendorList.test.tsx > VendorList > タグでフィルタリングできる
     → ResizeObserver is not defined
   ❯ src/components/vendors/__tests__/VendorList.test.tsx > VendorList > 表示モードを切り替えできる
     → ResizeObserver is not defined
 ❯ src/components/forms/__tests__/ItemCategorySelect.test.tsx  (6 tests | 1 failed) 332ms
   ❯ src/components/forms/__tests__/ItemCategorySelect.test.tsx > ItemCategorySelect > should show category groups and options
     → Found multiple elements with the text: 定期購読の新聞

Here are the matching elements:

Ignored nodes: comments, script, style
[36m<div>[39m
  [0m定期購読の新聞[0m
[36m</div>[39m

Ignored nodes: comments, script, style
[36m<div[39m
  [33mclass[39m=[32m"text-xs text-muted-foreground"[39m
[36m>[39m
  [0m定期購読の新聞[0m
[36m</div>[39m

(If this is intentional, then use the `*AllBy*` variant of the query (like `queryAllByText`, `getAllByText`, or `findAllByText`)).

Ignored nodes: comments, script, style
[36m<body[39m
  [33mdata-scroll-locked[39m=[32m"2"[39m
  [33mstyle[39m=[32m"pointer-events: none;"[39m
[36m>[39m
  [36m<span[39m
    [33maria-hidden[39m=[32m"true"[39m
    [33mdata-aria-hidden[39m=[32m"true"[39m
    [33mdata-radix-focus-guard[39m=[32m""[39m
    [33mstyle[39m=[32m"outline: none; opacity: 0; position: fixed; pointer-events: none;"[39m
    [33mtabindex[39m=[32m"0"[39m
  [36m/>[39m
  [36m<div[39m
    [33maria-hidden[39m=[32m"true"[39m
    [33mdata-aria-hidden[39m=[32m"true"[39m
  [36m>[39m
    [36m<div[39m
      [33mclass[39m=[32m"space-y-1"[39m
    [36m>[39m
      [36m<label[39m
        [33mclass[39m=[32m"text-sm font-medium leading-none peer-disabled:cursor-not-allowed peer-disabled:opacity-70"[39m
        [33mfor[39m=[32m"category"[39m
      [36m>[39m
        [0m品目カテゴリー[0m
      [36m</label>[39m
      [36m<button[39m
        [33maria-autocomplete[39m=[32m"none"[39m
        [33maria-controls[39m=[32m"radix-:rp:"[39m
        [33maria-expanded[39m=[32m"true"[39m
        [33mclass[39m=[32m"flex h-10 w-full items-center justify-between rounded-md border border-input bg-transparent px-3 py-2 text-sm ring-offset-background placeholder:text-muted-foreground focus:outline-none focus:ring-2 focus:ring-ring focus:ring-offset-2 disabled:cursor-not-allowed disabled:opacity-50"[39m
        [33mdata-state[39m=[32m"open"[39m
        [33mdir[39m=[32m"ltr"[39m
        [33mrole[39m=[32m"combobox"[39m
        [33mtype[39m=[32m"button"[39m
      [36m>[39m
        [36m<span[39m
          [33mstyle[39m=[32m"pointer-events: none;"[39m
        [36m/>[39m
        [36m<svg[39m
          [33mclass[39m=[32m"h-4 w-4 opacity-50"[39m
          [33mfill[39m=[32m"none"[39m
          [33mheight[39m=[32m"24"[39m
          [33mstroke[39m=[32m"currentColor"[39m
          [33mstroke-linecap[39m=[32m"round"[39m
          [33mstroke-linejoin[39m=[32m"round"[39m
          [33mstroke-width[39m=[32m"2"[39m
          [33mviewBox[39m=[32m"0 0 24 24"[39m
          [33mwidth[39m=[32m"24"[39m
          [33mxmlns[39m=[32m"http://www.w3.org/2000/svg"[39m
        [36m>[39m
          [36m<path[39m
            [33md[39m=[32m"m6 9 6 6 6-6"[39m
          [36m/>[39m
        [36m</svg>[39m
      [36m</button>[39m
    [36m</div>[39m
  [36m</div>[39m
  [36m<div[39m
    [33maria-hidden[39m=[32m"true"[39m
    [33mdata-aria-hidden[39m=[32m"true"[39m
    [33mdata-radix-popper-content-wrapper[39m=[32m""[39m
    [33mdir[39m=[32m"ltr"[39m
    [33mstyle[39m=[32m"position: fixed; left: 0px; top: 0px; transform: translate(0, -200%); min-width: max-content;"[39m
  [36m>[39m
    [36m<div[39m
      [33mclass[39m=[32m"relative z-50 min-w-[8rem] overflow-hidden rounded-md border bg-popover text-popover-foreground shadow-md data-[state=open]:animate-in data-[state=closed]:animate-out data-[state=closed]:fade-out-0 data-[state=open]:fade-in-0 data-[state=closed]:zoom-out-95 data-[state=open]:zoom-in-95 data-[side=bottom]:slide-in-from-top-2 data-[side=left]:slide-in-from-right-2 data-[side=right]:slide-in-from-left-2 data-[side=top]:slide-in-from-bottom-2"[39m
      [33mdata-align[39m=[32m"start"[39m
      [33mdata-side[39m=[32m"bottom"[39m
      [33mdata-state[39m=[32m"open"[39m
      [33mdir[39m=[32m"ltr"[39m
      [33mid[39m=[32m"radix-:rp:"[39m
      [33mrole[39m=[32m"listbox"[39m
      [33mstyle[39m=[32m"box-sizing: border-box; display: flex; flex-direction: column; outline: none; --radix-select-content-transform-origin: var(--radix-popper-transform-origin); --radix-select-content-available-width: var(--radix-popper-available-width); --radix-select-content-available-height: var(--radix-popper-available-height); --radix-select-trigger-width: var(--radix-popper-anchor-width); --radix-select-trigger-height: var(--radix-popper-anchor-height); animation: none; pointer-events: none;"[39m
      [33mtabindex[39m=[32m"-1"[39m
    [36m>[39m
      [36m<div[39m
        [33mclass[39m=[32m"p-1"[39m
        [33mdata-radix-select-viewport[39m=[32m""[39m
        [33mrole[39m=[32m"presentation"[39m
        [33mstyle[39m=[32m"position: relative; flex: 1; overflow: hidden auto;"[39m
      [36m>[39m
        [36m<button[39m
          [33maria-autocomplete[39m=[32m"none"[39m
          [33maria-controls[39m=[32m"radix-:rp:"[39m
          [33maria-expanded[39m=[32m"true"[39m
          [33mclass[39m=[32m"flex h-10 items-center justify-between rounded-md border border-input bg-transparent px-3 py-2 text-sm ring-offset-background placeholder:text-muted-foreground focus:outline-none focus:ring-2 focus:ring-ring focus:ring-offset-2 disabled:cursor-not-allowed disabled:opacity-50 w-[240px] text-gray-900"[39m
          [33mdata-state[39m=[32m"open"[39m
          [33mdir[39m=[32m"ltr"[39m
          [33mid[39m=[32m"category"[39m
          [33mrole[39m=[32m"combobox"[39m
          [33mtype[39m=[32m"button"[39m
        [36m>[39m
          [36m<span[39m
            [33mstyle[39m=[32m"pointer-events: none;"[39m
          [36m>[39m
            [36m<div>[39m
              [36m<div>[39m
                [0mその他[0m
              [36m</div>[39m
              [36m<div[39m
                [33mclass[39m=[32m"text-xs text-muted-foreground"[39m
              [36m>[39m
                [0mその他の品目[0m
              [36m</div>[39m
            [36m</div>[39m
          [36m</span>[39m
          [36m<svg[39m
            [33mclass[39m=[32m"h-4 w-4 opacity-50"[39m
            [33mfill[39m=[32m"none"[39m
            [33mheight[39m=[32m"24"[39m
            [33mstroke[39m=[32m"currentColor"[39m
            [33mstroke-linecap[39m=[32m"round"[39m
            [33mstroke-linejoin[39m=[32m"round"[39m
            [33mstroke-width[39m=[32m"2"[39m
            [33mviewBox[39m=[32m"0 0 24 24"[39m
            [33mwidth[39m=[32m"24"[39m
            [33mxmlns[39m=[32m"http://www.w3.org/2000/svg"[39m
          [36m>[39m
            [36m<path[39m
              [33md[39m=[32m"m6 9 6 6 6-6"[39m
            [36m/>[39m
          [36m</svg>[39m
        [36m</button>[39m
      [36m</div>[39m
    [36m</div>[39m
  [36m</div>[39m
  [36m<div[39m
    [33maria-hidden[39m=[32m"true"[39m
    [33mdata-aria-hidden[39m=[32m"true"[39m
    [33mdata-radix-popper-content-wrapper[39m=[32m""[39m
    [33mdir[39m=[32m"ltr"[39m
    [33mstyle[39m=[32m"position: fixed; left: 0px; top: 0px; transform: translate(0, -200%); min-width: max-content;"[39m
  [36m>[39m
    [36m<div[39m
      [33mclass[39m=[32m"relative z-50 min-w-[8rem] overflow-hidden rounded-md border bg-popover text-popover-foreground shadow-md data-[state=open]:animate-in data-[state=closed]:animate-out data-[state=closed]:fade-out-0 data-[state=open...
 ✓ src/app/api/dashboard/alerts/__tests__/route.test.ts  (4 tests) 13ms
 ✓ src/types/validation/__tests__/messages.test.ts  (7 tests) 6ms
 ❯ src/components/vendors/__tests__/VendorForm.test.tsx  (0 test)
 ❯ src/components/common/__tests__/TagManager.test.tsx  (4 tests | 2 failed) 143ms
   ❯ src/components/common/__tests__/TagManager.test.tsx > TagManager > タグを追加できること
     → expected "spy" to be called with arguments: [ 'テストタグ' ]

Received: 



Number of calls: 0

   ❯ src/components/common/__tests__/TagManager.test.tsx > TagManager > エラーメッセージが表示されること
     → Unable to find an element with the text: エラーが発生しました. This could be because the text is broken up by multiple elements. In this case, you can provide a function for your text matcher to make your matcher more flexible.

Ignored nodes: comments, script, style
[36m<body>[39m
  [36m<div>[39m
    [36m<div[39m
      [33mclass[39m=[32m"flex flex-col gap-2"[39m
    [36m>[39m
      [36m<div[39m
        [33mclass[39m=[32m"flex flex-wrap gap-2"[39m
      [36m/>[39m
      [36m<div[39m
        [33mclass[39m=[32m"flex h-full w-full flex-col overflow-hidden bg-popover text-popover-foreground border rounded-md"[39m
        [33mcmdk-root[39m=[32m""[39m
        [33mtabindex[39m=[32m"-1"[39m
      [36m>[39m
        [36m<label[39m
          [33mcmdk-label[39m=[32m""[39m
          [33mfor[39m=[32m"radix-:rc:"[39m
          [33mid[39m=[32m"radix-:rb:"[39m
          [33mstyle[39m=[32m"position: absolute; width: 1px; height: 1px; padding: 0px; margin: -1px; overflow: hidden; clip: rect(0px, 0px, 0px, 0px); white-space: nowrap; border-width: 0px;"[39m
        [36m/>[39m
        [36m<div[39m
          [33mclass[39m=[32m"flex items-center border-b px-3"[39m
          [33mcmdk-input-wrapper[39m=[32m""[39m
        [36m>[39m
          [36m<svg[39m
            [33mclass[39m=[32m"mr-2 h-4 w-4 shrink-0 opacity-50"[39m
            [33mfill[39m=[32m"none"[39m
            [33mheight[39m=[32m"24"[39m
            [33mstroke[39m=[32m"currentColor"[39m
            [33mstroke-linecap[39m=[32m"round"[39m
            [33mstroke-linejoin[39m=[32m"round"[39m
            [33mstroke-width[39m=[32m"2"[39m
            [33mviewBox[39m=[32m"0 0 24 24"[39m
            [33mwidth[39m=[32m"24"[39m
            [33mxmlns[39m=[32m"http://www.w3.org/2000/svg"[39m
          [36m>[39m
            [36m<circle[39m
              [33mcx[39m=[32m"11"[39m
              [33mcy[39m=[32m"11"[39m
              [33mr[39m=[32m"8"[39m
            [36m/>[39m
            [36m<path[39m
              [33md[39m=[32m"m21 21-4.3-4.3"[39m
            [36m/>[39m
          [36m</svg>[39m
          [36m<input[39m
            [33maria-autocomplete[39m=[32m"list"[39m
            [33maria-controls[39m=[32m"radix-:ra:"[39m
            [33maria-expanded[39m=[32m"true"[39m
            [33maria-labelledby[39m=[32m"radix-:rb:"[39m
            [33mautocomplete[39m=[32m"off"[39m
            [33mautocorrect[39m=[32m"off"[39m
            [33mclass[39m=[32m"flex h-10 w-full rounded-md bg-transparent py-3 text-sm outline-none placeholder:text-muted-foreground disabled:cursor-not-allowed disabled:opacity-50"[39m
            [33mcmdk-input[39m=[32m""[39m
            [33mid[39m=[32m"radix-:rc:"[39m
            [33mplaceholder[39m=[32m"タグを追加..."[39m
            [33mrole[39m=[32m"combobox"[39m
            [33mspellcheck[39m=[32m"false"[39m
            [33mtype[39m=[32m"text"[39m
            [33mvalue[39m=[32m""[39m
          [36m/>[39m
        [36m</div>[39m
        [36m<div[39m
          [33mclass[39m=[32m"py-6 text-center text-sm"[39m
          [33mcmdk-empty[39m=[32m""[39m
          [33mrole[39m=[32m"presentation"[39m
        [36m/>[39m
        [36m<div[39m
          [33mclass[39m=[32m"overflow-hidden p-1 text-foreground [&_[cmdk-group-heading]]:px-2 [&_[cmdk-group-heading]]:py-1.5 [&_[cmdk-group-heading]]:text-xs [&_[cmdk-group-heading]]:font-medium [&_[cmdk-group-heading]]:text-muted-foreground"[39m
          [33mcmdk-group[39m=[32m""[39m
          [33mdata-value[39m=[32m"undefined"[39m
          [33mrole[39m=[32m"presentation"[39m
        [36m>[39m
          [36m<div[39m
            [33mcmdk-group-items[39m=[32m""[39m
            [33mrole[39m=[32m"group"[39m
          [36m/>[39m
        [36m</div>[39m
      [36m</div>[39m
    [36m</div>[39m
  [36m</div>[39m
[36m</body>[39m
 ❯ src/components/forms/hooks/__tests__/useItemList.test.ts  (6 tests | 6 failed) 19ms
   ❯ src/components/forms/hooks/__tests__/useItemList.test.ts > useItemList > 初期アイテムを正しく設定できること
     → jest is not defined
   ❯ src/components/forms/hooks/__tests__/useItemList.test.ts > useItemList > 新しいアイテムを追加できること
     → jest is not defined
   ❯ src/components/forms/hooks/__tests__/useItemList.test.ts > useItemList > アイテムを削除できること
     → jest is not defined
   ❯ src/components/forms/hooks/__tests__/useItemList.test.ts > useItemList > アイテムを更新できること
     → jest is not defined
   ❯ src/components/forms/hooks/__tests__/useItemList.test.ts > useItemList > 新しいアイテムを作成できること
     → jest is not defined
   ❯ src/components/forms/hooks/__tests__/useItemList.test.ts > useItemList > 金額計算が正しく動作すること
     → jest is not defined
 ❯ src/app/api/dashboard/stats/__tests__/route.test.ts  (4 tests | 1 failed) 15ms
   ❯ src/app/api/dashboard/stats/__tests__/route.test.ts > GET /api/dashboard/stats > 認証済みユーザーが統計情報を取得できる
     → expected "spy" to be called with arguments: [ [ Any<Function>, …(2) ] ]

Received: 

  1st spy call:

  Array [
    Array [
-     Any<Function>,
-     Any<Function>,
-     Any<Function>,
+     undefined,
+     undefined,
+     undefined,
    ],
  ]


Number of calls: 1

 ❯ src/components/invoice/__tests__/InvoicePreviewModal.test.tsx  (8 tests | 6 failed) 6228ms
   ❯ src/components/invoice/__tests__/InvoicePreviewModal.test.tsx > InvoicePreviewModal > should show PDF preview after generation
     → Unable to find an element with the title: PDF Preview.

Ignored nodes: comments, script, style
[36m<body[39m
  [33mdata-scroll-locked[39m=[32m"1"[39m
  [33mstyle[39m=[32m"pointer-events: none;"[39m
[36m>[39m
  [36m<span[39m
    [33maria-hidden[39m=[32m"true"[39m
    [33mdata-aria-hidden[39m=[32m"true"[39m
    [33mdata-radix-focus-guard[39m=[32m""[39m
    [33mstyle[39m=[32m"outline: none; opacity: 0; position: fixed; pointer-events: none;"[39m
    [33mtabindex[39m=[32m"0"[39m
  [36m/>[39m
  [36m<div[39m
    [33maria-hidden[39m=[32m"true"[39m
    [33mdata-aria-hidden[39m=[32m"true"[39m
  [36m>[39m
    [36m<div[39m
      [33mclass[39m=[32m"flex flex-col space-y-1.5 text-center sm:text-left"[39m
    [36m>[39m
      [36m<h2[39m
        [33mclass[39m=[32m"text-lg font-semibold leading-none tracking-tight"[39m
        [33mid[39m=[32m"radix-:r4:"[39m
      [36m>[39m
        [0m請求書プレビュー[0m
      [36m</h2>[39m
    [36m</div>[39m
    [36m<div[39m
      [33mclass[39m=[32m"flex flex-col-reverse sm:flex-row sm:space-x-2 sm:justify-between"[39m
    [36m>[39m
      [36m<div[39m
        [33mclass[39m=[32m"flex gap-2"[39m
      [36m>[39m
        [36m<button[39m
          [33mclass[39m=[32m"inline-flex items-center justify-center rounded-md text-sm font-medium transition-colors focus-visible:outline-none focus-visible:ring-2 focus-visible:ring-ring focus-visible:ring-offset-2 disabled:opacity-50 disabled:pointer-events-none ring-offset-background border border-input hover:bg-accent hover:text-accent-foreground h-10 py-2 px-4"[39m
          [33mdisabled[39m=[32m""[39m
        [36m>[39m
          [36m<svg[39m
            [33mclass[39m=[32m"mr-2 h-4 w-4"[39m
            [33mfill[39m=[32m"none"[39m
            [33mheight[39m=[32m"24"[39m
            [33mstroke[39m=[32m"currentColor"[39m
            [33mstroke-linecap[39m=[32m"round"[39m
            [33mstroke-linejoin[39m=[32m"round"[39m
            [33mstroke-width[39m=[32m"2"[39m
            [33mviewBox[39m=[32m"0 0 24 24"[39m
            [33mwidth[39m=[32m"24"[39m
            [33mxmlns[39m=[32m"http://www.w3.org/2000/svg"[39m
          [36m>[39m
            [36m<path[39m
              [33md[39m=[32m"M21 15v4a2 2 0 0 1-2 2H5a2 2 0 0 1-2-2v-4"[39m
            [36m/>[39m
            [36m<polyline[39m
              [33mpoints[39m=[32m"7 10 12 15 17 10"[39m
            [36m/>[39m
            [36m<line[39m
              [33mx1[39m=[32m"12"[39m
              [33mx2[39m=[32m"12"[39m
              [33my1[39m=[32m"15"[39m
              [33my2[39m=[32m"3"[39m
            [36m/>[39m
          [36m</svg>[39m
          [0mダウンロード[0m
        [36m</button>[39m
        [36m<button[39m
          [33mclass[39m=[32m"inline-flex items-center justify-center rounded-md text-sm font-medium transition-colors focus-visible:outline-none focus-visible:ring-2 focus-visible:ring-ring focus-visible:ring-offset-2 disabled:opacity-50 disabled:pointer-events-none ring-offset-background border border-input hover:bg-accent hover:text-accent-foreground h-10 py-2 px-4"[39m
          [33mdisabled[39m=[32m""[39m
        [36m>[39m
          [36m<svg[39m
            [33mclass[39m=[32m"mr-2 h-4 w-4"[39m
            [33mfill[39m=[32m"none"[39m
            [33mheight[39m=[32m"24"[39m
            [33mstroke[39m=[32m"currentColor"[39m
            [33mstroke-linecap[39m=[32m"round"[39m
            [33mstroke-linejoin[39m=[32m"round"[39m
            [33mstroke-width[39m=[32m"2"[39m
            [33mviewBox[39m=[32m"0 0 24 24"[39m
            [33mwidth[39m=[32m"24"[39m
            [33mxmlns[39m=[32m"http://www.w3.org/2000/svg"[39m
          [36m>[39m
            [36m<polyline[39m
              [33mpoints[39m=[32m"6 9 6 2 18 2 18 9"[39m
            [36m/>[39m
            [36m<path[39m
              [33md[39m=[32m"M6 18H4a2 2 0 0 1-2-2v-5a2 2 0 0 1 2-2h16a2 2 0 0 1 2 2v5a2 2 0 0 1-2 2h-2"[39m
            [36m/>[39m
            [36m<rect[39m
              [33mheight[39m=[32m"8"[39m
              [33mwidth[39m=[32m"12"[39m
              [33mx[39m=[32m"6"[39m
              [33my[39m=[32m"14"[39m
            [36m/>[39m
          [36m</svg>[39m
          [0m印刷[0m
        [36m</button>[39m
      [36m</div>[39m
      [36m<button[39m
        [33mclass[39m=[32m"inline-flex items-center justify-center rounded-md text-sm font-medium transition-colors focus-visible:outline-none focus-visible:ring-2 focus-visible:ring-ring focus-visible:ring-offset-2 disabled:opacity-50 disabled:pointer-events-none ring-offset-background bg-secondary text-secondary-foreground hover:bg-secondary/80 h-10 py-2 px-4"[39m
      [36m>[39m
        [0m閉じる[0m
      [36m</button>[39m
    [36m</div>[39m
  [36m</div>[39m
  [36m<div[39m
    [33maria-hidden[39m=[32m"true"[39m
    [33mclass[39m=[32m"fixed inset-0 z-50 bg-black/80 data-[state=open]:animate-in data-[state=closed]:animate-out data-[state=closed]:fade-out-0 data-[state=open]:fade-in-0"[39m
    [33mdata-aria-hidden[39m=[32m"true"[39m
    [33mdata-state[39m=[32m"open"[39m
    [33mstyle[39m=[32m"pointer-events: auto;"[39m
  [36m/>[39m
  [36m<div[39m
    [33maria-describedby[39m=[32m"radix-:r5:"[39m
    [33maria-labelledby[39m=[32m"radix-:r4:"[39m
    [33mclass[39m=[32m"fixed left-[50%] top-[50%] z-50 grid w-full translate-x-[-50%] translate-y-[-50%] gap-4 border bg-background p-6 shadow-lg duration-200 data-[state=open]:animate-in data-[state=closed]:animate-out data-[state=closed]:fade-out-0 data-[state=open]:fade-in-0 data-[state=closed]:zoom-out-95 data-[state=open]:zoom-in-95 data-[state=closed]:slide-out-to-left-1/2 data-[state=closed]:slide-out-to-top-[48%] data-[state=open]:slide-in-from-left-1/2 data-[state=open]:slide-in-from-top-[48%] sm:rounded-lg max-w-4xl"[39m
    [33mdata-state[39m=[32m"open"[39m
    [33mid[39m=[32m"radix-:r3:"[39m
    [33mrole[39m=[32m"dialog"[39m
    [33mstyle[39m=[32m"pointer-events: auto;"[39m
    [33mtabindex[39m=[32m"-1"[39m
  [36m>[39m
    [36m<button[39m
      [33mclass[39m=[32m"absolute right-4 top-4 rounded-sm opacity-70 ring-offset-background transition-opacity hover:opacity-100 focus:outline-none focus:ring-2 focus:ring-ring focus:ring-offset-2 disabled:pointer-events-none data-[state=open]:bg-accent data-[state=open]:text-muted-foreground"[39m
      [33mtype[39m=[32m"button"[39m
    [36m>[39m
      [36m<svg[39m
        [33mclass[39m=[32m"h-4 w-4"[39m
        [33mfill[39m=[32m"none"[39m
        [33mheight[39m=[32m"24"[39m
        [33mstroke[39m=[32m"currentColor"[39m
        [33mstroke-linecap[39m=[32m"round"[39m
        [33mstroke-linejoin[39m=[32m"round"[39m
        [33mstroke-width[39m=[32m"2"[39m
        [33mviewBox[39m=[32m"0 0 24 24"[39m
        [33mwidth[39m=[32m"24"[39m
        [33mxmlns[39m=[32m"http://www.w3.org/2000/svg"[39m
      [36m>[39m
        [36m<path[39m
          [33md[39m=[32m"M18 6 6 18"[39m
        [36m/>[39m
        [36m<path[39m
          [33md[39m=[32m"m6 6 12 12"[39m
        [36m/>[39m
      [36m</svg>[39m
      [36m<span[39m
        [33mclass[39m=[32m"sr-only"[39m
      [36m>[39m
        [0mClose[0m
      [36m</span>[39m
    [36m</button>[39m
  [36m</div>[39m
  [36m<span[39m
    [33maria-hidden[39m=[32m"true"[39m
    [33mdata-aria-hidden[39m=[32m"true"[39m
    [33mdata-radix-focus-guard[39m=[32m""[39m
    [33mstyle[39m=[32m"outline: none; opacity: 0; position: fixed; pointer-events: none;"[39m
    [33mtabindex[39m=[32m"0"[39m
  [36m/>[39m
[36m</body>[39m

Ignored nodes: comments, script, style
[36m<html>[39m
  [36m<head />[39m
  [36m<body[39m
    [33mdata-scroll-locked[39m=[32m"1"[39m
    [33mstyle[39m=[32m"pointer-events: none;"[39m
  [36m>[39m
    [36m<span[39m
      [33maria-hidden[39m=[32m"true"[39m
      [33mdata-aria-hidden[39m=[32m"true"[39m
      [33mdata-radix-focus-guard[39m=[32m""[39m
      [33mstyle[39m=[32m"outline: none; opacity: 0; position: fixed; pointer-events: none;"[39m
      [33mtabindex[39m=[32m"0"[39m
    [36m/>[39m
    [36m<div[39m
      [33maria-hidden[39m=[32m"true"[39m
      [33mdata-aria-hidden[39m=[32m"true"[39m
    [36m>[39m
      [36m<div[39m
        [33mclass[39m=[32m"flex flex-col space-y-1.5 text-center sm:text-left"[39m
      [36m>[39m
        [36m<h2[39m
          [33mclass[39m=[32m"text-lg font-semibold leading-none tracking-tight"[39m
          [33mid[39m=[32m"radix-:r4:"[39m
        [36m>[39m
          [0m請求書プレビュー[0m
        [36m</h2>[39m
      [36m</div>[39m
      [36m<div[39m
        [33mclass[39m=[32m"flex flex-col-reverse sm:flex-row sm:space-x-2 sm:justify-between"[39m
      [36m>[39m
        [36m<div[39m
          [33mclass[39m=[32m"flex gap-2"[39m
        [36m>[39m
          [36m<button[39m
            [33mclass[39m=[32m"inline-flex items-center justify-center rounded-md text-sm font-medium transition-colors focus-visible:outline-none focus-visible:ring-2 focus-visible:ring-ring focus-visible:ring-offset-2 disabled:opacity-50 disabled:pointer-events-none ring-offset-background border border-input hover:bg-accent hover:text-accent-foreground h-10 py-2 px-4"[39m
            [33mdisabled[39m=[32m""[39m
          [36m>[39m
            [36m<svg[39m
              [33mclass[39m=[32m"mr-2 h-4 w-4"[39m
              [33mfill[39m=[32m"none"[39m
              [33mheight[39m=[32m"24"[39m
              [33mstroke[39m=[32m"currentColor"[39m
              [33mstroke-linecap[39m=[32m"round"[39m
              [33mstroke-linejoin[39m=[32m"round"[39m
              [33mstroke-width[39m=[32m"2"[39m
              [33mviewBox[39m=[32m"0 0 24 24"[39m
              [33mwidth[39m=[32m"24"[39m
              [33mxmlns[39m=[32m"http://www.w3.org/2000/svg"[39m
            [36m>[39m
              [36m<path[39m
                [33md[39m=[32m"M21 15v4a2 2 0 0 1-2 2H5a2 2 0 0 1-2-2v-4"[39m
              [36m/>[39m
              [36m<polyline[39m
                [33mpoints[39m=[32m"7 10 12 15 17 10"[39m
              [36m/>[39m
              [36m<line[39m
                [33mx1[39m=[32m"12"[39m
                [33mx2[39m=[32m"12"[39m
                [33my1[39m=[32m"15"[39m
                [33my2[39m=[32m"3"[39m
              [36m/>[39m
            [36m</svg>[39m
            [0mダウンロード[0m
          [36m</button>[39m
          [36m<button[39m
            [33mclass[39m=[32m"inline-flex items-center justify-center rounded-md text-sm font-medium transition-colors focus-visible:outline-none focus-visible:ring-2 focus-visible:ring-ring focus-visible:ring-offset-2 disabled:opacity-50 disabled:pointer-events-none ring-offset-background border border-input hover:bg-accent hover:text-accent-foreground h-10 py-2 px-4"[39m
            [33mdisabled[39m=[32m""[39m
          [36m>[39m
            [36m<svg[39m
              [33mclass[39m=[32m"mr-2 h-4 w-4"[39m
              [33mfill[39m=[32m"none"[39m
              [33mheight[39m=[32m"24"[39m
              [33mstroke[39m=[32m"currentColor"[39m
              [33mstroke-linecap[39m=[32m"round"[39m
              [33mstroke-linejoin[39m=[32m"round"[39m
              [33mstroke-width[39m=[32m"2"[39m
              [33mviewBox[39m=[32m"0 0 24 24"[39m
              [33mwidth[39m=[32m"24"[39m
              [33mxmlns[39m=[32m"http://www.w3.org/2000/svg"[39m
            [36m>[39m
              [36m<polyline[39m
                [33mpoints[39m=[32m"6 9 6 2 18 2 18 9"[39m
              [36m/>[39m
              [36m<path[39m
                [33md[39m=[32m"M6 18H4a2 2 0 0 1-2-2v-5a2 2 0 0 1 2-2h16a2 2 0 0 1 2 2v5a2 2 0 0 1-2 2h-2"[39m
              [36m/>[39m
              [36m<rect[39m
                [33mheight[39m=[32m"8"[39m
                [33mwidth[39m=[32m"12"[39m
                [33mx[39m=[32m"6"[39m
                [33my[39m=[32m"14"[39m
              [36m/>[39m
            [36m</svg>[39m
            [0m印刷[0m
          [36m</button>[39m
        [36m</div>[39m
        [36m<button[39m
          [33mclass[39m=[32m"inline-flex items-center justify-center rounded-md text-sm font-medium transition-colors focus-visible:outline-none focus-visible:ring-2 focus-visible:ring-ring focus-visible:ring-offset-2 disabled:opacity-50 disabled:pointer-events-none ring-offset-background bg-secondary text-secondary-foreground hover:bg-secondary/80 h-10 py-2 px-4"[39m
        [36m>[39m
          [0m閉じる[0m
        [36m</button>[39m
      [36m</div>[39m
    [36m</div>[39m
    [36m<div[39m
      [33maria-hidden[39m=[32m"true"[39m
      [33mclass[39m=[32m"fixed inset-0 z-50 bg-black/80 data-[state=open]:animate-in data-[state=closed]:animate-out data-[state=closed]:fade-out-0 data-[state=open]:fade-in-0"[39m
      [33mdata-aria-hidden[39m=[32m"true"[39m
      [33mdata-state[39m=[32m"open"[39m
      [33mstyle[39m=[32m"pointer-events: auto;"[39m
    [36m/>[39m
    [36m<div[39m
      [33maria-describedby[39m=[32m"radix-:r5:"[39m
      [33maria-labelledby[39m=[32m"radix-:r4:"[39m
      [33mclass[39m=[32m"fixed left-[50%] top-[50%] z-50 grid w-full translate-x-[-50%] translate-y-[-50%] gap-4 border bg-background p-6 shadow-lg duration-200 data-[state=open]:animate-in data-[state=closed]:animate-out data-[state=closed]:fade-out-0 data-[state=open]:fade-in-0 data-[state=closed]:zoom-out-95 data-[state=open]:zoom-in-95 data-[state=closed]:slide-out-to-left-1/2 data-[state=closed]:slide-out-to-top-[48%] data-[state=open]:slide-in-from-left-1/2 data-[state=open]:slide-in-from-top-[48%] sm:rounded-lg max-w-4xl"[39m
      [33mdata-state[39m=[32m"open"[39m
      [33mid[39m=[32m"radix-:r3:"[39m
      [33mrole[39m=[32m"dialog"[39m
      [33mstyle[39m=[32m"pointer-events: auto;"[39m
      [33mtabindex[39m=[32m"-1"[39m
    [36m>[39m
      [36m<button[39m
        [33mclass[39m=[32m"absolute right-4 top-4 rounded-sm opacity-70 ring-offset-background transition-opacity hover:opacity-100 focus:outline-none focus:ring-2 focus:ring-ring focus:ring-offset-2 disabled:pointer-events-none data-[state=open]:bg-accent data-[state=open]:text-muted-foreground"[39m
        [33mtype[39m=[32m"button"[39m
      [36m>[39m
        [36m<svg[39m
          [33mclass[39m=[32m"h-4 w-4"[39m
          [33mfill[39m=[32m"none"[39m
          [33mheight[39m=[32m"24"[39m
          [33mstroke[39m=[32m"currentColor"[39m
          [33mstroke-linecap[39m=[32m"round"[39m
          [33mstroke-linejoin[39m=[32m"round"[39m
          [33mstroke-width[39m=[32m"2"[39m
          [33mviewBox[39m=[32m"0 0 24 24"[39m
          [33mwidth[39m=[32m"24"[39m
          [33mxmlns[39m=[32m"http://www.w3.org/2000/svg"[39m
        [36m>[39m
          [36m<path[39m
            [33md[39m=[32m"M18 6 6 18"[39m
          [36m/>[39m
          [36m<path[39m
            [33md[39m=[32m"m6 6 12 12"[39m
          [36m/>[39m
        [36m</svg>[39m
        [36m<span[39m
          [33mclass[39m=[32m"sr-only"[39m
        [36m>[39m
          [0mClose[0m
        [36m</span>[39m
      [36m</button>[39m
    [36m</div>[39m
    [36m<span[39m
      [33maria-hidden[39m=[32m"true"[39m
      [33mdata-aria-hidden[39m=[32m"true"[39m
      [33mdata-radix-focus-guard[39m=[32m""[39m
      [33mstyle[39m=[32m"outline: none; opacity: 0; position: fixed; pointer-events: none;"[39m
      [33mtabindex[39m=[32m"0"[39m
    [36m/>[39m
  [36m</body>[39m
[36m</html>[39m
   ❯ src/components/invoice/__tests__/InvoicePreviewModal.test.tsx > InvoicePreviewModal > should enable download and print buttons after PDF generation
     → expect(element).not.toBeDisabled()

Received element is disabled:
  <button
  class="inline-flex items-center justify-center rounded-md text-sm font-medium transition-colors focus-visible:outline-none focus-visible:ring-2 focus-visible:ring-ring focus-visible:ring-offset-2 disabled:opacity-50 disabled:pointer-events-none ring-offset-background border border-input hover:bg-accent hover:text-accent-foreground h-10 py-2 px-4"
  disabled=""
/>

Ignored nodes: comments, script, style
[36m<html>[39m
  [36m<head />[39m
  [36m<body[39m
    [33mdata-scroll-locked[39m=[32m"1"[39m
    [33mstyle[39m=[32m"pointer-events: none;"[39m
  [36m>[39m
    [36m<span[39m
      [33maria-hidden[39m=[32m"true"[39m
      [33mdata-aria-hidden[39m=[32m"true"[39m
      [33mdata-radix-focus-guard[39m=[32m""[39m
      [33mstyle[39m=[32m"outline: none; opacity: 0; position: fixed; pointer-events: none;"[39m
      [33mtabindex[39m=[32m"0"[39m
    [36m/>[39m
    [36m<div[39m
      [33maria-hidden[39m=[32m"true"[39m
      [33mdata-aria-hidden[39m=[32m"true"[39m
    [36m>[39m
      [36m<div[39m
        [33mclass[39m=[32m"flex flex-col space-y-1.5 text-center sm:text-left"[39m
      [36m>[39m
        [36m<h2[39m
          [33mclass[39m=[32m"text-lg font-semibold leading-none tracking-tight"[39m
          [33mid[39m=[32m"radix-:r7:"[39m
        [36m>[39m
          [0m請求書プレビュー[0m
        [36m</h2>[39m
      [36m</div>[39m
      [36m<div[39m
        [33mclass[39m=[32m"flex flex-col-reverse sm:flex-row sm:space-x-2 sm:justify-between"[39m
      [36m>[39m
        [36m<div[39m
          [33mclass[39m=[32m"flex gap-2"[39m
        [36m>[39m
          [36m<button[39m
            [33mclass[39m=[32m"inline-flex items-center justify-center rounded-md text-sm font-medium transition-colors focus-visible:outline-none focus-visible:ring-2 focus-visible:ring-ring focus-visible:ring-offset-2 disabled:opacity-50 disabled:pointer-events-none ring-offset-background border border-input hover:bg-accent hover:text-accent-foreground h-10 py-2 px-4"[39m
            [33mdisabled[39m=[32m""[39m
          [36m>[39m
            [36m<svg[39m
              [33mclass[39m=[32m"mr-2 h-4 w-4"[39m
              [33mfill[39m=[32m"none"[39m
              [33mheight[39m=[32m"24"[39m
              [33mstroke[39m=[32m"currentColor"[39m
              [33mstroke-linecap[39m=[32m"round"[39m
              [33mstroke-linejoin[39m=[32m"round"[39m
              [33mstroke-width[39m=[32m"2"[39m
              [33mviewBox[39m=[32m"0 0 24 24"[39m
              [33mwidth[39m=[32m"24"[39m
              [33mxmlns[39m=[32m"http://www.w3.org/2000/svg"[39m
            [36m>[39m
              [36m<path[39m
                [33md[39m=[32m"M21 15v4a2 2 0 0 1-2 2H5a2 2 0 0 1-2-2v-4"[39m
              [36m/>[39m
              [36m<polyline[39m
                [33mpoints[39m=[32m"7 10 12 15 17 10"[39m
              [36m/>[39m
              [36m<line[39m
                [33mx1[39m=[32m"12"[39m
                [33mx2[39m=[32m"12"[39m
                [33my1[39m=[32m"15"[39m
                [33my2[39m=[32m"3"[39m
              [36m/>[39m
            [36m</svg>[39m
            [0mダウンロード[0m
          [36m</button>[39m
          [36m<button[39m
            [33mclass[39m=[32m"inline-flex items-center justify-center rounded-md text-sm font-medium transition-colors focus-visible:outline-none focus-visible:ring-2 focus-visible:ring-ring focus-visible:ring-offset-2 disabled:opacity-50 disabled:pointer-events-none ring-offset-background border border-input hover:bg-accent hover:text-accent-foreground h-10 py-2 px-4"[39m
            [33mdisabled[39m=[32m""[39m
          [36m>[39m
            [36m<svg[39m
              [33mclass[39m=[32m"mr-2 h-4 w-4"[39m
              [33mfill[39m=[32m"none"[39m
              [33mheight[39m=[32m"24"[39m
              [33mstroke[39m=[32m"currentColor"[39m
              [33mstroke-linecap[39m=[32m"round"[39m
              [33mstroke-linejoin[39m=[32m"round"[39m
              [33mstroke-width[39m=[32m"2"[39m
              [33mviewBox[39m=[32m"0 0 24 24"[39m
              [33mwidth[39m=[32m"24"[39m
              [33mxmlns[39m=[32m"http://www.w3.org/2000/svg"[39m
            [36m>[39m
              [36m<polyline[39m
                [33mpoints[39m=[32m"6 9 6 2 18 2 18 9"[39m
              [36m/>[39m
              [36m<path[39m
                [33md[39m=[32m"M6 18H4a2 2 0 0 1-2-2v-5a2 2 0 0 1 2-2h16a2 2 0 0 1 2 2v5a2 2 0 0 1-2 2h-2"[39m
              [36m/>[39m
              [36m<rect[39m
                [33mheight[39m=[32m"8"[39m
                [33mwidth[39m=[32m"12"[39m
                [33mx[39m=[32m"6"[39m
                [33my[39m=[32m"14"[39m
              [36m/>[39m
            [36m</svg>[39m
            [0m印刷[0m
          [36m</button>[39m
        [36m</div>[39m
        [36m<button[39m
          [33mclass[39m=[32m"inline-flex items-center justify-center rounded-md text-sm font-medium transition-colors focus-visible:outline-none focus-visible:ring-2 focus-visible:ring-ring focus-visible:ring-offset-2 disabled:opacity-50 disabled:pointer-events-none ring-offset-background bg-secondary text-secondary-foreground hover:bg-secondary/80 h-10 py-2 px-4"[39m
        [36m>[39m
          [0m閉じる[0m
        [36m</button>[39m
      [36m</div>[39m
    [36m</div>[39m
    [36m<div[39m
      [33maria-hidden[39m=[32m"true"[39m
      [33mclass[39m=[32m"fixed inset-0 z-50 bg-black/80 data-[state=open]:animate-in data-[state=closed]:animate-out data-[state=closed]:fade-out-0 data-[state=open]:fade-in-0"[39m
      [33mdata-aria-hidden[39m=[32m"true"[39m
      [33mdata-state[39m=[32m"open"[39m
      [33mstyle[39m=[32m"pointer-events: auto;"[39m
    [36m/>[39m
    [36m<div[39m
      [33maria-describedby[39m=[32m"radix-:r8:"[39m
      [33maria-labelledby[39m=[32m"radix-:r7:"[39m
      [33mclass[39m=[32m"fixed left-[50%] top-[50%] z-50 grid w-full translate-x-[-50%] translate-y-[-50%] gap-4 border bg-background p-6 shadow-lg duration-200 data-[state=open]:animate-in data-[state=closed]:animate-out data-[state=closed]:fade-out-0 data-[state=open]:fade-in-0 data-[state=closed]:zoom-out-95 data-[state=open]:zoom-in-95 data-[state=closed]:slide-out-to-left-1/2 data-[state=closed]:slide-out-to-top-[48%] data-[state=open]:slide-in-from-left-1/2 data-[state=open]:slide-in-from-top-[48%] sm:rounded-lg max-w-4xl"[39m
      [33mdata-state[39m=[32m"open"[39m
      [33mid[39m=[32m"radix-:r6:"[39m
      [33mrole[39m=[32m"dialog"[39m
      [33mstyle[39m=[32m"pointer-events: auto;"[39m
      [33mtabindex[39m=[32m"-1"[39m
    [36m>[39m
      [36m<button[39m
        [33mclass[39m=[32m"absolute right-4 top-4 rounded-sm opacity-70 ring-offset-background transition-opacity hover:opacity-100 focus:outline-none focus:ring-2 focus:ring-ring focus:ring-offset-2 disabled:pointer-events-none data-[state=open]:bg-accent data-[state=open]:text-muted-foreground"[39m
        [33mtype[39m=[32m"button"[39m
      [36m>[39m
        [36m<svg[39m
          [33mclass[39m=[32m"h-4 w-4"[39m
          [33mfill[39m=[32m"none"[39m
          [33mheight[39m=[32m"24"[39m
          [33mstroke[39m=[32m"currentColor"[39m
          [33mstroke-linecap[39m=[32m"round"[39m
          [33mstroke-linejoin[39m=[32m"round"[39m
          [33mstroke-width[39m=[32m"2"[39m
          [33mviewBox[39m=[32m"0 0 24 24"[39m
          [33mwidth[39m=[32m"24"[39m
          [33mxmlns[39m=[32m"http://www.w3.org/2000/svg"[39m
        [36m>[39m
          [36m<path[39m
            [33md[39m=[32m"M18 6 6 18"[39m
          [36m/>[39m
          [36m<path[39m
            [33md[39m=[32m"m6 6 12 12"[39m
          [36m/>[39m
        [36m</svg>[39m
        [36m<span[39m
          [33mclass[39m=[32m"sr-only"[39m
        [36m>[39m
          [0mClose[0m
        [36m</span>[39m
      [36m</button>[39m
    [36m</div>[39m
    [36m<span[39m
      [33maria-hidden[39m=[32m"true"[39m
      [33mdata-aria-hidden[39m=[32m"true"[39m
      [33mdata-radix-focus-guard[39m=[32m""[39m
      [33mstyle[39m=[32m"outline: none; opacity: 0; position: fixed; pointer-events: none;"[39m
      [33mtabindex[39m=[32m"0"[39m
    [36m/>[39m
  [36m</body>[39m
[36m</html>[39m
   ❯ src/components/invoice/__tests__/InvoicePreviewModal.test.tsx > InvoicePreviewModal > should handle download button click
     → expect(element).not.toBeDisabled()

Received element is disabled:
  <button
  class="inline-flex items-center justify-center rounded-md text-sm font-medium transition-colors focus-visible:outline-none focus-visible:ring-2 focus-visible:ring-ring focus-visible:ring-offset-2 disabled:opacity-50 disabled:pointer-events-none ring-offset-background border border-input hover:bg-accent hover:text-accent-foreground h-10 py-2 px-4"
  disabled=""
/>

Ignored nodes: comments, script, style
[36m<html>[39m
  [36m<head />[39m
  [36m<body[39m
    [33mdata-scroll-locked[39m=[32m"1"[39m
    [33mstyle[39m=[32m"pointer-events: none;"[39m
  [36m>[39m
    [36m<span[39m
      [33maria-hidden[39m=[32m"true"[39m
      [33mdata-aria-hidden[39m=[32m"true"[39m
      [33mdata-radix-focus-guard[39m=[32m""[39m
      [33mstyle[39m=[32m"outline: none; opacity: 0; position: fixed; pointer-events: none;"[39m
      [33mtabindex[39m=[32m"0"[39m
    [36m/>[39m
    [36m<div[39m
      [33maria-hidden[39m=[32m"true"[39m
      [33mdata-aria-hidden[39m=[32m"true"[39m
    [36m>[39m
      [36m<div[39m
        [33mclass[39m=[32m"flex flex-col space-y-1.5 text-center sm:text-left"[39m
      [36m>[39m
        [36m<h2[39m
          [33mclass[39m=[32m"text-lg font-semibold leading-none tracking-tight"[39m
          [33mid[39m=[32m"radix-:ra:"[39m
        [36m>[39m
          [0m請求書プレビュー[0m
        [36m</h2>[39m
      [36m</div>[39m
      [36m<div[39m
        [33mclass[39m=[32m"flex flex-col-reverse sm:flex-row sm:space-x-2 sm:justify-between"[39m
      [36m>[39m
        [36m<div[39m
          [33mclass[39m=[32m"flex gap-2"[39m
        [36m>[39m
          [36m<button[39m
            [33mclass[39m=[32m"inline-flex items-center justify-center rounded-md text-sm font-medium transition-colors focus-visible:outline-none focus-visible:ring-2 focus-visible:ring-ring focus-visible:ring-offset-2 disabled:opacity-50 disabled:pointer-events-none ring-offset-background border border-input hover:bg-accent hover:text-accent-foreground h-10 py-2 px-4"[39m
            [33mdisabled[39m=[32m""[39m
          [36m>[39m
            [36m<svg[39m
              [33mclass[39m=[32m"mr-2 h-4 w-4"[39m
              [33mfill[39m=[32m"none"[39m
              [33mheight[39m=[32m"24"[39m
              [33mstroke[39m=[32m"currentColor"[39m
              [33mstroke-linecap[39m=[32m"round"[39m
              [33mstroke-linejoin[39m=[32m"round"[39m
              [33mstroke-width[39m=[32m"2"[39m
              [33mviewBox[39m=[32m"0 0 24 24"[39m
              [33mwidth[39m=[32m"24"[39m
              [33mxmlns[39m=[32m"http://www.w3.org/2000/svg"[39m
            [36m>[39m
              [36m<path[39m
                [33md[39m=[32m"M21 15v4a2 2 0 0 1-2 2H5a2 2 0 0 1-2-2v-4"[39m
              [36m/>[39m
              [36m<polyline[39m
                [33mpoints[39m=[32m"7 10 12 15 17 10"[39m
              [36m/>[39m
              [36m<line[39m
                [33mx1[39m=[32m"12"[39m
                [33mx2[39m=[32m"12"[39m
                [33my1[39m=[32m"15"[39m
                [33my2[39m=[32m"3"[39m
              [36m/>[39m
            [36m</svg>[39m
            [0mダウンロード[0m
          [36m</button>[39m
          [36m<button[39m
            [33mclass[39m=[32m"inline-flex items-center justify-center rounded-md text-sm font-medium transition-colors focus-visible:outline-none focus-visible:ring-2 focus-visible:ring-ring focus-visible:ring-offset-2 disabled:opacity-50 disabled:pointer-events-none ring-offset-background border border-input hover:bg-accent hover:text-accent-foreground h-10 py-2 px-4"[39m
            [33mdisabled[39m=[32m""[39m
          [36m>[39m
            [36m<svg[39m
              [33mclass[39m=[32m"mr-2 h-4 w-4"[39m
              [33mfill[39m=[32m"none"[39m
              [33mheight[39m=[32m"24"[39m
              [33mstroke[39m=[32m"currentColor"[39m
              [33mstroke-linecap[39m=[32m"round"[39m
              [33mstroke-linejoin[39m=[32m"round"[39m
              [33mstroke-width[39m=[32m"2"[39m
              [33mviewBox[39m=[32m"0 0 24 24"[39m
              [33mwidth[39m=[32m"24"[39m
              [33mxmlns[39m=[32m"http://www.w3.org/2000/svg"[39m
            [36m>[39m
              [36m<polyline[39m
                [33mpoints[39m=[32m"6 9 6 2 18 2 18 9"[39m
              [36m/>[39m
              [36m<path[39m
                [33md[39m=[32m"M6 18H4a2 2 0 0 1-2-2v-5a2 2 0 0 1 2-2h16a2 2 0 0 1 2 2v5a2 2 0 0 1-2 2h-2"[39m
              [36m/>[39m
              [36m<rect[39m
                [33mheight[39m=[32m"8"[39m
                [33mwidth[39m=[32m"12"[39m
                [33mx[39m=[32m"6"[39m
                [33my[39m=[32m"14"[39m
              [36m/>[39m
            [36m</svg>[39m
            [0m印刷[0m
          [36m</button>[39m
        [36m</div>[39m
        [36m<button[39m
          [33mclass[39m=[32m"inline-flex items-center justify-center rounded-md text-sm font-medium transition-colors focus-visible:outline-none focus-visible:ring-2 focus-visible:ring-ring focus-visible:ring-offset-2 disabled:opacity-50 disabled:pointer-events-none ring-offset-background bg-secondary text-secondary-foreground hover:bg-secondary/80 h-10 py-2 px-4"[39m
        [36m>[39m
          [0m閉じる[0m
        [36m</button>[39m
      [36m</div>[39m
    [36m</div>[39m
    [36m<div[39m
      [33maria-hidden[39m=[32m"true"[39m
      [33mclass[39m=[32m"fixed inset-0 z-50 bg-black/80 data-[state=open]:animate-in data-[state=closed]:animate-out data-[state=closed]:fade-out-0 data-[state=open]:fade-in-0"[39m
      [33mdata-aria-hidden[39m=[32m"true"[39m
      [33mdata-state[39m=[32m"open"[39m
      [33mstyle[39m=[32m"pointer-events: auto;"[39m
    [36m/>[39m
    [36m<div[39m
      [33maria-describedby[39m=[32m"radix-:rb:"[39m
      [33maria-labelledby[39m=[32m"radix-:ra:"[39m
      [33mclass[39m=[32m"fixed left-[50%] top-[50%] z-50 grid w-full translate-x-[-50%] translate-y-[-50%] gap-4 border bg-background p-6 shadow-lg duration-200 data-[state=open]:animate-in data-[state=closed]:animate-out data-[state=closed]:fade-out-0 data-[state=open]:fade-in-0 data-[state=closed]:zoom-out-95 data-[state=open]:zoom-in-95 data-[state=closed]:slide-out-to-left-1/2 data-[state=closed]:slide-out-to-top-[48%] data-[state=open]:slide-in-from-left-1/2 data-[state=open]:slide-in-from-top-[48%] sm:rounded-lg max-w-4xl"[39m
      [33mdata-state[39m=[32m"open"[39m
      [33mid[39m=[32m"radix-:r9:"[39m
      [33mrole[39m=[32m"dialog"[39m
      [33mstyle[39m=[32m"pointer-events: auto;"[39m
      [33mtabindex[39m=[32m"-1"[39m
    [36m>[39m
      [36m<button[39m
        [33mclass[39m=[32m"absolute right-4 top-4 rounded-sm opacity-70 ring-offset-background transition-opacity hover:opacity-100 focus:outline-none focus:ring-2 focus:ring-ring focus:ring-offset-2 disabled:pointer-events-none data-[state=open]:bg-accent data-[state=open]:text-muted-foreground"[39m
        [33mtype[39m=[32m"button"[39m
      [36m>[39m
        [36m<svg[39m
          [33mclass[39m=[32m"h-4 w-4"[39m
          [33mfill[39m=[32m"none"[39m
          [33mheight[39m=[32m"24"[39m
          [33mstroke[39m=[32m"currentColor"[39m
          [33mstroke-linecap[39m=[32m"round"[39m
          [33mstroke-linejoin[39m=[32m"round"[39m
          [33mstroke-width[39m=[32m"2"[39m
          [33mviewBox[39m=[32m"0 0 24 24"[39m
          [33mwidth[39m=[32m"24"[39m
          [33mxmlns[39m=[32m"http://www.w3.org/2000/svg"[39m
        [36m>[39m
          [36m<path[39m
            [33md[39m=[32m"M18 6 6 18"[39m
          [36m/>[39m
          [36m<path[39m
            [33md[39m=[32m"m6 6 12 12"[39m
          [36m/>[39m
        [36m</svg>[39m
        [36m<span[39m
          [33mclass[39m=[32m"sr-only"[39m
        [36m>[39m
          [0mClose[0m
        [36m</span>[39m
      [36m</button>[39m
    [36m</div>[39m
    [36m<span[39m
      [33maria-hidden[39m=[32m"true"[39m
      [33mdata-aria-hidden[39m=[32m"true"[39m
      [33mdata-radix-focus-guard[39m=[32m""[39m
      [33mstyle[39m=[32m"outline: none; opacity: 0; position: fixed; pointer-events: none;"[39m
      [33mtabindex[39m=[32m"0"[39m
    [36m/>[39m
  [36m</body>[39m
[36m</html>[39m
   ❯ src/components/invoice/__tests__/InvoicePreviewModal.test.tsx > InvoicePreviewModal > should cleanup URL object when modal is closed
     → expected "spy" to be called at least once

Ignored nodes: comments, script, style
[36m<html>[39m
  [36m<head />[39m
  [36m<body[39m
    [33mdata-scroll-locked[39m=[32m"1"[39m
    [33mstyle[39m=[32m"pointer-events: none;"[39m
  [36m>[39m
    [36m<span[39m
      [33maria-hidden[39m=[32m"true"[39m
      [33mdata-aria-hidden[39m=[32m"true"[39m
      [33mdata-radix-focus-guard[39m=[32m""[39m
      [33mstyle[39m=[32m"outline: none; opacity: 0; position: fixed; pointer-events: none;"[39m
      [33mtabindex[39m=[32m"0"[39m
    [36m/>[39m
    [36m<div[39m
      [33maria-hidden[39m=[32m"true"[39m
      [33mdata-aria-hidden[39m=[32m"true"[39m
    [36m>[39m
      [36m<div[39m
        [33mclass[39m=[32m"flex flex-col space-y-1.5 text-center sm:text-left"[39m
      [36m>[39m
        [36m<h2[39m
          [33mclass[39m=[32m"text-lg font-semibold leading-none tracking-tight"[39m
          [33mid[39m=[32m"radix-:rg:"[39m
        [36m>[39m
          [0m請求書プレビュー[0m
        [36m</h2>[39m
      [36m</div>[39m
      [36m<div[39m
        [33mclass[39m=[32m"flex flex-col-reverse sm:flex-row sm:space-x-2 sm:justify-between"[39m
      [36m>[39m
        [36m<div[39m
          [33mclass[39m=[32m"flex gap-2"[39m
        [36m>[39m
          [36m<button[39m
            [33mclass[39m=[32m"inline-flex items-center justify-center rounded-md text-sm font-medium transition-colors focus-visible:outline-none focus-visible:ring-2 focus-visible:ring-ring focus-visible:ring-offset-2 disabled:opacity-50 disabled:pointer-events-none ring-offset-background border border-input hover:bg-accent hover:text-accent-foreground h-10 py-2 px-4"[39m
            [33mdisabled[39m=[32m""[39m
          [36m>[39m
            [36m<svg[39m
              [33mclass[39m=[32m"mr-2 h-4 w-4"[39m
              [33mfill[39m=[32m"none"[39m
              [33mheight[39m=[32m"24"[39m
              [33mstroke[39m=[32m"currentColor"[39m
              [33mstroke-linecap[39m=[32m"round"[39m
              [33mstroke-linejoin[39m=[32m"round"[39m
              [33mstroke-width[39m=[32m"2"[39m
              [33mviewBox[39m=[32m"0 0 24 24"[39m
              [33mwidth[39m=[32m"24"[39m
              [33mxmlns[39m=[32m"http://www.w3.org/2000/svg"[39m
            [36m>[39m
              [36m<path[39m
                [33md[39m=[32m"M21 15v4a2 2 0 0 1-2 2H5a2 2 0 0 1-2-2v-4"[39m
              [36m/>[39m
              [36m<polyline[39m
                [33mpoints[39m=[32m"7 10 12 15 17 10"[39m
              [36m/>[39m
              [36m<line[39m
                [33mx1[39m=[32m"12"[39m
                [33mx2[39m=[32m"12"[39m
                [33my1[39m=[32m"15"[39m
                [33my2[39m=[32m"3"[39m
              [36m/>[39m
            [36m</svg>[39m
            [0mダウンロード[0m
          [36m</button>[39m
          [36m<button[39m
            [33mclass[39m=[32m"inline-flex items-center justify-center rounded-md text-sm font-medium transition-colors focus-visible:outline-none focus-visible:ring-2 focus-visible:ring-ring focus-visible:ring-offset-2 disabled:opacity-50 disabled:pointer-events-none ring-offset-background border border-input hover:bg-accent hover:text-accent-foreground h-10 py-2 px-4"[39m
            [33mdisabled[39m=[32m""[39m
          [36m>[39m
            [36m<svg[39m
              [33mclass[39m=[32m"mr-2 h-4 w-4"[39m
              [33mfill[39m=[32m"none"[39m
              [33mheight[39m=[32m"24"[39m
              [33mstroke[39m=[32m"currentColor"[39m
              [33mstroke-linecap[39m=[32m"round"[39m
              [33mstroke-linejoin[39m=[32m"round"[39m
              [33mstroke-width[39m=[32m"2"[39m
              [33mviewBox[39m=[32m"0 0 24 24"[39m
              [33mwidth[39m=[32m"24"[39m
              [33mxmlns[39m=[32m"http://www.w3.org/2000/svg"[39m
            [36m>[39m
              [36m<polyline[39m
                [33mpoints[39m=[32m"6 9 6 2 18 2 18 9"[39m
              [36m/>[39m
              [36m<path[39m
                [33md[39m=[32m"M6 18H4a2 2 0 0 1-2-2v-5a2 2 0 0 1 2-2h16a2 2 0 0 1 2 2v5a2 2 0 0 1-2 2h-2"[39m
              [36m/>[39m
              [36m<rect[39m
                [33mheight[39m=[32m"8"[39m
                [33mwidth[39m=[32m"12"[39m
                [33mx[39m=[32m"6"[39m
                [33my[39m=[32m"14"[39m
              [36m/>[39m
            [36m</svg>[39m
            [0m印刷[0m
          [36m</button>[39m
        [36m</div>[39m
        [36m<button[39m
          [33mclass[39m=[32m"inline-flex items-center justify-center rounded-md text-sm font-medium transition-colors focus-visible:outline-none focus-visible:ring-2 focus-visible:ring-ring focus-visible:ring-offset-2 disabled:opacity-50 disabled:pointer-events-none ring-offset-background bg-secondary text-secondary-foreground hover:bg-secondary/80 h-10 py-2 px-4"[39m
        [36m>[39m
          [0m閉じる[0m
        [36m</button>[39m
      [36m</div>[39m
    [36m</div>[39m
    [36m<div[39m
      [33maria-hidden[39m=[32m"true"[39m
      [33mclass[39m=[32m"fixed inset-0 z-50 bg-black/80 data-[state=open]:animate-in data-[state=closed]:animate-out data-[state=closed]:fade-out-0 data-[state=open]:fade-in-0"[39m
      [33mdata-aria-hidden[39m=[32m"true"[39m
      [33mdata-state[39m=[32m"open"[39m
      [33mstyle[39m=[32m"pointer-events: auto;"[39m
    [36m/>[39m
    [36m<div[39m
      [33maria-describedby[39m=[32m"radix-:rh:"[39m
      [33maria-labelledby[39m=[32m"radix-:rg:"[39m
      [33mclass[39m=[32m"fixed left-[50%] top-[50%] z-50 grid w-full translate-x-[-50%] translate-y-[-50%] gap-4 border bg-background p-6 shadow-lg duration-200 data-[state=open]:animate-in data-[state=closed]:animate-out data-[state=closed]:fade-out-0 data-[state=open]:fade-in-0 data-[state=closed]:zoom-out-95 data-[state=open]:zoom-in-95 data-[state=closed]:slide-out-to-left-1/2 data-[state=closed]:slide-out-to-top-[48%] data-[state=open]:slide-in-from-left-1/2 data-[state=open]:slide-in-from-top-[48%] sm:rounded-lg max-w-4xl"[39m
      [33mdata-state[39m=[32m"open"[39m
      [33mid[39m=[32m"radix-:rf:"[39m
      [33mrole[39m=[32m"dialog"[39m
      [33mstyle[39m=[32m"pointer-events: auto;"[39m
      [33mtabindex[39m=[32m"-1"[39m
    [36m>[39m
      [36m<button[39m
        [33mclass[39m=[32m"absolute right-4 top-4 rounded-sm opacity-70 ring-offset-background transition-opacity hover:opacity-100 focus:outline-none focus:ring-2 focus:ring-ring focus:ring-offset-2 disabled:pointer-events-none data-[state=open]:bg-accent data-[state=open]:text-muted-foreground"[39m
        [33mtype[39m=[32m"button"[39m
      [36m>[39m
        [36m<svg[39m
          [33mclass[39m=[32m"h-4 w-4"[39m
          [33mfill[39m=[32m"none"[39m
          [33mheight[39m=[32m"24"[39m
          [33mstroke[39m=[32m"currentColor"[39m
          [33mstroke-linecap[39m=[32m"round"[39m
          [33mstroke-linejoin[39m=[32m"round"[39m
          [33mstroke-width[39m=[32m"2"[39m
          [33mviewBox[39m=[32m"0 0 24 24"[39m
          [33mwidth[39m=[32m"24"[39m
          [33mxmlns[39m=[32m"http://www.w3.org/2000/svg"[39m
        [36m>[39m
          [36m<path[39m
            [33md[39m=[32m"M18 6 6 18"[39m
          [36m/>[39m
          [36m<path[39m
            [33md[39m=[32m"m6 6 12 12"[39m
          [36m/>[39m
        [36m</svg>[39m
        [36m<span[39m
          [33mclass[39m=[32m"sr-only"[39m
        [36m>[39m
          [0mClose[0m
        [36m</span>[39m
      [36m</button>[39m
    [36m</div>[39m
    [36m<span[39m
      [33maria-hidden[39m=[32m"true"[39m
      [33mdata-aria-hidden[39m=[32m"true"[39m
      [33mdata-radix-focus-guard[39m=[32m""[39m
      [33mstyle[39m=[32m"outline: none; opacity: 0; position: fixed; pointer-events: none;"[39m
      [33mtabindex[39m=[32m"0"[39m
    [36m/>[39m
  [36m</body>[39m
[36m</html>[39m
   ❯ src/components/invoice/__tests__/InvoicePreviewModal.test.tsx > InvoicePreviewModal > should show error toast when PDF generation fails
     → Unable to find an element with the text: PDFの生成に失敗しました. This could be because the text is broken up by multiple elements. In this case, you can provide a function for your text matcher to make your matcher more flexible.

Ignored nodes: comments, script, style
[36m<body[39m
  [33mdata-scroll-locked[39m=[32m"1"[39m
  [33mstyle[39m=[32m"pointer-events: none;"[39m
[36m>[39m
  [36m<span[39m
    [33maria-hidden[39m=[32m"true"[39m
    [33mdata-aria-hidden[39m=[32m"true"[39m
    [33mdata-radix-focus-guard[39m=[32m""[39m
    [33mstyle[39m=[32m"outline: none; opacity: 0; position: fixed; pointer-events: none;"[39m
    [33mtabindex[39m=[32m"0"[39m
  [36m/>[39m
  [36m<div[39m
    [33maria-hidden[39m=[32m"true"[39m
    [33mdata-aria-hidden[39m=[32m"true"[39m
  [36m>[39m
    [36m<div[39m
      [33mclass[39m=[32m"flex flex-col space-y-1.5 text-center sm:text-left"[39m
    [36m>[39m
      [36m<h2[39m
        [33mclass[39m=[32m"text-lg font-semibold leading-none tracking-tight"[39m
        [33mid[39m=[32m"radix-:rj:"[39m
      [36m>[39m
        [0m請求書プレビュー[0m
      [36m</h2>[39m
    [36m</div>[39m
    [36m<div[39m
      [33mclass[39m=[32m"flex flex-col-reverse sm:flex-row sm:space-x-2 sm:justify-between"[39m
    [36m>[39m
      [36m<div[39m
        [33mclass[39m=[32m"flex gap-2"[39m
      [36m>[39m
        [36m<button[39m
          [33mclass[39m=[32m"inline-flex items-center justify-center rounded-md text-sm font-medium transition-colors focus-visible:outline-none focus-visible:ring-2 focus-visible:ring-ring focus-visible:ring-offset-2 disabled:opacity-50 disabled:pointer-events-none ring-offset-background border border-input hover:bg-accent hover:text-accent-foreground h-10 py-2 px-4"[39m
          [33mdisabled[39m=[32m""[39m
        [36m>[39m
          [36m<svg[39m
            [33mclass[39m=[32m"mr-2 h-4 w-4"[39m
            [33mfill[39m=[32m"none"[39m
            [33mheight[39m=[32m"24"[39m
            [33mstroke[39m=[32m"currentColor"[39m
            [33mstroke-linecap[39m=[32m"round"[39m
            [33mstroke-linejoin[39m=[32m"round"[39m
            [33mstroke-width[39m=[32m"2"[39m
            [33mviewBox[39m=[32m"0 0 24 24"[39m
            [33mwidth[39m=[32m"24"[39m
            [33mxmlns[39m=[32m"http://www.w3.org/2000/svg"[39m
          [36m>[39m
            [36m<path[39m
              [33md[39m=[32m"M21 15v4a2 2 0 0 1-2 2H5a2 2 0 0 1-2-2v-4"[39m
            [36m/>[39m
            [36m<polyline[39m
              [33mpoints[39m=[32m"7 10 12 15 17 10"[39m
            [36m/>[39m
            [36m<line[39m
              [33mx1[39m=[32m"12"[39m
              [33mx2[39m=[32m"12"[39m
              [33my1[39m=[32m"15"[39m
              [33my2[39m=[32m"3"[39m
            [36m/>[39m
          [36m</svg>[39m
          [0mダウンロード[0m
        [36m</button>[39m
        [36m<button[39m
          [33mclass[39m=[32m"inline-flex items-center justify-center rounded-md text-sm font-medium transition-colors focus-visible:outline-none focus-visible:ring-2 focus-visible:ring-ring focus-visible:ring-offset-2 disabled:opacity-50 disabled:pointer-events-none ring-offset-background border border-input hover:bg-accent hover:text-accent-foreground h-10 py-2 px-4"[39m
          [33mdisabled[39m=[32m""[39m
        [36m>[39m
          [36m<svg[39m
            [33mclass[39m=[32m"mr-2 h-4 w-4"[39m
            [33mfill[39m=[32m"none"[39m
            [33mheight[39m=[32m"24"[39m
            [33mstroke[39m=[32m"currentColor"[39m
            [33mstroke-linecap[39m=[32m"round"[39m
            [33mstroke-linejoin[39m=[32m"round"[39m
            [33mstroke-width[39m=[32m"2"[39m
            [33mviewBox[39m=[32m"0 0 24 24"[39m
            [33mwidth[39m=[32m"24"[39m
            [33mxmlns[39m=[32m"http://www.w3.org/2000/svg"[39m
          [36m>[39m
            [36m<polyline[39m
              [33mpoints[39m=[32m"6 9 6 2 18 2 18 9"[39m
            [36m/>[39m
            [36m<path[39m
              [33md[39m=[32m"M6 18H4a2 2 0 0 1-2-2v-5a2 2 0 0 1 2-2h16a2 2 0 0 1 2 2v5a2 2 0 0 1-2 2h-2"[39m
            [36m/>[39m
            [36m<rect[39m
              [33mheight[39m=[32m"8"[39m
              [33mwidth[39m=[32m"12"[39m
              [33mx[39m=[32m"6"[39m
              [33my[39m=[32m"14"[39m
            [36m/>[39m
          [36m</svg>[39m
          [0m印刷[0m
        [36m</button>[39m
      [36m</div>[39m
      [36m<button[39m
        [33mclass[39m=[32m"inline-flex items-center justify-center rounded-md text-sm font-medium transition-colors focus-visible:outline-none focus-visible:ring-2 focus-visible:ring-ring focus-visible:ring-offset-2 disabled:opacity-50 disabled:pointer-events-none ring-offset-background bg-secondary text-secondary-foreground hover:bg-secondary/80 h-10 py-2 px-4"[39m
      [36m>[39m
        [0m閉じる[0m
      [36m</button>[39m
    [36m</div>[39m
  [36m</div>[39m
  [36m<div[39m
    [33maria-hidden[39m=[32m"true"[39m
    [33mclass[39m=[32m"fixed inset-0 z-50 bg-black/80 data-[state=open]:animate-in data-[state=closed]:animate-out data-[state=closed]:fade-out-0 data-[state=open]:fade-in-0"[39m
    [33mdata-aria-hidden[39m=[32m"true"[39m
    [33mdata-state[39m=[32m"open"[39m
    [33mstyle[39m=[32m"pointer-events: auto;"[39m
  [36m/>[39m
  [36m<div[39m
    [33maria-describedby[39m=[32m"radix-:rk:"[39m
    [33maria-labelledby[39m=[32m"radix-:rj:"[39m
    [33mclass[39m=[32m"fixed left-[50%] top-[50%] z-50 grid w-full translate-x-[-50%] translate-y-[-50%] gap-4 border bg-background p-6 shadow-lg duration-200 data-[state=open]:animate-in data-[state=closed]:animate-out data-[state=closed]:fade-out-0 data-[state=open]:fade-in-0 data-[state=closed]:zoom-out-95 data-[state=open]:zoom-in-95 data-[state=closed]:slide-out-to-left-1/2 data-[state=closed]:slide-out-to-top-[48%] data-[state=open]:slide-in-from-left-1/2 data-[state=open]:slide-in-from-top-[48%] sm:rounded-lg max-w-4xl"[39m
    [33mdata-state[39m=[32m"open"[39m
    [33mid[39m=[32m"radix-:ri:"[39m
    [33mrole[39m=[32m"dialog"[39m
    [33mstyle[39m=[32m"pointer-events: auto;"[39m
    [33mtabindex[39m=[32m"-1"[39m
  [36m>[39m
    [36m<button[39m
      [33mclass[39m=[32m"absolute right-4 top-4 rounded-sm opacity-70 ring-offset-background transition-opacity hover:opacity-100 focus:outline-none focus:ring-2 focus:ring-ring focus:ring-offset-2 disabled:pointer-events-none data-[state=open]:bg-accent data-[state=open]:text-muted-foreground"[39m
      [33mtype[39m=[32m"button"[39m
    [36m>[39m
      [36m<svg[39m
        [33mclass[39m=[32m"h-4 w-4"[39m
        [33mfill[39m=[32m"none"[39m
        [33mheight[39m=[32m"24"[39m
        [33mstroke[39m=[32m"currentColor"[39m
        [33mstroke-linecap[39m=[32m"round"[39m
        [33mstroke-linejoin[39m=[32m"round"[39m
        [33mstroke-width[39m=[32m"2"[39m
        [33mviewBox[39m=[32m"0 0 24 24"[39m
        [33mwidth[39m=[32m"24"[39m
        [33mxmlns[39m=[32m"http://www.w3.org/2000/svg"[39m
      [36m>[39m
        [36m<path[39m
          [33md[39m=[32m"M18 6 6 18"[39m
        [36m/>[39m
        [36m<path[39m
          [33md[39m=[32m"m6 6 12 12"[39m
        [36m/>[39m
      [36m</svg>[39m
      [36m<span[39m
        [33mclass[39m=[32m"sr-only"[39m
      [36m>[39m
        [0mClose[0m
      [36m</span>[39m
    [36m</button>[39m
  [36m</div>[39m
  [36m<span[39m
    [33maria-hidden[39m=[32m"true"[39m
    [33mdata-aria-hidden[39m=[32m"true"[39m
    [33mdata-radix-focus-guard[39m=[32m""[39m
    [33mstyle[39m=[32m"outline: none; opacity: 0; position: fixed; pointer-events: none;"[39m
    [33mtabindex[39m=[32m"0"[39m
  [36m/>[39m
[36m</body>[39m

Ignored nodes: comments, script, style
[36m<html>[39m
  [36m<head />[39m
  [36m<body[39m
    [33mdata-scroll-locked[39m=[32m"1"[39m
    [33mstyle[39m=[32m"pointer-events: none;"[39m
  [36m>[39m
    [36m<span[39m
      [33maria-hidden[39m=[32m"true"[39m
      [33mdata-aria-hidden[39m=[32m"true"[39m
      [33mdata-radix-focus-guard[39m=[32m""[39m
      [33mstyle[39m=[32m"outline: none; opacity: 0; position: fixed; pointer-events: none;"[39m
      [33mtabindex[39m=[32m"0"[39m
    [36m/>[39m
    [36m<div[39m
      [33maria-hidden[39m=[32m"true"[39m
      [33mdata-aria-hidden[39m=[32m"true"[39m
    [36m>[39m
      [36m<div[39m
        [33mclass[39m=[32m"flex flex-col space-y-1.5 text-center sm:text-left"[39m
      [36m>[39m
        [36m<h2[39m
          [33mclass[39m=[32m"text-lg font-semibold leading-none tracking-tight"[39m
          [33mid[39m=[32m"radix-:rj:"[39m
        [36m>[39m
          [0m請求書プレビュー[0m
        [36m</h2>[39m
      [36m</div>[39m
      [36m<div[39m
        [33mclass[39m=[32m"flex flex-col-reverse sm:flex-row sm:space-x-2 sm:justify-between"[39m
      [36m>[39m
        [36m<div[39m
          [33mclass[39m=[32m"flex gap-2"[39m
        [36m>[39m
          [36m<button[39m
            [33mclass[39m=[32m"inline-flex items-center justify-center rounded-md text-sm font-medium transition-colors focus-visible:outline-none focus-visible:ring-2 focus-visible:ring-ring focus-visible:ring-offset-2 disabled:opacity-50 disabled:pointer-events-none ring-offset-background border border-input hover:bg-accent hover:text-accent-foreground h-10 py-2 px-4"[39m
            [33mdisabled[39m=[32m""[39m
          [36m>[39m
            [36m<svg[39m
              [33mclass[39m=[32m"mr-2 h-4 w-4"[39m
              [33mfill[39m=[32m"none"[39m
              [33mheight[39m=[32m"24"[39m
              [33mstroke[39m=[32m"currentColor"[39m
              [33mstroke-linecap[39m=[32m"round"[39m
              [33mstroke-linejoin[39m=[32m"round"[39m
              [33mstroke-width[39m=[32m"2"[39m
              [33mviewBox[39m=[32m"0 0 24 24"[39m
              [33mwidth[39m=[32m"24"[39m
              [33mxmlns[39m=[32m"http://www.w3.org/2000/svg"[39m
            [36m>[39m
              [36m<path[39m
                [33md[39m=[32m"M21 15v4a2 2 0 0 1-2 2H5a2 2 0 0 1-2-2v-4"[39m
              [36m/>[39m
              [36m<polyline[39m
                [33mpoints[39m=[32m"7 10 12 15 17 10"[39m
              [36m/>[39m
              [36m<line[39m
                [33mx1[39m=[32m"12"[39m
                [33mx2[39m=[32m"12"[39m
                [33my1[39m=[32m"15"[39m
                [33my2[39m=[32m"3"[39m
              [36m/>[39m
            [36m</svg>[39m
            [0mダウンロード[0m
          [36m</button>[39m
          [36m<button[39m
            [33mclass[39m=[32m"inline-flex items-center justify-center rounded-md text-sm font-medium transition-colors focus-visible:outline-none focus-visible:ring-2 focus-visible:ring-ring focus-visible:ring-offset-2 disabled:opacity-50 disabled:pointer-events-none ring-offset-background border border-input hover:bg-accent hover:text-accent-foreground h-10 py-2 px-4"[39m
            [33mdisabled[39m=[32m""[39m
          [36m>[39m
            [36m<svg[39m
              [33mclass[39m=[32m"mr-2 h-4 w-4"[39m
              [33mfill[39m=[32m"none"[39m
              [33mheight[39m=[32m"24"[39m
              [33mstroke[39m=[32m"currentColor"[39m
              [33mstroke-linecap[39m=[32m"round"[39m
              [33mstroke-linejoin[39m=[32m"round"[39m
              [33mstroke-width[39m=[32m"2"[39m
              [33mviewBox[39m=[32m"0 0 24 24"[39m
              [33mwidth[39m=[32m"24"[39m
              [33mxmlns[39m=[32m"http://www.w3.org/2000/svg"[39m
            [36m>[39m
              [36m<polyline[39m
                [33mpoints[39m=[32m"6 9 6 2 18 2 18 9"[39m
              [36m/>[39m
              [36m<path[39m
                [33md[39m=[32m"M6 18H4a2 2 0 0 1-2-2v-5a2 2 0 0 1 2-2h16a2 2 0 0 1 2 2v5a2 2 0 0 1-2 2h-2"[39m
              [36m/>[39m
              [36m<rect[39m
                [33mheight[39m=[32m"8"[39m
                [33mwidth[39m=[32m"12"[39m
                [33mx[39m=[32m"6"[39m
                [33my[39m=[32m"14"[39m
              [36m/>[39m
            [36m</svg>[39m
            [0m印刷[0m
          [36m</button>[39m
        [36m</div>[39m
        [36m<button[39m
          [33mclass[39m=[32m"inline-flex items-center justify-center rounded-md text-sm font-medium transition-colors focus-visible:outline-none focus-visible:ring-2 focus-visible:ring-ring focus-visible:ring-offset-2 disabled:opacity-50 disabled:pointer-events-none ring-offset-background bg-secondary text-secondary-foreground hover:bg-secondary/80 h-10 py-2 px-4"[39m
        [36m>[39m
          [0m閉じる[0m
        [36m</button>[39m
      [36m</div>[39m
    [36m</div>[39m
    [36m<div[39m
      [33maria-hidden[39m=[32m"true"[39m
      [33mclass[39m=[32m"fixed inset-0 z-50 bg-black/80 data-[state=open]:animate-in data-[state=closed]:animate-out data-[state=closed]:fade-out-0 data-[state=open]:fade-in-0"[39m
      [33mdata-aria-hidden[39m=[32m"true"[39m
      [33mdata-state[39m=[32m"open"[39m
      [33mstyle[39m=[32m"pointer-events: auto;"[39m
    [36m/>[39m
    [36m<div[39m
      [33maria-describedby[39m=[32m"radix-:rk:"[39m
      [33maria-labelledby[39m=[32m"radix-:rj:"[39m
      [33mclass[39m=[32m"fixed left-[50%] top-[50%] z-50 grid w-full translate-x-[-50%] translate-y-[-50%] gap-4 border bg-background p-6 shadow-lg duration-200 data-[state=open]:animate-in data-[state=closed]:animate-out data-[state=closed]:fade-out-0 data-[state=open]:fade-in-0 data-[state=closed]:zoom-out-95 data-[state=open]:zoom-in-95 data-[state=closed]:slide-out-to-left-1/2 data-[state=closed]:slide-out-to-top-[48%] data-[state=open]:slide-in-from-left-1/2 data-[state=open]:slide-in-from-top-[48%] sm:rounded-lg max-w-4xl"[39m
      [33mdata-state[39m=[32m"open"[39m
      [33mid[39m=[32m"radix-:ri:"[39m
      [33mrole[39m=[32m"dialog"[39m
      [33mstyle[39m=[32m"pointer-events: auto;"[39m
      [33mtabindex[39m=[32m"-1"[39m
    [36m>[39m
      [36m<button[39m
        [33mclass[39m=[32m"absolute right-4 top-4 rounded-sm opacity-70 ring-offset-background transition-opacity hover:opacity-100 focus:outline-none focus:ring-2 focus:ring-ring focus:ring-offset-2 disabled:pointer-events-none data-[state=open]:bg-accent data-[state=open]:text-muted-foreground"[39m
        [33mtype[39m=[32m"button"[39m
      [36m>[39m
        [36m<svg[39m
          [33mclass[39m=[32m"h-4 w-4"[39m
          [33mfill[39m=[32m"none"[39m
          [33mheight[39m=[32m"24"[39m
          [33mstroke[39m=[32m"currentColor"[39m
          [33mstroke-linecap[39m=[32m"round"[39m
          [33mstroke-linejoin[39m=[32m"round"[39m
          [33mstroke-width[39m=[32m"2"[39m
          [33mviewBox[39m=[32m"0 0 24 24"[39m
          [33mwidth[39m=[32m"24"[39m
          [33mxmlns[39m=[32m"http://www.w3.org/2000/svg"[39m
        [36m>[39m
          [36m<path[39m
            [33md[39m=[32m"M18 6 6 18"[39m
          [36m/>[39m
          [36m<path[39m
            [33md[39m=[32m"m6 6 12 12"[39m
          [36m/>[39m
        [36m</svg>[39m
        [36m<span[39m
          [33mclass[39m=[32m"sr-only"[39m
        [36m>[39m
          [0mClose[0m
        [36m</span>[39m
      [36m</button>[39m
    [36m</div>[39m
    [36m<span[39m
      [33maria-hidden[39m=[32m"true"[39m
      [33mdata-aria-hidden[39m=[32m"true"[39m
      [33mdata-radix-focus-guard[39m=[32m""[39m
      [33mstyle[39m=[32m"outline: none; opacity: 0; position: fixed; pointer-events: none;"[39m
      [33mtabindex[39m=[32m"0"[39m
    [36m/>[39m
  [36m</body>[39m
[36m</html>[39m
   ❯ src/components/invoice/__tests__/InvoicePreviewModal.test.tsx > InvoicePreviewModal > should show error toast when print fails
     → expect(element).not.toBeDisabled()

Received element is disabled:
  <button
  class="inline-flex items-center justify-center rounded-md text-sm font-medium transition-colors focus-visible:outline-none focus-visible:ring-2 focus-visible:ring-ring focus-visible:ring-offset-2 disabled:opacity-50 disabled:pointer-events-none ring-offset-background border border-input hover:bg-accent hover:text-accent-foreground h-10 py-2 px-4"
  disabled=""
/>

Ignored nodes: comments, script, style
[36m<html>[39m
  [36m<head />[39m
  [36m<body[39m
    [33mdata-scroll-locked[39m=[32m"1"[39m
    [33mstyle[39m=[32m"pointer-events: none;"[39m
  [36m>[39m
    [36m<span[39m
      [33maria-hidden[39m=[32m"true"[39m
      [33mdata-aria-hidden[39m=[32m"true"[39m
      [33mdata-radix-focus-guard[39m=[32m""[39m
      [33mstyle[39m=[32m"outline: none; opacity: 0; position: fixed; pointer-events: none;"[39m
      [33mtabindex[39m=[32m"0"[39m
    [36m/>[39m
    [36m<div[39m
      [33maria-hidden[39m=[32m"true"[39m
      [33mdata-aria-hidden[39m=[32m"true"[39m
    [36m>[39m
      [36m<div[39m
        [33mclass[39m=[32m"flex flex-col space-y-1.5 text-center sm:text-left"[39m
      [36m>[39m
        [36m<h2[39m
          [33mclass[39m=[32m"text-lg font-semibold leading-none tracking-tight"[39m
          [33mid[39m=[32m"radix-:rm:"[39m
        [36m>[39m
          [0m請求書プレビュー[0m
        [36m</h2>[39m
      [36m</div>[39m
      [36m<div[39m
        [33mclass[39m=[32m"flex flex-col-reverse sm:flex-row sm:space-x-2 sm:justify-between"[39m
      [36m>[39m
        [36m<div[39m
          [33mclass[39m=[32m"flex gap-2"[39m
        [36m>[39m
          [36m<button[39m
            [33mclass[39m=[32m"inline-flex items-center justify-center rounded-md text-sm font-medium transition-colors focus-visible:outline-none focus-visible:ring-2 focus-visible:ring-ring focus-visible:ring-offset-2 disabled:opacity-50 disabled:pointer-events-none ring-offset-background border border-input hover:bg-accent hover:text-accent-foreground h-10 py-2 px-4"[39m
            [33mdisabled[39m=[32m""[39m
          [36m>[39m
            [36m<svg[39m
              [33mclass[39m=[32m"mr-2 h-4 w-4"[39m
              [33mfill[39m=[32m"none"[39m
              [33mheight[39m=[32m"24"[39m
              [33mstroke[39m=[32m"currentColor"[39m
              [33mstroke-linecap[39m=[32m"round"[39m
              [33mstroke-linejoin[39m=[32m"round"[39m
              [33mstroke-width[39m=[32m"2"[39m
              [33mviewBox[39m=[32m"0 0 24 24"[39m
              [33mwidth[39m=[32m"24"[39m
              [33mxmlns[39m=[32m"http://www.w3.org/2000/svg"[39m
            [36m>[39m
              [36m<path[39m
                [33md[39m=[32m"M21 15v4a2 2 0 0 1-2 2H5a2 2 0 0 1-2-2v-4"[39m
              [36m/>[39m
              [36m<polyline[39m
                [33mpoints[39m=[32m"7 10 12 15 17 10"[39m
              [36m/>[39m
              [36m<line[39m
                [33mx1[39m=[32m"12"[39m
                [33mx2[39m=[32m"12"[39m
                [33my1[39m=[32m"15"[39m
                [33my2[39m=[32m"3"[39m
              [36m/>[39m
            [36m</svg>[39m
            [0mダウンロード[0m
          [36m</button>[39m
          [36m<button[39m
            [33mclass[39m=[32m"inline-flex items-center justify-center rounded-md text-sm font-medium transition-colors focus-visible:outline-none focus-visible:ring-2 focus-visible:ring-ring focus-visible:ring-offset-2 disabled:opacity-50 disabled:pointer-events-none ring-offset-background border border-input hover:bg-accent hover:text-accent-foreground h-10 py-2 px-4"[39m
            [33mdisabled[39m=[32m""[39m
          [36m>[39m
            [36m<svg[39m
              [33mclass[39m=[32m"mr-2 h-4 w-4"[39m
              [33mfill[39m=[32m"none"[39m
              [33mheight[39m=[32m"24"[39m
              [33mstroke[39m=[32m"currentColor"[39m
              [33mstroke-linecap[39m=[32m"round"[39m
              [33mstroke-linejoin[39m=[32m"round"[39m
              [33mstroke-width[39m=[32m"2"[39m
              [33mviewBox[39m=[32m"0 0 24 24"[39m
              [33mwidth[39m=[32m"24"[39m
              [33mxmlns[39m=[32m"http://www.w3.org/2000/svg"[39m
            [36m>[39m
              [36m<polyline[39m
                [33mpoints[39m=[32m"6 9 6 2 18 2 18 9"[39m
              [36m/>[39m
              [36m<path[39m
                [33md[39m=[32m"M6 18H4a2 2 0 0 1-2-2v-5a2 2 0 0 1 2-2h16a2 2 0 0 1 2 2v5a2 2 0 0 1-2 2h-2"[39m
              [36m/>[39m
              [36m<rect[39m
                [33mheight[39m=[32m"8"[39m
                [33mwidth[39m=[32m"12"[39m
                [33mx[39m=[32m"6"[39m
                [33my[39m=[32m"14"[39m
              [36m/>[39m
            [36m</svg>[39m
            [0m印刷[0m
          [36m</button>[39m
        [36m</div>[39m
        [36m<button[39m
          [33mclass[39m=[32m"inline-flex items-center justify-center rounded-md text-sm font-medium transition-colors focus-visible:outline-none focus-visible:ring-2 focus-visible:ring-ring focus-visible:ring-offset-2 disabled:opacity-50 disabled:pointer-events-none ring-offset-background bg-secondary text-secondary-foreground hover:bg-secondary/80 h-10 py-2 px-4"[39m
        [36m>[39m
          [0m閉じる[0m
        [36m</button>[39m
      [36m</div>[39m
    [36m</div>[39m
    [36m<div[39m
      [33maria-hidden[39m=[32m"true"[39m
      [33mclass[39m=[32m"fixed inset-0 z-50 bg-black/80 data-[state=open]:animate-in data-[state=closed]:animate-out data-[state=closed]:fade-out-0 data-[state=open]:fade-in-0"[39m
      [33mdata-aria-hidden[39m=[32m"true"[39m
      [33mdata-state[39m=[32m"open"[39m
      [33mstyle[39m=[32m"pointer-events: auto;"[39m
    [36m/>[39m
    [36m<div[39m
      [33maria-describedby[39m=[32m"radix-:rn:"[39m
      [33maria-labelledby[39m=[32m"radix-:rm:"[39m
      [33mclass[39m=[32m"fixed left-[50%] top-[50%] z-50 grid w-full translate-x-[-50%] translate-y-[-50%] gap-4 border bg-background p-6 shadow-lg duration-200 data-[state=open]:animate-in data-[state=closed]:animate-out data-[state=closed]:fade-out-0 data-[state=open]:fade-in-0 data-[state=closed]:zoom-out-95 data-[state=open]:zoom-in-95 data-[state=closed]:slide-out-to-left-1/2 data-[state=closed]:slide-out-to-top-[48%] data-[state=open]:slide-in-from-left-1/2 data-[state=open]:slide-in-from-top-[48%] sm:rounded-lg max-w-4xl"[39m
      [33mdata-state[39m=[32m"open"[39m
      [33mid[39m=[32m"radix-:rl:"[39m
      [33mrole[39m=[32m"dialog"[39m
      [33mstyle[39m=[32m"pointer-events: auto;"[39m
      [33mtabindex[39m=[32m"-1"[39m
    [36m>[39m
      [36m<button[39m
        [33mclass[39m=[32m"absolute right-4 top-4 rounded-sm opacity-70 ring-offset-background transition-opacity hover:opacity-100 focus:outline-none focus:ring-2 focus:ring-ring focus:ring-offset-2 disabled:pointer-events-none data-[state=open]:bg-accent data-[state=open]:text-muted-foreground"[39m
        [33mtype[39m=[32m"button"[39m
      [36m>[39m
        [36m<svg[39m
          [33mclass[39m=[32m"h-4 w-4"[39m
          [33mfill[39m=[32m"none"[39m
          [33mheight[39m=[32m"24"[39m
          [33mstroke[39m=[32m"currentColor"[39m
          [33mstroke-linecap[39m=[32m"round"[39m
          [33mstroke-linejoin[39m=[32m"round"[39m
          [33mstroke-width[39m=[32m"2"[39m
          [33mviewBox[39m=[32m"0 0 24 24"[39m
          [33mwidth[39m=[32m"24"[39m
          [33mxmlns[39m=[32m"http://www.w3.org/2000/svg"[39m
        [36m>[39m
          [36m<path[39m
            [33md[39m=[32m"M18 6 6 18"[39m
          [36m/>[39m
          [36m<path[39m
            [33md[39m=[32m"m6 6 12 12"[39m
          [36m/>[39m
        [36m</svg>[39m
        [36m<span[39m
          [33mclass[39m=[32m"sr-only"[39m
        [36m>[39m
          [0mClose[0m
        [36m</span>[39m
      [36m</button>[39m
    [36m</div>[39m
    [36m<span[39m
      [33maria-hidden[39m=[32m"true"[39m
      [33mdata-aria-hidden[39m=[32m"true"[39m
      [33mdata-radix-focus-guard[39m=[32m""[39m
      [33mstyle[39m=[32m"outline: none; opacity: 0; position: fixed; pointer-events: none;"[39m
      [33mtabindex[39m=[32m"0"[39m
    [36m/>[39m
  [36m</body>[39m
[36m</html>[39m
 ❯ src/components/invoice/__tests__/InvoicePdfButton.test.tsx  (2 tests | 2 failed) 21ms
   ❯ src/components/invoice/__tests__/InvoicePdfButton.test.tsx > InvoicePdfButton > PDFダウンロードボタンが正しく表示される
     → BlobProvider is a web specific API. You're either using this component on Node, or your bundler is not loading react-pdf from the appropriate web build.
   ❯ src/components/invoice/__tests__/InvoicePdfButton.test.tsx > InvoicePdfButton > ボタンクリックでPDF生成処理が呼ばれる
     → BlobProvider is a web specific API. You're either using this component on Node, or your bundler is not loading react-pdf from the appropriate web build.
stdout | src/lib/mail/__tests__/smtp.test.ts > smtp > mockSendMail > should mock email sending
Mock email sent: {
  to: 'test@example.com',
  subject: 'Test Email',
  data: {
    invoice: {
      id: '1',
      invoiceNumber: 'INV-001',
      issueDate: 2025-02-03T08:08:58.630Z,
      status: 'DRAFT',
      dueDate: 2025-02-03T08:08:58.630Z,
      notes: 'Test Notes',
      templateId: null,
      purchaseOrderId: null,
      bankInfo: null,
      template: null,
      vendor: [Object],
      vendorId: '1',
      issuer: [Object],
      items: [],
      taxSummary: [Object],
      totalAmount: 0,
      createdAt: 2025-02-03T08:08:58.630Z,
      updatedAt: 2025-02-03T08:08:58.630Z,
      createdById: '1',
      updatedById: '1'
    },
    companyInfo: { name: 'Test Company', email: 'company@example.com' }
  }
}

 ❯ src/lib/mail/__tests__/smtp.test.ts  (3 tests | 1 failed) 23ms
   ❯ src/lib/mail/__tests__/smtp.test.ts > smtp > sendMail > should send email successfully
     → expected false to be true // Object.is equality
 ✓ src/utils/__tests__/calculations.test.ts  (9 tests) 3ms
 ❯ src/components/forms/__tests__/TaxRateSelect.test.tsx  (6 tests | 2 failed) 287ms
   ❯ src/components/forms/__tests__/TaxRateSelect.test.tsx > TaxRateSelect > should show tax rate options
     → Found multiple elements with the text: 標準税率(10%)

Here are the matching elements:

Ignored nodes: comments, script, style
[36m<span[39m
  [33mstyle[39m=[32m"pointer-events: none;"[39m
[36m>[39m
  [0m標準税率(10%)[0m
[36m</span>[39m

Ignored nodes: comments, script, style
[36m<span[39m
  [33mid[39m=[32m"radix-:rc:"[39m
[36m>[39m
  [0m標準税率(10%)[0m
[36m</span>[39m

(If this is intentional, then use the `*AllBy*` variant of the query (like `queryAllByText`, `getAllByText`, or `findAllByText`)).

Ignored nodes: comments, script, style
[36m<body[39m
  [33mdata-scroll-locked[39m=[32m"2"[39m
  [33mstyle[39m=[32m"pointer-events: none;"[39m
[36m>[39m
  [36m<span[39m
    [33maria-hidden[39m=[32m"true"[39m
    [33mdata-aria-hidden[39m=[32m"true"[39m
    [33mdata-radix-focus-guard[39m=[32m""[39m
    [33mstyle[39m=[32m"outline: none; opacity: 0; position: fixed; pointer-events: none;"[39m
    [33mtabindex[39m=[32m"0"[39m
  [36m/>[39m
  [36m<div[39m
    [33maria-hidden[39m=[32m"true"[39m
    [33mdata-aria-hidden[39m=[32m"true"[39m
  [36m>[39m
    [36m<div[39m
      [33mclass[39m=[32m"space-y-1"[39m
    [36m>[39m
      [36m<label[39m
        [33mclass[39m=[32m"text-sm font-medium leading-none peer-disabled:cursor-not-allowed peer-disabled:opacity-70"[39m
        [33mfor[39m=[32m"taxRate"[39m
      [36m>[39m
        [0m税率[0m
      [36m</label>[39m
      [36m<button[39m
        [33maria-autocomplete[39m=[32m"none"[39m
        [33maria-controls[39m=[32m"radix-:r9:"[39m
        [33maria-expanded[39m=[32m"true"[39m
        [33mclass[39m=[32m"flex h-10 w-full items-center justify-between rounded-md border border-input bg-transparent px-3 py-2 text-sm ring-offset-background placeholder:text-muted-foreground focus:outline-none focus:ring-2 focus:ring-ring focus:ring-offset-2 disabled:cursor-not-allowed disabled:opacity-50"[39m
        [33mdata-state[39m=[32m"open"[39m
        [33mdir[39m=[32m"ltr"[39m
        [33mrole[39m=[32m"combobox"[39m
        [33mtype[39m=[32m"button"[39m
      [36m>[39m
        [36m<span[39m
          [33mstyle[39m=[32m"pointer-events: none;"[39m
        [36m/>[39m
        [36m<svg[39m
          [33mclass[39m=[32m"h-4 w-4 opacity-50"[39m
          [33mfill[39m=[32m"none"[39m
          [33mheight[39m=[32m"24"[39m
          [33mstroke[39m=[32m"currentColor"[39m
          [33mstroke-linecap[39m=[32m"round"[39m
          [33mstroke-linejoin[39m=[32m"round"[39m
          [33mstroke-width[39m=[32m"2"[39m
          [33mviewBox[39m=[32m"0 0 24 24"[39m
          [33mwidth[39m=[32m"24"[39m
          [33mxmlns[39m=[32m"http://www.w3.org/2000/svg"[39m
        [36m>[39m
          [36m<path[39m
            [33md[39m=[32m"m6 9 6 6 6-6"[39m
          [36m/>[39m
        [36m</svg>[39m
      [36m</button>[39m
    [36m</div>[39m
  [36m</div>[39m
  [36m<div[39m
    [33maria-hidden[39m=[32m"true"[39m
    [33mdata-aria-hidden[39m=[32m"true"[39m
    [33mdata-radix-popper-content-wrapper[39m=[32m""[39m
    [33mdir[39m=[32m"ltr"[39m
    [33mstyle[39m=[32m"position: fixed; left: 0px; top: 0px; transform: translate(0, -200%); min-width: max-content;"[39m
  [36m>[39m
    [36m<div[39m
      [33mclass[39m=[32m"relative z-50 min-w-[8rem] overflow-hidden rounded-md border bg-popover text-popover-foreground shadow-md data-[state=open]:animate-in data-[state=closed]:animate-out data-[state=closed]:fade-out-0 data-[state=open]:fade-in-0 data-[state=closed]:zoom-out-95 data-[state=open]:zoom-in-95 data-[side=bottom]:slide-in-from-top-2 data-[side=left]:slide-in-from-right-2 data-[side=right]:slide-in-from-left-2 data-[side=top]:slide-in-from-bottom-2"[39m
      [33mdata-align[39m=[32m"start"[39m
      [33mdata-side[39m=[32m"bottom"[39m
      [33mdata-state[39m=[32m"open"[39m
      [33mdir[39m=[32m"ltr"[39m
      [33mid[39m=[32m"radix-:r9:"[39m
      [33mrole[39m=[32m"listbox"[39m
      [33mstyle[39m=[32m"box-sizing: border-box; display: flex; flex-direction: column; outline: none; --radix-select-content-transform-origin: var(--radix-popper-transform-origin); --radix-select-content-available-width: var(--radix-popper-available-width); --radix-select-content-available-height: var(--radix-popper-available-height); --radix-select-trigger-width: var(--radix-popper-anchor-width); --radix-select-trigger-height: var(--radix-popper-anchor-height); animation: none; pointer-events: none;"[39m
      [33mtabindex[39m=[32m"-1"[39m
    [36m>[39m
      [36m<div[39m
        [33mclass[39m=[32m"p-1"[39m
        [33mdata-radix-select-viewport[39m=[32m""[39m
        [33mrole[39m=[32m"presentation"[39m
        [33mstyle[39m=[32m"position: relative; flex: 1; overflow: hidden auto;"[39m
      [36m>[39m
        [36m<button[39m
          [33maria-autocomplete[39m=[32m"none"[39m
          [33maria-controls[39m=[32m"radix-:r9:"[39m
          [33maria-expanded[39m=[32m"true"[39m
          [33mclass[39m=[32m"flex h-10 items-center justify-between rounded-md border border-input bg-transparent px-3 py-2 text-sm ring-offset-background placeholder:text-muted-foreground focus:outline-none focus:ring-2 focus:ring-ring focus:ring-offset-2 disabled:cursor-not-allowed disabled:opacity-50 w-[180px]"[39m
          [33mdata-state[39m=[32m"open"[39m
          [33mdir[39m=[32m"ltr"[39m
          [33mid[39m=[32m"taxRate"[39m
          [33mrole[39m=[32m"combobox"[39m
          [33mtype[39m=[32m"button"[39m
        [36m>[39m
          [36m<span[39m
            [33mstyle[39m=[32m"pointer-events: none;"[39m
          [36m>[39m
            [0m標準税率(10%)[0m
          [36m</span>[39m
          [36m<svg[39m
            [33mclass[39m=[32m"h-4 w-4 opacity-50"[39m
            [33mfill[39m=[32m"none"[39m
            [33mheight[39m=[32m"24"[39m
            [33mstroke[39m=[32m"currentColor"[39m
            [33mstroke-linecap[39m=[32m"round"[39m
            [33mstroke-linejoin[39m=[32m"round"[39m
            [33mstroke-width[39m=[32m"2"[39m
            [33mviewBox[39m=[32m"0 0 24 24"[39m
            [33mwidth[39m=[32m"24"[39m
            [33mxmlns[39m=[32m"http://www.w3.org/2000/svg"[39m
          [36m>[39m
            [36m<path[39m
              [33md[39m=[32m"m6 9 6 6 6-6"[39m
            [36m/>[39m
          [36m</svg>[39m
        [36m</button>[39m
      [36m</div>[39m
    [36m</div>[39m
  [36m</div>[39m
  [36m<div[39m
    [33maria-hidden[39m=[32m"true"[39m
    [33mdata-aria-hidden[39m=[32m"true"[39m
    [33mdata-radix-popper-content-wrapper[39m=[32m""[39m
    [33mdir[39m=[32m"ltr"[39m
    [33mstyle[39m=[32m"position: fixed; left: 0px; top: 0px; transform: translate(0, -200%); min-width: max-content;"[39m
  [36m>[39m
    [36m<div[39m
      [33mclass[39m=[32m"relative z-50 min-w-[8rem] overflow-hidden rounded-md border bg-popover text-popover-foreground shadow-md data-[state=open]:animate-in data-[state=closed]:animate-out data-[state=closed]:fade-out-0 data-[state=open]:fade-in-0 data-[state=closed]:zoom-out-95 data-[state=open]:zoom-in-95 data-[side=bottom]:slide-in-from-top-2 data-[side=left]:slide-in-from-right-2 data-[side=right]:slide-in-from-left-2 data-[side=top]:slide-in-from-bottom-2"[39m
      [33mdata-align[39m=[32m"start"[39m
      [33mdata-side[39m=[32m"bottom"[39m
      [33mdata-state[39m=[32m"open"[39m
      [33mdir[39m=[32m"ltr"[39m
      [33mid[39m=[32m"radix-:r9:"[39m
      [33mrole[39m=[32m"listbox"[39m
      [33mstyle[39m=[32m"box-sizing: border-box; display: flex; flex-direction: column; outline: none; --radix-select-content-transform-origin: var(--radix-popper-transform-origin); --radix-select-content-available-width: var(--radix-popper-available-width); --radix-select-content-available-height: var(--radix-popper-available-height); --radix-select-trigger-width: var(--radix-popper-anchor-width); --radix-select-trigger-height: var(--radix-popper-anchor-height); animation: none; pointer-events: auto;"[39m
      [33mtabindex[39m=[32m"-1"[39m
    [36m>[39m
      [36m<div[39m
        [33mclass[39m=[32m"p-1"[39m
        [33mdata-radix-select-viewport[39m=[32m""[39m
        [33mrole[39m=[32m"presentation"[39m
        [33mstyle[39m=[32m"position: relative; flex: 1; overflow: hidden auto;"[39m
      [36m>[39m
        [36m<div[39m
          [33maria-labelledby[39m=[32m"radix-:rc:"[39m
          [33maria-selected[39m=[32m"false"[39m
          [33mclass[39m=[32m"relative flex w-full cursor-default select-none items-center rounded-sm py-1.5 pl-8 pr-2 text-sm outline-none focus:bg-accent focus:text-accent-foreground data-[disabled]:pointer-events-none data-[disabled]:opacity-50"[39m
          [33mdata-radix-collection-item[39m=[32m""[39m
          [33mdata-state[39m=[32m"checked"[39m
          [33mrole[39m=[32m"option"[39m
          [33mtabindex[39m=[32m"-1"[39m
        [36m>[39m
          [36m<span[39m
            [33mclass[39m=[32m"absolute left-2 flex h-3.5 w-3.5 items-center justify-center"[39m
          [36m>[39m
            [36m<span[39m
              [33maria-hidden[39m=[32m"true"[39m
            [36m>[39m
              [36m<svg[39m
                [33mclass[39m=[32m"h-4 w-4"[39m
                [33mfill[39m=[32m"none"[39m
                [33mheight[39m=[32m"24"[39m
                [33mstroke[39m=[32m"currentColor"[39m
                [33mstroke-linecap[39m=[32m"round"[39m
                [33mstroke-linejoin[39m=[32m"round"[39m
                [33mstroke-width[39m=[32m"2"[39m
                [33mviewBox[39m=[32m"0 0 24 24"[39m
                [33mwidth[39m=[32m"24"[39m
                [33mxmlns[39m=[32m"http://www.w3.org/2000/svg"[39m
              [36m>[39m
                [36m<polyline[39m
                  [33mpoints[39m=[32m"20 6 9 17 4 12"[39m
                [36m/>[39m
              [36m</svg>[39m
            [36m</span>[39m
          [36m</span>[39m
          [36m<span[39m
            [33mid[39m=[32m"radix-:rc:"[39m
          [36m>[39m
            [0m標準税率(10%)[0m
          [36m</span>[39m
        [36m</div>[39m
        [36m<div[39m
          [33maria-labelledby[39m=[32m"radix-:rd:"[39m
          [33maria-selected[39m=[32m"false"[39m
          [33mclass[39m=[32m"relative flex w-full cursor-default select-none items-center rounded-sm py-1.5 pl-8 pr-2 text-sm outline-none focus:bg-accent focus:text-accent-foreground data-[disabled]:pointer-events-none data-[disabled]:opacity-50 text-blue-600"[39m
          [33mdata-radix-collection-item[39m=[32m""[39m
          [33mdata-state[39m=[32m"unchecked"[39m
          [33mrole[39m=[32m"option"[39m
          [33mtabindex[39m=[32m"-1"[39m
        [36m>[39m
          [36m<span[39m
            [33mclass[39m=[32m"absolute left-2 flex h-3.5 w-3.5 items-center justify-center"[39m
          [36m/>[39m
          [36m<span[39m
            [33mid[39m=[32m"radix-:rd:"[39m
          [36m>[39m
            [0m軽減税率(8%)[0m
          [36m</span>[39m
        [36m</div>[39m
      [36m</div>[39m
    [36m</div>[39m
  [36m</div>[39m
  [36m<span[39m
    [33maria-hidden[39m=[32m"true"[39m
    [33mdata-aria-hidden[39m=[32m"true"[39m
    [33mdata-radix-focus-guard[39m=[32m""[39m
    [33mstyle[39m=[32m"outline: none; opacity: 0; position: fixed; pointer-events: none;"[39m
    [33mtabindex[39m=[32m"0"[39m
  [36m/>[39m
[36m</body>[39m
   ❯ src/components/forms/__tests__/TaxRateSelect.test.tsx > TaxRateSelect > should handle value change
     → expect(element).toHaveTextContent()

Expected element to have text content:
  軽減税率(8%)
Received:

 ❯ src/e2e/performance.test.ts  (0 test)
 ✓ src/components/purchase-orders/__tests__/StatusBadge.test.tsx  (2 tests) 21ms
 ✓ src/components/common/__tests__/Tag.test.tsx  (5 tests) 71ms
 ✓ src/utils/__tests__/tagConverter.test.ts  (3 tests) 2ms
 ❯ src/types/validation/__tests__/tag.test.ts  (6 tests | 1 failed) 8ms
   ❯ src/types/validation/__tests__/tag.test.ts > tagSchema > defaultTag > デフォルト値のスキーマ検証が通る
     → expected false to be true // Object.is equality
 ✓ src/components/ui/__tests__/checkbox.test.tsx  (5 tests) 91ms

 Test Files  44 failed | 16 passed (60)
      Tests  164 failed | 230 passed (394)
   Start at  17:08:50
   Duration  9.41s (transform 650ms, setup 8.03s, collect 4.13s, tests 11.14s, environment 13.46s, prepare 2.68s)


 FAIL  Tests failed. Watching for file changes...
       press h to show help, press q to quit
[3Jc
 RERUN  src/test/helpers/mockDecimal.ts

 ❯ src/domains/invoice/__tests__/tax.test.ts  (27 tests | 7 failed) 14ms
   ❯ src/domains/invoice/__tests__/tax.test.ts > 税金計算 > 税率別の集計 > 複数の税率が混在する場合、税率ごとに正しく集計される
     → [DecimalError] Invalid argument: 1000
   ❯ src/domains/invoice/__tests__/tax.test.ts > 税金計算 > 税率別の集計 > 同じ税率の明細行は集約される
     → [DecimalError] Invalid argument: 1000
   ❯ src/domains/invoice/__tests__/tax.test.ts > 税金計算 > 税率別の集計 > 複数の税率と数量が混在する場合も正しく計算される
     → [DecimalError] Invalid argument: 10000
   ❯ src/domains/invoice/__tests__/tax.test.ts > 税金計算 > 請求書の税額計算 > 税率ごとの集計 > 同一税率の商品の集計
     → [DecimalError] Invalid argument: 2000
   ❯ src/domains/invoice/__tests__/tax.test.ts > 税金計算 > 請求書の税額計算 > 税率ごとの集計 > 異なる税率の商品の集計
     → [DecimalError] Invalid argument: 1000
   ❯ src/domains/invoice/__tests__/tax.test.ts > 税金計算 > 請求書の税額計算 > 税率ごとの集計 > 数量0の商品は集計に含まれない
     → [DecimalError] Invalid argument: 2000
   ❯ src/domains/invoice/__tests__/tax.test.ts > 税金計算 > 請求書の税額計算 > 税率ごとの集計 > 小数点以下の端数処理（切り捨て）
     → [DecimalError] Invalid argument: 3003
 ✓ src/app/api/dashboard/upcoming-payments/__tests__/route.test.ts  (4 tests) 12ms
 ❯ src/app/api/dashboard/recent-orders/__tests__/route.test.ts  (4 tests | 1 failed) 20ms
   ❯ src/app/api/dashboard/recent-orders/__tests__/route.test.ts > GET /api/dashboard/recent-orders > 認証済みユーザーが最近の注文を取得できる
     → expected [ …(2) ] to deeply equal [ …(2) ]

 Test Files  2 failed | 1 passed (3)
      Tests  8 failed | 27 passed (35)
   Start at  17:12:38
   Duration  820ms


 FAIL  Tests failed. Watching for file changes...
       press h to show help, press q to quit
[3Jc
 RERUN  src/domains/invoice/tax.ts

 ✓ src/domains/invoice/__tests__/progress.test.ts  (6 tests) 5ms
 ❯ src/domains/invoice/__tests__/service.test.ts  (5 tests | 3 failed) 10ms
   ❯ src/domains/invoice/__tests__/service.test.ts > InvoiceService > updateStatus > should update status for valid transition
     → No action defined for status: PENDING
   ❯ src/domains/invoice/__tests__/service.test.ts > InvoiceService > updateStatus > should send notification email for specific statuses
     → No action defined for status: PENDING
   ❯ src/domains/invoice/__tests__/service.test.ts > InvoiceService > updateStatus > should throw error for invalid transition
     → expected [Function] to throw error including 'Invalid status transition' but got 'Permission denied for status update'
 ❯ src/domains/invoice/__tests__/tax.test.ts  (27 tests | 7 failed) 15ms
   ❯ src/domains/invoice/__tests__/tax.test.ts > 税金計算 > 税率別の集計 > 複数の税率が混在する場合、税率ごとに正しく集計される
     → [DecimalError] Invalid argument: 1000
   ❯ src/domains/invoice/__tests__/tax.test.ts > 税金計算 > 税率別の集計 > 同じ税率の明細行は集約される
     → [DecimalError] Invalid argument: 1000
   ❯ src/domains/invoice/__tests__/tax.test.ts > 税金計算 > 税率別の集計 > 複数の税率と数量が混在する場合も正しく計算される
     → [DecimalError] Invalid argument: 10000
   ❯ src/domains/invoice/__tests__/tax.test.ts > 税金計算 > 請求書の税額計算 > 税率ごとの集計 > 同一税率の商品の集計
     → [DecimalError] Invalid argument: 2000
   ❯ src/domains/invoice/__tests__/tax.test.ts > 税金計算 > 請求書の税額計算 > 税率ごとの集計 > 異なる税率の商品の集計
     → [DecimalError] Invalid argument: 1000
   ❯ src/domains/invoice/__tests__/tax.test.ts > 税金計算 > 請求書の税額計算 > 税率ごとの集計 > 数量0の商品は集計に含まれない
     → [DecimalError] Invalid argument: 2000
   ❯ src/domains/invoice/__tests__/tax.test.ts > 税金計算 > 請求書の税額計算 > 税率ごとの集計 > 小数点以下の端数処理（切り捨て）
     → [DecimalError] Invalid argument: 2004
 ❯ src/components/invoice/__tests__/InvoicePdfButton.test.tsx  (2 tests | 2 failed) 20ms
   ❯ src/components/invoice/__tests__/InvoicePdfButton.test.tsx > InvoicePdfButton > PDFダウンロードボタンが正しく表示される
     → BlobProvider is a web specific API. You're either using this component on Node, or your bundler is not loading react-pdf from the appropriate web build.
   ❯ src/components/invoice/__tests__/InvoicePdfButton.test.tsx > InvoicePdfButton > ボタンクリックでPDF生成処理が呼ばれる
     → BlobProvider is a web specific API. You're either using this component on Node, or your bundler is not loading react-pdf from the appropriate web build.

 Test Files  3 failed | 1 passed (4)
      Tests  12 failed | 28 passed (40)
   Start at  17:12:59
   Duration  906ms


 FAIL  Tests failed. Watching for file changes...
       press h to show help, press q to quit
[3Jc
 RERUN  src/types/validation/item.ts

 ❯ src/types/validation/__tests__/item.test.ts  (33 tests | 31 failed) 19ms
   ❯ src/types/validation/__tests__/item.test.ts > itemSchema > 基本的なバリデーション > 全ての必須項目が入力されている場合バリデーションが通る
     → expected false to be true // Object.is equality
   ❯ src/types/validation/__tests__/item.test.ts > itemSchema > 基本的なバリデーション > 必須項目が未入力の場合エラーになる
     → expected 'Required' to be '必須項目です' // Object.is equality
   ❯ src/types/validation/__tests__/item.test.ts > itemSchema > quantity > 1以上の整数の場合バリデーションが通る
     → expected false to be true // Object.is equality
   ❯ src/types/validation/__tests__/item.test.ts > itemSchema > quantity > 0以下の場合エラーになる
     → expected 'Required' to be '0より大きい値を入力してください' // Object.is equality
   ❯ src/types/validation/__tests__/item.test.ts > itemSchema > quantity > 小数の場合エラーになる
     → expected 'Required' to be '整数を入力してください' // Object.is equality
   ❯ src/types/validation/__tests__/item.test.ts > itemSchema > unitPrice > 正の整数の場合バリデーションが通る
     → expected false to be true // Object.is equality
   ❯ src/types/validation/__tests__/item.test.ts > itemSchema > unitPrice > 0の場合エラーになる
     → expected 'Required' to be '0より大きい値を入力してください' // Object.is equality
   ❯ src/types/validation/__tests__/item.test.ts > itemSchema > unitPrice > 負の数の場合エラーになる
     → expected 'Required' to be '0より大きい値を入力してください' // Object.is equality
   ❯ src/types/validation/__tests__/item.test.ts > itemSchema > unitPrice > 最大値（999999999）の場合バリデーションが通る
     → expected false to be true // Object.is equality
   ❯ src/types/validation/__tests__/item.test.ts > itemSchema > unitPrice > 最大値を超える場合エラーになる
     → expected 'Required' to be '999999999以下の値を入力してください' // Object.is equality
   ❯ src/types/validation/__tests__/item.test.ts > itemSchema > unitPrice > 小数の場合エラーになる
     → expected 'Required' to be '整数を入力してください' // Object.is equality
   ❯ src/types/validation/__tests__/item.test.ts > itemSchema > taxRate > 8-10%の範囲内の場合バリデーションが通る
     → expected false to be true // Object.is equality
   ❯ src/types/validation/__tests__/item.test.ts > itemSchema > taxRate > 8%未満の場合エラーになる
     → expected 'Required' to be '税率は8%以上を入力してください' // Object.is equality
   ❯ src/types/validation/__tests__/item.test.ts > itemSchema > taxRate > 10%を超える場合エラーになる
     → expected 'Required' to be '税率は10%以下を入力してください' // Object.is equality
   ❯ src/types/validation/__tests__/item.test.ts > itemSchema > description > 説明が未入力の場合もバリデーションが通る
     → expected false to be true // Object.is equality
   ❯ src/types/validation/__tests__/item.test.ts > itemSchema > description > 説明が入力されている場合もバリデーションが通る
     → expected false to be true // Object.is equality
   ❯ src/types/validation/__tests__/item.test.ts > itemSchema > defaultItem > デフォルト値のスキーマ検証が通る
     → expected false to be true // Object.is equality
   ❯ src/types/validation/__tests__/item.test.ts > 明細行のバリデーション > itemName > 品目名が入力されている場合バリデーションが通る
     → expected false to be true // Object.is equality
   ❯ src/types/validation/__tests__/item.test.ts > 明細行のバリデーション > itemName > 品目名が空の場合エラーになる
     → expected 'Required' to be '品目名は必須です' // Object.is equality
   ❯ src/types/validation/__tests__/item.test.ts > 明細行のバリデーション > quantity > 数量が1以上の場合バリデーションが通る
     → expected false to be true // Object.is equality
   ❯ src/types/validation/__tests__/item.test.ts > 明細行のバリデーション > quantity > 数量が0以下の場合エラーになる
     → expected 'Required' to be '数量は0より大きい値を入力してください' // Object.is equality
   ❯ src/types/validation/__tests__/item.test.ts > 明細行のバリデーション > quantity > 数量が小数の場合エラーになる
     → expected 'Required' to be '整数を入力してください' // Object.is equality
   ❯ src/types/validation/__tests__/item.test.ts > 明細行のバリデーション > unitPrice > 単価が0以上の場合バリデーションが通る
     → expected false to be true // Object.is equality
   ❯ src/types/validation/__tests__/item.test.ts > 明細行のバリデーション > unitPrice > 単価が負の数の場合エラーになる
     → expected 'Required' to be '単価は0以上を入力してください' // Object.is equality
   ❯ src/types/validation/__tests__/item.test.ts > 明細行のバリデーション > taxRate > 税率が10%の場合バリデーションが通る
     → expected false to be true // Object.is equality
   ❯ src/types/validation/__tests__/item.test.ts > 明細行のバリデーション > taxRate > 税率が10%未満の場合エラーになる
     → expected 'Required' to be 'インボイス制度に基づき、税率は10%以上を入力してください' // Object.is equality
   ❯ src/types/validation/__tests__/item.test.ts > 明細行のバリデーション > taxRate > 税率が100%を超える場合エラーになる
     → expected 'Required' to be '税率は100%以下を入力してください' // Object.is equality
   ❯ src/types/validation/__tests__/item.test.ts > 明細行のバリデーション > taxRate > 税率が小数点以下2桁に丸められる
     → expected false to be true // Object.is equality
   ❯ src/types/validation/__tests__/item.test.ts > 明細行のバリデーション > description > 説明が入力されている場合バリデーションが通る
     → expected false to be true // Object.is equality
   ❯ src/types/validation/__tests__/item.test.ts > 明細行のバリデーション > description > 説明が未入力の場合もバリデーションが通る
     → expected false to be true // Object.is equality
   ❯ src/types/validation/__tests__/item.test.ts > 明細行のバリデーション > defaultItem > デフォルト値のスキーマ検証が通る
     → expected false to be true // Object.is equality
 ❯ src/components/purchase-orders/schemas/__tests__/purchaseOrderSchema.test.ts  (13 tests | 13 failed) 18ms
   ❯ src/components/purchase-orders/schemas/__tests__/purchaseOrderSchema.test.ts > purchaseOrderSchema > 部門別の上限金額チェック > 一般部門の上限金額を超えない場合は有効
     → expected [Function] to not throw an error but '[\n  {\n    "code": "invalid_type",\n…' was thrown
   ❯ src/components/purchase-orders/schemas/__tests__/purchaseOrderSchema.test.ts > purchaseOrderSchema > 部門別の上限金額チェック > 一般部門の上限金額を超える場合はエラー
     → expected [Function] to throw error including '発注総額が部門別の上限を超えています' but got '[\n  {\n    "code": "invalid_type",\n…'
   ❯ src/components/purchase-orders/schemas/__tests__/purchaseOrderSchema.test.ts > purchaseOrderSchema > 部門別の上限金額チェック > 管理部門は高額な発注が可能
     → expected [Function] to not throw an error but '[\n  {\n    "code": "invalid_type",\n…' was thrown
   ❯ src/components/purchase-orders/schemas/__tests__/purchaseOrderSchema.test.ts > purchaseOrderSchema > 品目数の上限チェック > 50品目以内の場合は有効
     → expected [Function] to not throw an error but '[\n  {\n    "code": "invalid_type",\n…' was thrown
   ❯ src/components/purchase-orders/schemas/__tests__/purchaseOrderSchema.test.ts > purchaseOrderSchema > 品目数の上限チェック > 50品目を超える場合はエラー
     → expected [Function] to throw error including '品目数は50個以内にしてください' but got '[\n  {\n    "code": "invalid_type",\n…'
   ❯ src/components/purchase-orders/schemas/__tests__/purchaseOrderSchema.test.ts > purchaseOrderSchema > 与信限度額チェック > 与信限度額を超えない場合は有効
     → expected [Function] to not throw an error but '[\n  {\n    "code": "invalid_type",\n…' was thrown
   ❯ src/components/purchase-orders/schemas/__tests__/purchaseOrderSchema.test.ts > purchaseOrderSchema > 与信限度額チェック > 与信限度額を超える場合はエラー
     → expected [Function] to throw error including '発注総額が取引先の与信限度額を超えています' but got '[\n  {\n    "code": "invalid_type",\n…'
   ❯ src/components/purchase-orders/schemas/__tests__/purchaseOrderSchema.test.ts > purchaseOrderSchema > 特定カテゴリーの承認要否チェック > 通常カテゴリーは承認なしで送信可能
     → expected [Function] to not throw an error but '[\n  {\n    "code": "invalid_type",\n…' was thrown
   ❯ src/components/purchase-orders/schemas/__tests__/purchaseOrderSchema.test.ts > purchaseOrderSchema > 特定カテゴリーの承認要否チェック > 特定カテゴリーは承認なしで送信不可
     → expected [Function] to throw error including '特定カテゴリーの品目が含まれているため、承認が必要です' but got '[\n  {\n    "code": "invalid_type",\n…'
   ❯ src/components/purchase-orders/schemas/__tests__/purchaseOrderSchema.test.ts > purchaseOrderSchema > 特定カテゴリーの承認要否チェック > 特定カテゴリーは下書き状態で保存可能
     → expected [Function] to not throw an error but '[\n  {\n    "code": "invalid_type",\n…' was thrown
   ❯ src/components/purchase-orders/schemas/__tests__/purchaseOrderSchema.test.ts > purchaseOrderSchema > 税率のバリデーション > 8%と10%の税率は有効
     → expected [Function] to not throw an error but '[\n  {\n    "code": "invalid_type",\n…' was thrown
   ❯ src/components/purchase-orders/schemas/__tests__/purchaseOrderSchema.test.ts > purchaseOrderSchema > 税率のバリデーション > その他の税率はエラー
     → expected [Function] to throw error including '無効な税率が指定されています' but got '[\n  {\n    "code": "invalid_type",\n…'
   ❯ src/components/purchase-orders/schemas/__tests__/purchaseOrderSchema.test.ts > purchaseOrderSchema > 重複品目チェック > 品目名が重複する場合はエラー
     → expected [Function] to throw error including '同じ品目が複数登録されています' but got '[\n  {\n    "code": "invalid_type",\n…'

 Test Files  2 failed (2)
      Tests  44 failed | 2 passed (46)
   Start at  17:13:27
   Duration  351ms


 FAIL  Tests failed. Watching for file changes...
       press h to show help, press q to quit
[3Jc
 RERUN  src/types/validation/invoice.ts

 ❯ src/types/validation/__tests__/invoice.test.ts  (14 tests | 11 failed) 15ms
   ❯ src/types/validation/__tests__/invoice.test.ts > 請求書のバリデーション > 基本的なバリデーション > 有効なデータの場合バリデーションが通る
     → expected false to be true // Object.is equality
   ❯ src/types/validation/__tests__/invoice.test.ts > 請求書のバリデーション > 基本的なバリデーション > 必須項目が未入力の場合エラーになる
     → expected 'Required' to be '取引先を選択してください' // Object.is equality
   ❯ src/types/validation/__tests__/invoice.test.ts > 請求書のバリデーション > 日付のバリデーション > 支払期限が発行日より前の場合エラーになる
     → expected 'Required' to be '支払期限は発行日以降の日付を指定してください' // Object.is equality
   ❯ src/types/validation/__tests__/invoice.test.ts > 請求書のバリデーション > 明細行のバリデーション > 明細行の必須項目が未入力の場合エラーになる
     → expected 'Required' to be '品目名は必須です' // Object.is equality
   ❯ src/types/validation/__tests__/invoice.test.ts > 請求書のバリデーション > 明細行のバリデーション > 数量が0以下の場合エラーになる
     → expected 'Required' to be '数量は0より大きい値を入力してください' // Object.is equality
   ❯ src/types/validation/__tests__/invoice.test.ts > 請求書のバリデーション > 明細行のバリデーション > 税率が不正な場合エラーになる
     → expected 'Required' to be '税率は8%以上を入力してください' // Object.is equality
   ❯ src/types/validation/__tests__/invoice.test.ts > 請求書のバリデーション > 登録番号のバリデーション > 正しい形式の登録番号の場合バリデーションが通る
     → expected false to be true // Object.is equality
   ❯ src/types/validation/__tests__/invoice.test.ts > 請求書のバリデーション > 登録番号のバリデーション > 不正な形式の登録番号の場合エラーになる
     → expected 'Required' to be '登録番号はTで始まる13桁の数字である必要があります' // Object.is equality
   ❯ src/types/validation/__tests__/invoice.test.ts > 請求書のバリデーション > デフォルト値 > デフォルト値のスキーマ検証が通る
     → expected false to be true // Object.is equality
   ❯ src/types/validation/__tests__/invoice.test.ts > 請求書のバリデーション > デフォルト値 > 全ての必須フィールドが存在する
     → expected { status: 'DRAFT', …(8) } to have property "registrationNumber"
   ❯ src/types/validation/__tests__/invoice.test.ts > 請求書のバリデーション > 税率のバリデーション > デフォルトでは8-10%の範囲内の税率のみ許可
     → expected false to be true // Object.is equality
 ❯ src/components/invoice/__tests__/InvoiceForm.test.tsx  (7 tests | 6 failed) 2488ms
   ❯ src/components/invoice/__tests__/InvoiceForm.test.tsx > InvoiceForm > 初期表示時に必要なフィールドが表示されること
     → Found a label with the text of: /ステータス/i, however no form control was found associated to that label. Make sure you're using the "for" attribute or "aria-labelledby" attribute correctly.

Ignored nodes: comments, script, style
[36m<body>[39m
  [36m<div>[39m
    [36m<form[39m
      [33mclass[39m=[32m"space-y-6"[39m
    [36m>[39m
      [36m<div[39m
        [33mclass[39m=[32m"space-y-4"[39m
      [36m>[39m
        [36m<div[39m
          [33mclass[39m=[32m""[39m
        [36m>[39m
          [36m<label[39m
            [33mclass[39m=[32m"text-sm font-medium leading-none peer-disabled:cursor-not-allowed peer-disabled:opacity-70"[39m
          [36m>[39m
            [0mステータス[0m
            [36m<span[39m
              [33mclass[39m=[32m"text-red-500 ml-1"[39m
            [36m>[39m
              [0m*[0m
            [36m</span>[39m
          [36m</label>[39m
          [36m<button[39m
            [33maria-autocomplete[39m=[32m"none"[39m
            [33maria-controls[39m=[32m"radix-:r0:"[39m
            [33maria-expanded[39m=[32m"false"[39m
            [33mclass[39m=[32m"flex h-10 w-full items-center justify-between rounded-md border border-input bg-transparent px-3 py-2 text-sm ring-offset-background placeholder:text-muted-foreground focus:outline-none focus:ring-2 focus:ring-ring focus:ring-offset-2 disabled:cursor-not-allowed disabled:opacity-50"[39m
            [33mdata-state[39m=[32m"closed"[39m
            [33mdir[39m=[32m"ltr"[39m
            [33mrole[39m=[32m"combobox"[39m
            [33mtype[39m=[32m"button"[39m
          [36m>[39m
            [36m<span[39m
              [33mstyle[39m=[32m"pointer-events: none;"[39m
            [36m/>[39m
            [36m<svg[39m
              [33mclass[39m=[32m"h-4 w-4 opacity-50"[39m
              [33mfill[39m=[32m"none"[39m
              [33mheight[39m=[32m"24"[39m
              [33mstroke[39m=[32m"currentColor"[39m
              [33mstroke-linecap[39m=[32m"round"[39m
              [33mstroke-linejoin[39m=[32m"round"[39m
              [33mstroke-width[39m=[32m"2"[39m
              [33mviewBox[39m=[32m"0 0 24 24"[39m
              [33mwidth[39m=[32m"24"[39m
              [33mxmlns[39m=[32m"http://www.w3.org/2000/svg"[39m
            [36m>[39m
              [36m<path[39m
                [33md[39m=[32m"m6 9 6 6 6-6"[39m
              [36m/>[39m
            [36m</svg>[39m
          [36m</button>[39m
        [36m</div>[39m
        [36m<div[39m
          [33mclass[39m=[32m""[39m
        [36m>[39m
          [36m<label[39m
            [33mclass[39m=[32m"text-sm font-medium leading-none peer-disabled:cursor-not-allowed peer-disabled:opacity-70"[39m
          [36m>[39m
            [0m発行日[0m
            [36m<span[39m
              [33mclass[39m=[32m"text-red-500 ml-1"[39m
            [36m>[39m
              [0m*[0m
            [36m</span>[39m
          [36m</label>[39m
          [36m<input[39m
            [33mclass[39m=[32m"flex h-10 w-full rounded-md border border-input bg-background px-3 py-2 text-sm ring-offset-background file:border-0 file:bg-transparent file:text-sm file:font-medium placeholder:text-muted-foreground focus-visible:outline-none focus-visible:ring-2 focus-visible:ring-ring focus-visible:ring-offset-2 disabled:cursor-not-allowed disabled:opacity-50"[39m
            [33mtype[39m=[32m"date"[39m
            [33mvalue[39m=[32m"2025-02-03"[39m
          [36m/>[39m
        [36m</div>[39m
        [36m<div[39m
          [33mclass[39m=[32m""[39m
        [36m>[39m
          [36m<label[39m
            [33mclass[39m=[32m"text-sm font-medium leading-none peer-disabled:cursor-not-allowed peer-disabled:opacity-70"[39m
          [36m>[39m
            [0m支払期限[0m
            [36m<span[39m
              [33mclass[39m=[32m"text-red-500 ml-1"[39m
            [36m>[39m
              [0m*[0m
            [36m</span>[39m
          [36m</label>[39m
          [36m<input[39m
            [33mclass[39m=[32m"flex h-10 w-full rounded-md border border-input bg-background px-3 py-2 text-sm ring-offset-background file:border-0 file:bg-transparent file:text-sm file:font-medium placeholder:text-muted-foreground focus-visible:outline-none focus-visible:ring-2 focus-visible:ring-ring focus-visible:ring-offset-2 disabled:cursor-not-allowed disabled:opacity-50"[39m
            [33mtype[39m=[32m"date"[39m
            [33mvalue[39m=[32m"2025-03-05"[39m
          [36m/>[39m
        [36m</div>[39m
        [36m<div[39m
          [33mclass[39m=[32m"space-y-2"[39m
        [36m>[39m
          [36m<label[39m
            [33mclass[39m=[32m"text-sm font-medium leading-none peer-disabled:cursor-not-allowed peer-disabled:opacity-70"[39m
            [33mfor[39m=[32m":r1:-form-item"[39m
          [36m>[39m
            [0m登録番号[0m
            [36m<span[39m
              [33mclass[39m=[32m"text-red-500 ml-1"[39m
            [36m>[39m
              [0m*[0m
            [36m</span>[39m
          [36m</label>[39m
          [36m<input[39m
            [33maria-describedby[39m=[32m":r1:-form-item-description"[39m
            [33maria-invalid[39m=[32m"false"[39m
            [33mclass[39m=[32m"flex h-10 w-full rounded-md border border-input bg-background px-3 py-2 text-sm ring-offset-background file:border-0 file:bg-transparent file:text-sm file:font-medium placeholder:text-muted-foreground focus-visible:outline-none focus-visible:ring-2 focus-visible:ring-ring focus-visible:ring-offset-2 disabled:cursor-not-allowed disabled:opacity-50"[39m
            [33mid[39m=[32m":r1:-form-item"[39m
            [33mname[39m=[32m"registrationNumber"[39m
            [33mtype[39m=[32m"text"[39m
            [33mvalue[39m=[32m"T0000000000000"[39m
          [36m/>[39m
        [36m</div>[39m
        [36m<div[39m
          [33mclass[39m=[32m"space-y-2"[39m
        [36m>[39m
          [36m<label[39m
            [33mclass[39m=[32m"text-sm font-medium leading-none peer-disabled:cursor-not-allowed peer-disabled:opacity-70"[39m
            [33mfor[39m=[32m":r2:-form-item"[39m
          [36m>[39m
            [0m備考[0m
          [36m</label>[39m
          [36m<input[39m
            [33maria-describedby[39m=[32m":r2:-form-item-description"[39m
            [33maria-invalid[39m=[32m"false"[39m
            [33mclass[39m=[32m"flex h-10 w-full rounded-md border border-input bg-background px-3 py-2 text-sm ring-offset-background file:border-0 file:bg-transparent file:text-sm file:font-medium placeholder:text-muted-foreground focus-visible:outline-none focus-visible:ring-2 focus-visible:ring-ring focus-visible:ring-offset-2 disabled:cursor-not-allowed disabled:opacity-50"[39m
            [33mid[39m=[32m":r2:-form-item"[39m
            [33mname[39m=[32m"notes"[39m
            [33mtype[39m=[32m"text"[39m
            [33mvalue[39m=[32m""[39m
          [36m/>[39m
        [36m</div>[39m
        [36m<div[39m
          [33mclass[39m=[32m"space-y-4"[39m
        [36m>[39m
        ...
   ❯ src/components/invoice/__tests__/InvoiceForm.test.tsx > InvoiceForm > 登録番号のバリデーションが正しく機能すること
     → Unable to find an element with the text: /登録番号はTで始まる13桁の数字である必要があります/i. This could be because the text is broken up by multiple elements. In this case, you can provide a function for your text matcher to make your matcher more flexible.

Ignored nodes: comments, script, style
[36m<body>[39m
  [36m<div>[39m
    [36m<form[39m
      [33mclass[39m=[32m"space-y-6"[39m
    [36m>[39m
      [36m<div[39m
        [33mclass[39m=[32m"space-y-4"[39m
      [36m>[39m
        [36m<div[39m
          [33mclass[39m=[32m""[39m
        [36m>[39m
          [36m<label[39m
            [33mclass[39m=[32m"text-sm font-medium leading-none peer-disabled:cursor-not-allowed peer-disabled:opacity-70"[39m
          [36m>[39m
            [0mステータス[0m
            [36m<span[39m
              [33mclass[39m=[32m"text-red-500 ml-1"[39m
            [36m>[39m
              [0m*[0m
            [36m</span>[39m
          [36m</label>[39m
          [36m<button[39m
            [33maria-autocomplete[39m=[32m"none"[39m
            [33maria-controls[39m=[32m"radix-:rs:"[39m
            [33maria-expanded[39m=[32m"false"[39m
            [33mclass[39m=[32m"flex h-10 w-full items-center justify-between rounded-md border border-input bg-transparent px-3 py-2 text-sm ring-offset-background placeholder:text-muted-foreground focus:outline-none focus:ring-2 focus:ring-ring focus:ring-offset-2 disabled:cursor-not-allowed disabled:opacity-50"[39m
            [33mdata-state[39m=[32m"closed"[39m
            [33mdir[39m=[32m"ltr"[39m
            [33mrole[39m=[32m"combobox"[39m
            [33mtype[39m=[32m"button"[39m
          [36m>[39m
            [36m<span[39m
              [33mstyle[39m=[32m"pointer-events: none;"[39m
            [36m/>[39m
            [36m<svg[39m
              [33mclass[39m=[32m"h-4 w-4 opacity-50"[39m
              [33mfill[39m=[32m"none"[39m
              [33mheight[39m=[32m"24"[39m
              [33mstroke[39m=[32m"currentColor"[39m
              [33mstroke-linecap[39m=[32m"round"[39m
              [33mstroke-linejoin[39m=[32m"round"[39m
              [33mstroke-width[39m=[32m"2"[39m
              [33mviewBox[39m=[32m"0 0 24 24"[39m
              [33mwidth[39m=[32m"24"[39m
              [33mxmlns[39m=[32m"http://www.w3.org/2000/svg"[39m
            [36m>[39m
              [36m<path[39m
                [33md[39m=[32m"m6 9 6 6 6-6"[39m
              [36m/>[39m
            [36m</svg>[39m
          [36m</button>[39m
        [36m</div>[39m
        [36m<div[39m
          [33mclass[39m=[32m""[39m
        [36m>[39m
          [36m<label[39m
            [33mclass[39m=[32m"text-sm font-medium leading-none peer-disabled:cursor-not-allowed peer-disabled:opacity-70"[39m
          [36m>[39m
            [0m発行日[0m
            [36m<span[39m
              [33mclass[39m=[32m"text-red-500 ml-1"[39m
            [36m>[39m
              [0m*[0m
            [36m</span>[39m
          [36m</label>[39m
          [36m<input[39m
            [33mclass[39m=[32m"flex h-10 w-full rounded-md border border-input bg-background px-3 py-2 text-sm ring-offset-background file:border-0 file:bg-transparent file:text-sm file:font-medium placeholder:text-muted-foreground focus-visible:outline-none focus-visible:ring-2 focus-visible:ring-ring focus-visible:ring-offset-2 disabled:cursor-not-allowed disabled:opacity-50"[39m
            [33mtype[39m=[32m"date"[39m
            [33mvalue[39m=[32m"2025-02-03"[39m
          [36m/>[39m
        [36m</div>[39m
        [36m<div[39m
          [33mclass[39m=[32m""[39m
        [36m>[39m
          [36m<label[39m
            [33mclass[39m=[32m"text-sm font-medium leading-none peer-disabled:cursor-not-allowed peer-disabled:opacity-70"[39m
          [36m>[39m
            [0m支払期限[0m
            [36m<span[39m
              [33mclass[39m=[32m"text-red-500 ml-1"[39m
            [36m>[39m
              [0m*[0m
            [36m</span>[39m
          [36m</label>[39m
          [36m<input[39m
            [33mclass[39m=[32m"flex h-10 w-full rounded-md border border-input bg-background px-3 py-2 text-sm ring-offset-background file:border-0 file:bg-transparent file:text-sm file:font-medium placeholder:text-muted-foreground focus-visible:outline-none focus-visible:ring-2 focus-visible:ring-ring focus-visible:ring-offset-2 disabled:cursor-not-allowed disabled:opacity-50"[39m
            [33mtype[39m=[32m"date"[39m
            [33mvalue[39m=[32m"2025-03-05"[39m
          [36m/>[39m
        [36m</div>[39m
        [36m<div[39m
          [33mclass[39m=[32m"space-y-2"[39m
        [36m>[39m
          [36m<label[39m
            [33mclass[39m=[32m"text-sm font-medium leading-none peer-disabled:cursor-not-allowed peer-disabled:opacity-70"[39m
            [33mfor[39m=[32m":rt:-form-item"[39m
          [36m>[39m
            [0m登録番号[0m
            [36m<span[39m
              [33mclass[39m=[32m"text-red-500 ml-1"[39m
            [36m>[39m
              [0m*[0m
            [36m</span>[39m
          [36m</label>[39m
          [36m<input[39m
            [33maria-describedby[39m=[32m":rt:-form-item-description"[39m
            [33maria-invalid[39m=[32m"false"[39m
            [33mclass[39m=[32m"flex h-10 w-full rounded-md border border-input bg-background px-3 py-2 text-sm ring-offset-background file:border-0 file:bg-transparent file:text-sm file:font-medium placeholder:text-muted-foreground focus-visible:outline-none focus-visible:ring-2 focus-visible:ring-ring focus-visible:ring-offset-2 disabled:cursor-not-allowed disabled:opacity-50"[39m
            [33mid[39m=[32m":rt:-form-item"[39m
            [33mname[39m=[32m"registrationNumber"[39m
            [33mtype[39m=[32m"text"[39m
            [33mvalue[39m=[32m"T0000000000000invalid"[39m
          [36m/>[39m
        [36m</div>[39m
        [36m<div[39m
          [33mclass[39m=[32m"space-y-2"[39m
        [36m>[39m
          [36m<label[39m
            [33mclass[39m=[32m"text-sm font-medium leading-none peer-disabled:cursor-not-allowed peer-disabled:opacity-70"[39m
            [33mfor[39m=[32m":ru:-form-item"[39m
          [36m>[39m
            [0m備考[0m
          [36m</label>[39m
          [36m<input[39m
            [33maria-describedby[39m=[32m":ru:-form-item-description"[39m
            [33maria-invalid[39m=[32m"false"[39m
            [33mclass[39m=[32m"flex h-10 w-full rounded-md border border-input bg-background px-3 py-2 text-sm ring-offset-background file:border-0 file:bg-transparent file:text-sm file:font-medium placeholder:text-muted-foreground focus-visible:outline-none focus-visible:ring-2 focus-visible:ring-ring focus-visible:ring-offset-2 disabled:cursor-not-allowed disabled:opacity-50"[39m
            [33mid[39m=[32m":ru:-form-item"[39m
            [33mname[39m=[32m"notes"[39m
            [33mtype[39m=[32m"text"[39m
            [33mvalue[39m=[32m""[39m
          [36m/>[39m
        [36m</div>[39m
        [36m<div[39m
          [33mclass[39m=[32m"space-y-4"[39m
        [36m>[39m
 ...

Ignored nodes: comments, script, style
[36m<html>[39m
  [36m<head />[39m
  [36m<body>[39m
    [36m<div>[39m
      [36m<form[39m
        [33mclass[39m=[32m"space-y-6"[39m
      [36m>[39m
        [36m<div[39m
          [33mclass[39m=[32m"space-y-4"[39m
        [36m>[39m
          [36m<div[39m
            [33mclass[39m=[32m""[39m
          [36m>[39m
            [36m<label[39m
              [33mclass[39m=[32m"text-sm font-medium leading-none peer-disabled:cursor-not-allowed peer-disabled:opacity-70"[39m
            [36m>[39m
              [0mステータス[0m
              [36m<span[39m
                [33mclass[39m=[32m"text-red-500 ml-1"[39m
              [36m>[39m
                [0m*[0m
              [36m</span>[39m
            [36m</label>[39m
            [36m<button[39m
              [33maria-autocomplete[39m=[32m"none"[39m
              [33maria-controls[39m=[32m"radix-:rs:"[39m
              [33maria-expanded[39m=[32m"false"[39m
              [33mclass[39m=[32m"flex h-10 w-full items-center justify-between rounded-md border border-input bg-transparent px-3 py-2 text-sm ring-offset-background placeholder:text-muted-foreground focus:outline-none focus:ring-2 focus:ring-ring focus:ring-offset-2 disabled:cursor-not-allowed disabled:opacity-50"[39m
              [33mdata-state[39m=[32m"closed"[39m
              [33mdir[39m=[32m"ltr"[39m
              [33mrole[39m=[32m"combobox"[39m
              [33mtype[39m=[32m"button"[39m
            [36m>[39m
              [36m<span[39m
                [33mstyle[39m=[32m"pointer-events: none;"[39m
              [36m/>[39m
              [36m<svg[39m
                [33mclass[39m=[32m"h-4 w-4 opacity-50"[39m
                [33mfill[39m=[32m"none"[39m
                [33mheight[39m=[32m"24"[39m
                [33mstroke[39m=[32m"currentColor"[39m
                [33mstroke-linecap[39m=[32m"round"[39m
                [33mstroke-linejoin[39m=[32m"round"[39m
                [33mstroke-width[39m=[32m"2"[39m
                [33mviewBox[39m=[32m"0 0 24 24"[39m
                [33mwidth[39m=[32m"24"[39m
                [33mxmlns[39m=[32m"http://www.w3.org/2000/svg"[39m
              [36m>[39m
                [36m<path[39m
                  [33md[39m=[32m"m6 9 6 6 6-6"[39m
                [36m/>[39m
              [36m</svg>[39m
            [36m</button>[39m
          [36m</div>[39m
          [36m<div[39m
            [33mclass[39m=[32m""[39m
          [36m>[39m
            [36m<label[39m
              [33mclass[39m=[32m"text-sm font-medium leading-none peer-disabled:cursor-not-allowed peer-disabled:opacity-70"[39m
            [36m>[39m
              [0m発行日[0m
              [36m<span[39m
                [33mclass[39m=[32m"text-red-500 ml-1"[39m
              [36m>[39m
                [0m*[0m
              [36m</span>[39m
            [36m</label>[39m
            [36m<input[39m
              [33mclass[39m=[32m"flex h-10 w-full rounded-md border border-input bg-background px-3 py-2 text-sm ring-offset-background file:border-0 file:bg-transparent file:text-sm file:font-medium placeholder:text-muted-foreground focus-visible:outline-none focus-visible:ring-2 focus-visible:ring-ring focus-visible:ring-offset-2 disabled:cursor-not-allowed disabled:opacity-50"[39m
              [33mtype[39m=[32m"date"[39m
              [33mvalue[39m=[32m"2025-02-03"[39m
            [36m/>[39m
          [36m</div>[39m
          [36m<div[39m
            [33mclass[39m=[32m""[39m
          [36m>[39m
            [36m<label[39m
              [33mclass[39m=[32m"text-sm font-medium leading-none peer-disabled:cursor-not-allowed peer-disabled:opacity-70"[39m
            [36m>[39m
              [0m支払期限[0m
              [36m<span[39m
                [33mclass[39m=[32m"text-red-500 ml-1"[39m
              [36m>[39m
                [0m*[0m
              [36m</span>[39m
            [36m</label>[39m
            [36m<input[39m
              [33mclass[39m=[32m"flex h-10 w-full rounded-md border border-input bg-background px-3 py-2 text-sm ring-offset-background file:border-0 file:bg-transparent file:text-sm file:font-medium placeholder:text-muted-foreground focus-visible:outline-none focus-visible:ring-2 focus-visible:ring-ring focus-visible:ring-offset-2 disabled:cursor-not-allowed disabled:opacity-50"[39m
              [33mtype[39m=[32m"date"[39m
              [33mvalue[39m=[32m"2025-03-05"[39m
            [36m/>[39m
          [36m</div>[39m
          [36m<div[39m
            [33mclass[39m=[32m"space-y-2"[39m
          [36m>[39m
            [36m<label[39m
              [33mclass[39m=[32m"text-sm font-medium leading-none peer-disabled:cursor-not-allowed peer-disabled:opacity-70"[39m
              [33mfor[39m=[32m":rt:-form-item"[39m
            [36m>[39m
              [0m登録番号[0m
              [36m<span[39m
                [33mclass[39m=[32m"text-red-500 ml-1"[39m
              [36m>[39m
                [0m*[0m
              [36m</span>[39m
            [36m</label>[39m
            [36m<input[39m
              [33maria-describedby[39m=[32m":rt:-form-item-description"[39m
              [33maria-invalid[39m=[32m"false"[39m
              [33mclass[39m=[32m"flex h-10 w-full rounded-md border border-input bg-background px-3 py-2 text-sm ring-offset-background file:border-0 file:bg-transparent file:text-sm file:font-medium placeholder:text-muted-foreground focus-visible:outline-none focus-visible:ring-2 focus-visible:ring-ring focus-visible:ring-offset-2 disabled:cursor-not-allowed disabled:opacity-50"[39m
              [33mid[39m=[32m":rt:-form-item"[39m
              [33mname[39m=[32m"registrationNumber"[39m
              [33mtype[39m=[32m"text"[39m
              [33mvalue[39m=[32m"T0000000000000invalid"[39m
            [36m/>[39m
          [36m</div>[39m
          [36m<div[39m
            [33mclass[39m=[32m"space-y-2"[39m
          [36m>[39m
            [36m<label[39m
              [33mclass[39m=[32m"text-sm font-medium leading-none peer-disabled:cursor-not-allowed peer-disabled:opacity-70"[39m
              [33mfor[39m=[32m":ru:-form-item"[39m
            [36m>[39m
              [0m備考[0m
            [36m</label>[39m
            [36m<input[39m
              [33maria-describedby[39m=[32m":ru:-form-item-description"[39m
              [33maria-invalid[39m=[32m"false"[39m
              [33mclass[39m=[32m"flex h-10 w-full rounded-md border border-input bg-background px-3 py-2 text-sm ring-offset-background file:border-0 file:bg-transparent file:text-sm file:font-medium placeholder:text-muted-foreground focus-visible:outline-none focus-visible:ring-2 focus-visible:ring-ring focus-visible:ring-offset-2 disabled:cursor-not-allowed disabled:opacity-50"[39m
              [33mid[39m=[3...
   ❯ src/components/invoice/__tests__/InvoiceForm.test.tsx > InvoiceForm > 品目の税率選択が正しく機能すること
     → Found a label with the text of: /税率/i, however no form control was found associated to that label. Make sure you're using the "for" attribute or "aria-labelledby" attribute correctly.

Ignored nodes: comments, script, style
[36m<body>[39m
  [36m<div>[39m
    [36m<form[39m
      [33mclass[39m=[32m"space-y-6"[39m
    [36m>[39m
      [36m<div[39m
        [33mclass[39m=[32m"space-y-4"[39m
      [36m>[39m
        [36m<div[39m
          [33mclass[39m=[32m""[39m
        [36m>[39m
          [36m<label[39m
            [33mclass[39m=[32m"text-sm font-medium leading-none peer-disabled:cursor-not-allowed peer-disabled:opacity-70"[39m
          [36m>[39m
            [0mステータス[0m
            [36m<span[39m
              [33mclass[39m=[32m"text-red-500 ml-1"[39m
            [36m>[39m
              [0m*[0m
            [36m</span>[39m
          [36m</label>[39m
          [36m<button[39m
            [33maria-autocomplete[39m=[32m"none"[39m
            [33maria-controls[39m=[32m"radix-:r1o:"[39m
            [33maria-expanded[39m=[32m"false"[39m
            [33mclass[39m=[32m"flex h-10 w-full items-center justify-between rounded-md border border-input bg-transparent px-3 py-2 text-sm ring-offset-background placeholder:text-muted-foreground focus:outline-none focus:ring-2 focus:ring-ring focus:ring-offset-2 disabled:cursor-not-allowed disabled:opacity-50"[39m
            [33mdata-state[39m=[32m"closed"[39m
            [33mdir[39m=[32m"ltr"[39m
            [33mrole[39m=[32m"combobox"[39m
            [33mtype[39m=[32m"button"[39m
          [36m>[39m
            [36m<span[39m
              [33mstyle[39m=[32m"pointer-events: none;"[39m
            [36m/>[39m
            [36m<svg[39m
              [33mclass[39m=[32m"h-4 w-4 opacity-50"[39m
              [33mfill[39m=[32m"none"[39m
              [33mheight[39m=[32m"24"[39m
              [33mstroke[39m=[32m"currentColor"[39m
              [33mstroke-linecap[39m=[32m"round"[39m
              [33mstroke-linejoin[39m=[32m"round"[39m
              [33mstroke-width[39m=[32m"2"[39m
              [33mviewBox[39m=[32m"0 0 24 24"[39m
              [33mwidth[39m=[32m"24"[39m
              [33mxmlns[39m=[32m"http://www.w3.org/2000/svg"[39m
            [36m>[39m
              [36m<path[39m
                [33md[39m=[32m"m6 9 6 6 6-6"[39m
              [36m/>[39m
            [36m</svg>[39m
          [36m</button>[39m
        [36m</div>[39m
        [36m<div[39m
          [33mclass[39m=[32m""[39m
        [36m>[39m
          [36m<label[39m
            [33mclass[39m=[32m"text-sm font-medium leading-none peer-disabled:cursor-not-allowed peer-disabled:opacity-70"[39m
          [36m>[39m
            [0m発行日[0m
            [36m<span[39m
              [33mclass[39m=[32m"text-red-500 ml-1"[39m
            [36m>[39m
              [0m*[0m
            [36m</span>[39m
          [36m</label>[39m
          [36m<input[39m
            [33mclass[39m=[32m"flex h-10 w-full rounded-md border border-input bg-background px-3 py-2 text-sm ring-offset-background file:border-0 file:bg-transparent file:text-sm file:font-medium placeholder:text-muted-foreground focus-visible:outline-none focus-visible:ring-2 focus-visible:ring-ring focus-visible:ring-offset-2 disabled:cursor-not-allowed disabled:opacity-50"[39m
            [33mtype[39m=[32m"date"[39m
            [33mvalue[39m=[32m"2025-02-03"[39m
          [36m/>[39m
        [36m</div>[39m
        [36m<div[39m
          [33mclass[39m=[32m""[39m
        [36m>[39m
          [36m<label[39m
            [33mclass[39m=[32m"text-sm font-medium leading-none peer-disabled:cursor-not-allowed peer-disabled:opacity-70"[39m
          [36m>[39m
            [0m支払期限[0m
            [36m<span[39m
              [33mclass[39m=[32m"text-red-500 ml-1"[39m
            [36m>[39m
              [0m*[0m
            [36m</span>[39m
          [36m</label>[39m
          [36m<input[39m
            [33mclass[39m=[32m"flex h-10 w-full rounded-md border border-input bg-background px-3 py-2 text-sm ring-offset-background file:border-0 file:bg-transparent file:text-sm file:font-medium placeholder:text-muted-foreground focus-visible:outline-none focus-visible:ring-2 focus-visible:ring-ring focus-visible:ring-offset-2 disabled:cursor-not-allowed disabled:opacity-50"[39m
            [33mtype[39m=[32m"date"[39m
            [33mvalue[39m=[32m"2025-03-05"[39m
          [36m/>[39m
        [36m</div>[39m
        [36m<div[39m
          [33mclass[39m=[32m"space-y-2"[39m
        [36m>[39m
          [36m<label[39m
            [33mclass[39m=[32m"text-sm font-medium leading-none peer-disabled:cursor-not-allowed peer-disabled:opacity-70"[39m
            [33mfor[39m=[32m":r1p:-form-item"[39m
          [36m>[39m
            [0m登録番号[0m
            [36m<span[39m
              [33mclass[39m=[32m"text-red-500 ml-1"[39m
            [36m>[39m
              [0m*[0m
            [36m</span>[39m
          [36m</label>[39m
          [36m<input[39m
            [33maria-describedby[39m=[32m":r1p:-form-item-description"[39m
            [33maria-invalid[39m=[32m"false"[39m
            [33mclass[39m=[32m"flex h-10 w-full rounded-md border border-input bg-background px-3 py-2 text-sm ring-offset-background file:border-0 file:bg-transparent file:text-sm file:font-medium placeholder:text-muted-foreground focus-visible:outline-none focus-visible:ring-2 focus-visible:ring-ring focus-visible:ring-offset-2 disabled:cursor-not-allowed disabled:opacity-50"[39m
            [33mid[39m=[32m":r1p:-form-item"[39m
            [33mname[39m=[32m"registrationNumber"[39m
            [33mtype[39m=[32m"text"[39m
            [33mvalue[39m=[32m"T0000000000000"[39m
          [36m/>[39m
        [36m</div>[39m
        [36m<div[39m
          [33mclass[39m=[32m"space-y-2"[39m
        [36m>[39m
          [36m<label[39m
            [33mclass[39m=[32m"text-sm font-medium leading-none peer-disabled:cursor-not-allowed peer-disabled:opacity-70"[39m
            [33mfor[39m=[32m":r1q:-form-item"[39m
          [36m>[39m
            [0m備考[0m
          [36m</label>[39m
          [36m<input[39m
            [33maria-describedby[39m=[32m":r1q:-form-item-description"[39m
            [33maria-invalid[39m=[32m"false"[39m
            [33mclass[39m=[32m"flex h-10 w-full rounded-md border border-input bg-background px-3 py-2 text-sm ring-offset-background file:border-0 file:bg-transparent file:text-sm file:font-medium placeholder:text-muted-foreground focus-visible:outline-none focus-visible:ring-2 focus-visible:ring-ring focus-visible:ring-offset-2 disabled:cursor-not-allowed disabled:opacity-50"[39m
            [33mid[39m=[32m":r1q:-form-item"[39m
            [33mname[39m=[32m"notes"[39m
            [33mtype[39m=[32m"text"[39m
            [33mvalue[39m=[32m""[39m
          [36m/>[39m
        [36m</div>[39m
        [36m<div[39m
          [33mclass[39m=[32m"space-y-4"[39m
        [36m>[39m
 ...
   ❯ src/components/invoice/__tests__/InvoiceForm.test.tsx > InvoiceForm > 品目の追加・削除が正しく機能すること
     → Unable to find an element by: [data-testid="cy=item-row"]

Ignored nodes: comments, script, style
[36m<body>[39m
  [36m<div>[39m
    [36m<form[39m
      [33mclass[39m=[32m"space-y-6"[39m
    [36m>[39m
      [36m<div[39m
        [33mclass[39m=[32m"space-y-4"[39m
      [36m>[39m
        [36m<div[39m
          [33mclass[39m=[32m""[39m
        [36m>[39m
          [36m<label[39m
            [33mclass[39m=[32m"text-sm font-medium leading-none peer-disabled:cursor-not-allowed peer-disabled:opacity-70"[39m
          [36m>[39m
            [0mステータス[0m
            [36m<span[39m
              [33mclass[39m=[32m"text-red-500 ml-1"[39m
            [36m>[39m
              [0m*[0m
            [36m</span>[39m
          [36m</label>[39m
          [36m<button[39m
            [33maria-autocomplete[39m=[32m"none"[39m
            [33maria-controls[39m=[32m"radix-:r2k:"[39m
            [33maria-expanded[39m=[32m"false"[39m
            [33mclass[39m=[32m"flex h-10 w-full items-center justify-between rounded-md border border-input bg-transparent px-3 py-2 text-sm ring-offset-background placeholder:text-muted-foreground focus:outline-none focus:ring-2 focus:ring-ring focus:ring-offset-2 disabled:cursor-not-allowed disabled:opacity-50"[39m
            [33mdata-state[39m=[32m"closed"[39m
            [33mdir[39m=[32m"ltr"[39m
            [33mrole[39m=[32m"combobox"[39m
            [33mtype[39m=[32m"button"[39m
          [36m>[39m
            [36m<span[39m
              [33mstyle[39m=[32m"pointer-events: none;"[39m
            [36m/>[39m
            [36m<svg[39m
              [33mclass[39m=[32m"h-4 w-4 opacity-50"[39m
              [33mfill[39m=[32m"none"[39m
              [33mheight[39m=[32m"24"[39m
              [33mstroke[39m=[32m"currentColor"[39m
              [33mstroke-linecap[39m=[32m"round"[39m
              [33mstroke-linejoin[39m=[32m"round"[39m
              [33mstroke-width[39m=[32m"2"[39m
              [33mviewBox[39m=[32m"0 0 24 24"[39m
              [33mwidth[39m=[32m"24"[39m
              [33mxmlns[39m=[32m"http://www.w3.org/2000/svg"[39m
            [36m>[39m
              [36m<path[39m
                [33md[39m=[32m"m6 9 6 6 6-6"[39m
              [36m/>[39m
            [36m</svg>[39m
          [36m</button>[39m
        [36m</div>[39m
        [36m<div[39m
          [33mclass[39m=[32m""[39m
        [36m>[39m
          [36m<label[39m
            [33mclass[39m=[32m"text-sm font-medium leading-none peer-disabled:cursor-not-allowed peer-disabled:opacity-70"[39m
          [36m>[39m
            [0m発行日[0m
            [36m<span[39m
              [33mclass[39m=[32m"text-red-500 ml-1"[39m
            [36m>[39m
              [0m*[0m
            [36m</span>[39m
          [36m</label>[39m
          [36m<input[39m
            [33mclass[39m=[32m"flex h-10 w-full rounded-md border border-input bg-background px-3 py-2 text-sm ring-offset-background file:border-0 file:bg-transparent file:text-sm file:font-medium placeholder:text-muted-foreground focus-visible:outline-none focus-visible:ring-2 focus-visible:ring-ring focus-visible:ring-offset-2 disabled:cursor-not-allowed disabled:opacity-50"[39m
            [33mtype[39m=[32m"date"[39m
            [33mvalue[39m=[32m"2025-02-03"[39m
          [36m/>[39m
        [36m</div>[39m
        [36m<div[39m
          [33mclass[39m=[32m""[39m
        [36m>[39m
          [36m<label[39m
            [33mclass[39m=[32m"text-sm font-medium leading-none peer-disabled:cursor-not-allowed peer-disabled:opacity-70"[39m
          [36m>[39m
            [0m支払期限[0m
            [36m<span[39m
              [33mclass[39m=[32m"text-red-500 ml-1"[39m
            [36m>[39m
              [0m*[0m
            [36m</span>[39m
          [36m</label>[39m
          [36m<input[39m
            [33mclass[39m=[32m"flex h-10 w-full rounded-md border border-input bg-background px-3 py-2 text-sm ring-offset-background file:border-0 file:bg-transparent file:text-sm file:font-medium placeholder:text-muted-foreground focus-visible:outline-none focus-visible:ring-2 focus-visible:ring-ring focus-visible:ring-offset-2 disabled:cursor-not-allowed disabled:opacity-50"[39m
            [33mtype[39m=[32m"date"[39m
            [33mvalue[39m=[32m"2025-03-05"[39m
          [36m/>[39m
        [36m</div>[39m
        [36m<div[39m
          [33mclass[39m=[32m"space-y-2"[39m
        [36m>[39m
          [36m<label[39m
            [33mclass[39m=[32m"text-sm font-medium leading-none peer-disabled:cursor-not-allowed peer-disabled:opacity-70"[39m
            [33mfor[39m=[32m":r2l:-form-item"[39m
          [36m>[39m
            [0m登録番号[0m
            [36m<span[39m
              [33mclass[39m=[32m"text-red-500 ml-1"[39m
            [36m>[39m
              [0m*[0m
            [36m</span>[39m
          [36m</label>[39m
          [36m<input[39m
            [33maria-describedby[39m=[32m":r2l:-form-item-description"[39m
            [33maria-invalid[39m=[32m"false"[39m
            [33mclass[39m=[32m"flex h-10 w-full rounded-md border border-input bg-background px-3 py-2 text-sm ring-offset-background file:border-0 file:bg-transparent file:text-sm file:font-medium placeholder:text-muted-foreground focus-visible:outline-none focus-visible:ring-2 focus-visible:ring-ring focus-visible:ring-offset-2 disabled:cursor-not-allowed disabled:opacity-50"[39m
            [33mid[39m=[32m":r2l:-form-item"[39m
            [33mname[39m=[32m"registrationNumber"[39m
            [33mtype[39m=[32m"text"[39m
            [33mvalue[39m=[32m"T0000000000000"[39m
          [36m/>[39m
        [36m</div>[39m
        [36m<div[39m
          [33mclass[39m=[32m"space-y-2"[39m
        [36m>[39m
          [36m<label[39m
            [33mclass[39m=[32m"text-sm font-medium leading-none peer-disabled:cursor-not-allowed peer-disabled:opacity-70"[39m
            [33mfor[39m=[32m":r2m:-form-item"[39m
          [36m>[39m
            [0m備考[0m
          [36m</label>[39m
          [36m<input[39m
            [33maria-describedby[39m=[32m":r2m:-form-item-description"[39m
            [33maria-invalid[39m=[32m"false"[39m
            [33mclass[39m=[32m"flex h-10 w-full rounded-md border border-input bg-background px-3 py-2 text-sm ring-offset-background file:border-0 file:bg-transparent file:text-sm file:font-medium placeholder:text-muted-foreground focus-visible:outline-none focus-visible:ring-2 focus-visible:ring-ring focus-visible:ring-offset-2 disabled:cursor-not-allowed disabled:opacity-50"[39m
            [33mid[39m=[32m":r2m:-form-item"[39m
            [33mname[39m=[32m"notes"[39m
            [33mtype[39m=[32m"text"[39m
            [33mvalue[39m=[32m""[39m
          [36m/>[39m
        [36m</div>[39m
        [36m<div[39m
          [33mclass[39m=[32m"space-y-4"[39m
        [36m>[39m
 ...
   ❯ src/components/invoice/__tests__/InvoiceForm.test.tsx > InvoiceForm > 金額計算が正しく処理されること
     → Unable to find an element by: [data-testid="cy=subtotal"]

Ignored nodes: comments, script, style
[36m<body>[39m
  [36m<div>[39m
    [36m<form[39m
      [33mclass[39m=[32m"space-y-6"[39m
    [36m>[39m
      [36m<div[39m
        [33mclass[39m=[32m"space-y-4"[39m
      [36m>[39m
        [36m<div[39m
          [33mclass[39m=[32m""[39m
        [36m>[39m
          [36m<label[39m
            [33mclass[39m=[32m"text-sm font-medium leading-none peer-disabled:cursor-not-allowed peer-disabled:opacity-70"[39m
          [36m>[39m
            [0mステータス[0m
            [36m<span[39m
              [33mclass[39m=[32m"text-red-500 ml-1"[39m
            [36m>[39m
              [0m*[0m
            [36m</span>[39m
          [36m</label>[39m
          [36m<button[39m
            [33maria-autocomplete[39m=[32m"none"[39m
            [33maria-controls[39m=[32m"radix-:r3m:"[39m
            [33maria-expanded[39m=[32m"false"[39m
            [33mclass[39m=[32m"flex h-10 w-full items-center justify-between rounded-md border border-input bg-transparent px-3 py-2 text-sm ring-offset-background placeholder:text-muted-foreground focus:outline-none focus:ring-2 focus:ring-ring focus:ring-offset-2 disabled:cursor-not-allowed disabled:opacity-50"[39m
            [33mdata-state[39m=[32m"closed"[39m
            [33mdir[39m=[32m"ltr"[39m
            [33mrole[39m=[32m"combobox"[39m
            [33mtype[39m=[32m"button"[39m
          [36m>[39m
            [36m<span[39m
              [33mstyle[39m=[32m"pointer-events: none;"[39m
            [36m/>[39m
            [36m<svg[39m
              [33mclass[39m=[32m"h-4 w-4 opacity-50"[39m
              [33mfill[39m=[32m"none"[39m
              [33mheight[39m=[32m"24"[39m
              [33mstroke[39m=[32m"currentColor"[39m
              [33mstroke-linecap[39m=[32m"round"[39m
              [33mstroke-linejoin[39m=[32m"round"[39m
              [33mstroke-width[39m=[32m"2"[39m
              [33mviewBox[39m=[32m"0 0 24 24"[39m
              [33mwidth[39m=[32m"24"[39m
              [33mxmlns[39m=[32m"http://www.w3.org/2000/svg"[39m
            [36m>[39m
              [36m<path[39m
                [33md[39m=[32m"m6 9 6 6 6-6"[39m
              [36m/>[39m
            [36m</svg>[39m
          [36m</button>[39m
        [36m</div>[39m
        [36m<div[39m
          [33mclass[39m=[32m""[39m
        [36m>[39m
          [36m<label[39m
            [33mclass[39m=[32m"text-sm font-medium leading-none peer-disabled:cursor-not-allowed peer-disabled:opacity-70"[39m
          [36m>[39m
            [0m発行日[0m
            [36m<span[39m
              [33mclass[39m=[32m"text-red-500 ml-1"[39m
            [36m>[39m
              [0m*[0m
            [36m</span>[39m
          [36m</label>[39m
          [36m<input[39m
            [33mclass[39m=[32m"flex h-10 w-full rounded-md border border-input bg-background px-3 py-2 text-sm ring-offset-background file:border-0 file:bg-transparent file:text-sm file:font-medium placeholder:text-muted-foreground focus-visible:outline-none focus-visible:ring-2 focus-visible:ring-ring focus-visible:ring-offset-2 disabled:cursor-not-allowed disabled:opacity-50"[39m
            [33mtype[39m=[32m"date"[39m
            [33mvalue[39m=[32m"2025-02-01"[39m
          [36m/>[39m
        [36m</div>[39m
        [36m<div[39m
          [33mclass[39m=[32m""[39m
        [36m>[39m
          [36m<label[39m
            [33mclass[39m=[32m"text-sm font-medium leading-none peer-disabled:cursor-not-allowed peer-disabled:opacity-70"[39m
          [36m>[39m
            [0m支払期限[0m
            [36m<span[39m
              [33mclass[39m=[32m"text-red-500 ml-1"[39m
            [36m>[39m
              [0m*[0m
            [36m</span>[39m
          [36m</label>[39m
          [36m<input[39m
            [33mclass[39m=[32m"flex h-10 w-full rounded-md border border-input bg-background px-3 py-2 text-sm ring-offset-background file:border-0 file:bg-transparent file:text-sm file:font-medium placeholder:text-muted-foreground focus-visible:outline-none focus-visible:ring-2 focus-visible:ring-ring focus-visible:ring-offset-2 disabled:cursor-not-allowed disabled:opacity-50"[39m
            [33mtype[39m=[32m"date"[39m
            [33mvalue[39m=[32m"2025-03-01"[39m
          [36m/>[39m
        [36m</div>[39m
        [36m<div[39m
          [33mclass[39m=[32m"space-y-2"[39m
        [36m>[39m
          [36m<label[39m
            [33mclass[39m=[32m"text-sm font-medium leading-none peer-disabled:cursor-not-allowed peer-disabled:opacity-70"[39m
            [33mfor[39m=[32m":r3n:-form-item"[39m
          [36m>[39m
            [0m登録番号[0m
            [36m<span[39m
              [33mclass[39m=[32m"text-red-500 ml-1"[39m
            [36m>[39m
              [0m*[0m
            [36m</span>[39m
          [36m</label>[39m
          [36m<input[39m
            [33maria-describedby[39m=[32m":r3n:-form-item-description"[39m
            [33maria-invalid[39m=[32m"false"[39m
            [33mclass[39m=[32m"flex h-10 w-full rounded-md border border-input bg-background px-3 py-2 text-sm ring-offset-background file:border-0 file:bg-transparent file:text-sm file:font-medium placeholder:text-muted-foreground focus-visible:outline-none focus-visible:ring-2 focus-visible:ring-ring focus-visible:ring-offset-2 disabled:cursor-not-allowed disabled:opacity-50"[39m
            [33mid[39m=[32m":r3n:-form-item"[39m
            [33mname[39m=[32m"registrationNumber"[39m
            [33mtype[39m=[32m"text"[39m
            [33mvalue[39m=[32m"T1234567890123"[39m
          [36m/>[39m
        [36m</div>[39m
        [36m<div[39m
          [33mclass[39m=[32m"space-y-2"[39m
        [36m>[39m
          [36m<label[39m
            [33mclass[39m=[32m"text-sm font-medium leading-none peer-disabled:cursor-not-allowed peer-disabled:opacity-70"[39m
            [33mfor[39m=[32m":r3o:-form-item"[39m
          [36m>[39m
            [0m備考[0m
          [36m</label>[39m
          [36m<input[39m
            [33maria-describedby[39m=[32m":r3o:-form-item-description"[39m
            [33maria-invalid[39m=[32m"false"[39m
            [33mclass[39m=[32m"flex h-10 w-full rounded-md border border-input bg-background px-3 py-2 text-sm ring-offset-background file:border-0 file:bg-transparent file:text-sm file:font-medium placeholder:text-muted-foreground focus-visible:outline-none focus-visible:ring-2 focus-visible:ring-ring focus-visible:ring-offset-2 disabled:cursor-not-allowed disabled:opacity-50"[39m
            [33mid[39m=[32m":r3o:-form-item"[39m
            [33mname[39m=[32m"notes"[39m
            [33mtype[39m=[32m"text"[39m
            [33mvalue[39m=[32m"テスト備考"[39m
          [36m/>[39m
        [36m</div>[39m
        [36m<div[39m
          [33mclass[39m=[32m"space-y-4"[39m
        [36m>[...

Ignored nodes: comments, script, style
[36m<html>[39m
  [36m<head />[39m
  [36m<body>[39m
    [36m<div>[39m
      [36m<form[39m
        [33mclass[39m=[32m"space-y-6"[39m
      [36m>[39m
        [36m<div[39m
          [33mclass[39m=[32m"space-y-4"[39m
        [36m>[39m
          [36m<div[39m
            [33mclass[39m=[32m""[39m
          [36m>[39m
            [36m<label[39m
              [33mclass[39m=[32m"text-sm font-medium leading-none peer-disabled:cursor-not-allowed peer-disabled:opacity-70"[39m
            [36m>[39m
              [0mステータス[0m
              [36m<span[39m
                [33mclass[39m=[32m"text-red-500 ml-1"[39m
              [36m>[39m
                [0m*[0m
              [36m</span>[39m
            [36m</label>[39m
            [36m<button[39m
              [33maria-autocomplete[39m=[32m"none"[39m
              [33maria-controls[39m=[32m"radix-:r3m:"[39m
              [33maria-expanded[39m=[32m"false"[39m
              [33mclass[39m=[32m"flex h-10 w-full items-center justify-between rounded-md border border-input bg-transparent px-3 py-2 text-sm ring-offset-background placeholder:text-muted-foreground focus:outline-none focus:ring-2 focus:ring-ring focus:ring-offset-2 disabled:cursor-not-allowed disabled:opacity-50"[39m
              [33mdata-state[39m=[32m"closed"[39m
              [33mdir[39m=[32m"ltr"[39m
              [33mrole[39m=[32m"combobox"[39m
              [33mtype[39m=[32m"button"[39m
            [36m>[39m
              [36m<span[39m
                [33mstyle[39m=[32m"pointer-events: none;"[39m
              [36m/>[39m
              [36m<svg[39m
                [33mclass[39m=[32m"h-4 w-4 opacity-50"[39m
                [33mfill[39m=[32m"none"[39m
                [33mheight[39m=[32m"24"[39m
                [33mstroke[39m=[32m"currentColor"[39m
                [33mstroke-linecap[39m=[32m"round"[39m
                [33mstroke-linejoin[39m=[32m"round"[39m
                [33mstroke-width[39m=[32m"2"[39m
                [33mviewBox[39m=[32m"0 0 24 24"[39m
                [33mwidth[39m=[32m"24"[39m
                [33mxmlns[39m=[32m"http://www.w3.org/2000/svg"[39m
              [36m>[39m
                [36m<path[39m
                  [33md[39m=[32m"m6 9 6 6 6-6"[39m
                [36m/>[39m
              [36m</svg>[39m
            [36m</button>[39m
          [36m</div>[39m
          [36m<div[39m
            [33mclass[39m=[32m""[39m
          [36m>[39m
            [36m<label[39m
              [33mclass[39m=[32m"text-sm font-medium leading-none peer-disabled:cursor-not-allowed peer-disabled:opacity-70"[39m
            [36m>[39m
              [0m発行日[0m
              [36m<span[39m
                [33mclass[39m=[32m"text-red-500 ml-1"[39m
              [36m>[39m
                [0m*[0m
              [36m</span>[39m
            [36m</label>[39m
            [36m<input[39m
              [33mclass[39m=[32m"flex h-10 w-full rounded-md border border-input bg-background px-3 py-2 text-sm ring-offset-background file:border-0 file:bg-transparent file:text-sm file:font-medium placeholder:text-muted-foreground focus-visible:outline-none focus-visible:ring-2 focus-visible:ring-ring focus-visible:ring-offset-2 disabled:cursor-not-allowed disabled:opacity-50"[39m
              [33mtype[39m=[32m"date"[39m
              [33mvalue[39m=[32m"2025-02-01"[39m
            [36m/>[39m
          [36m</div>[39m
          [36m<div[39m
            [33mclass[39m=[32m""[39m
          [36m>[39m
            [36m<label[39m
              [33mclass[39m=[32m"text-sm font-medium leading-none peer-disabled:cursor-not-allowed peer-disabled:opacity-70"[39m
            [36m>[39m
              [0m支払期限[0m
              [36m<span[39m
                [33mclass[39m=[32m"text-red-500 ml-1"[39m
              [36m>[39m
                [0m*[0m
              [36m</span>[39m
            [36m</label>[39m
            [36m<input[39m
              [33mclass[39m=[32m"flex h-10 w-full rounded-md border border-input bg-background px-3 py-2 text-sm ring-offset-background file:border-0 file:bg-transparent file:text-sm file:font-medium placeholder:text-muted-foreground focus-visible:outline-none focus-visible:ring-2 focus-visible:ring-ring focus-visible:ring-offset-2 disabled:cursor-not-allowed disabled:opacity-50"[39m
              [33mtype[39m=[32m"date"[39m
              [33mvalue[39m=[32m"2025-03-01"[39m
            [36m/>[39m
          [36m</div>[39m
          [36m<div[39m
            [33mclass[39m=[32m"space-y-2"[39m
          [36m>[39m
            [36m<label[39m
              [33mclass[39m=[32m"text-sm font-medium leading-none peer-disabled:cursor-not-allowed peer-disabled:opacity-70"[39m
              [33mfor[39m=[32m":r3n:-form-item"[39m
            [36m>[39m
              [0m登録番号[0m
              [36m<span[39m
                [33mclass[39m=[32m"text-red-500 ml-1"[39m
              [36m>[39m
                [0m*[0m
              [36m</span>[39m
            [36m</label>[39m
            [36m<input[39m
              [33maria-describedby[39m=[32m":r3n:-form-item-description"[39m
              [33maria-invalid[39m=[32m"false"[39m
              [33mclass[39m=[32m"flex h-10 w-full rounded-md border border-input bg-background px-3 py-2 text-sm ring-offset-background file:border-0 file:bg-transparent file:text-sm file:font-medium placeholder:text-muted-foreground focus-visible:outline-none focus-visible:ring-2 focus-visible:ring-ring focus-visible:ring-offset-2 disabled:cursor-not-allowed disabled:opacity-50"[39m
              [33mid[39m=[32m":r3n:-form-item"[39m
              [33mname[39m=[32m"registrationNumber"[39m
              [33mtype[39m=[32m"text"[39m
              [33mvalue[39m=[32m"T1234567890123"[39m
            [36m/>[39m
          [36m</div>[39m
          [36m<div[39m
            [33mclass[39m=[32m"space-y-2"[39m
          [36m>[39m
            [36m<label[39m
              [33mclass[39m=[32m"text-sm font-medium leading-none peer-disabled:cursor-not-allowed peer-disabled:opacity-70"[39m
              [33mfor[39m=[32m":r3o:-form-item"[39m
            [36m>[39m
              [0m備考[0m
            [36m</label>[39m
            [36m<input[39m
              [33maria-describedby[39m=[32m":r3o:-form-item-description"[39m
              [33maria-invalid[39m=[32m"false"[39m
              [33mclass[39m=[32m"flex h-10 w-full rounded-md border border-input bg-background px-3 py-2 text-sm ring-offset-background file:border-0 file:bg-transparent file:text-sm file:font-medium placeholder:text-muted-foreground focus-visible:outline-none focus-visible:ring-2 focus-visible:ring-ring focus-visible:ring-offset-2 disabled:cursor-not-allowed disabled:opacity-50"[39m
              [33mid[39m=[32...
   ❯ src/components/invoice/__tests__/InvoiceForm.test.tsx > InvoiceForm > 税率変更時に金額計算が正しく行われること
     → Unable to find an element by: [data-testid="cy=subtotal"]

Ignored nodes: comments, script, style
[36m<body>[39m
  [36m<div>[39m
    [36m<form[39m
      [33mclass[39m=[32m"space-y-6"[39m
    [36m>[39m
      [36m<div[39m
        [33mclass[39m=[32m"space-y-4"[39m
      [36m>[39m
        [36m<div[39m
          [33mclass[39m=[32m""[39m
        [36m>[39m
          [36m<label[39m
            [33mclass[39m=[32m"text-sm font-medium leading-none peer-disabled:cursor-not-allowed peer-disabled:opacity-70"[39m
          [36m>[39m
            [0mステータス[0m
            [36m<span[39m
              [33mclass[39m=[32m"text-red-500 ml-1"[39m
            [36m>[39m
              [0m*[0m
            [36m</span>[39m
          [36m</label>[39m
          [36m<button[39m
            [33maria-autocomplete[39m=[32m"none"[39m
            [33maria-controls[39m=[32m"radix-:r4i:"[39m
            [33maria-expanded[39m=[32m"false"[39m
            [33mclass[39m=[32m"flex h-10 w-full items-center justify-between rounded-md border border-input bg-transparent px-3 py-2 text-sm ring-offset-background placeholder:text-muted-foreground focus:outline-none focus:ring-2 focus:ring-ring focus:ring-offset-2 disabled:cursor-not-allowed disabled:opacity-50"[39m
            [33mdata-state[39m=[32m"closed"[39m
            [33mdir[39m=[32m"ltr"[39m
            [33mrole[39m=[32m"combobox"[39m
            [33mtype[39m=[32m"button"[39m
          [36m>[39m
            [36m<span[39m
              [33mstyle[39m=[32m"pointer-events: none;"[39m
            [36m/>[39m
            [36m<svg[39m
              [33mclass[39m=[32m"h-4 w-4 opacity-50"[39m
              [33mfill[39m=[32m"none"[39m
              [33mheight[39m=[32m"24"[39m
              [33mstroke[39m=[32m"currentColor"[39m
              [33mstroke-linecap[39m=[32m"round"[39m
              [33mstroke-linejoin[39m=[32m"round"[39m
              [33mstroke-width[39m=[32m"2"[39m
              [33mviewBox[39m=[32m"0 0 24 24"[39m
              [33mwidth[39m=[32m"24"[39m
              [33mxmlns[39m=[32m"http://www.w3.org/2000/svg"[39m
            [36m>[39m
              [36m<path[39m
                [33md[39m=[32m"m6 9 6 6 6-6"[39m
              [36m/>[39m
            [36m</svg>[39m
          [36m</button>[39m
        [36m</div>[39m
        [36m<div[39m
          [33mclass[39m=[32m""[39m
        [36m>[39m
          [36m<label[39m
            [33mclass[39m=[32m"text-sm font-medium leading-none peer-disabled:cursor-not-allowed peer-disabled:opacity-70"[39m
          [36m>[39m
            [0m発行日[0m
            [36m<span[39m
              [33mclass[39m=[32m"text-red-500 ml-1"[39m
            [36m>[39m
              [0m*[0m
            [36m</span>[39m
          [36m</label>[39m
          [36m<input[39m
            [33mclass[39m=[32m"flex h-10 w-full rounded-md border border-input bg-background px-3 py-2 text-sm ring-offset-background file:border-0 file:bg-transparent file:text-sm file:font-medium placeholder:text-muted-foreground focus-visible:outline-none focus-visible:ring-2 focus-visible:ring-ring focus-visible:ring-offset-2 disabled:cursor-not-allowed disabled:opacity-50"[39m
            [33mtype[39m=[32m"date"[39m
            [33mvalue[39m=[32m"2025-02-01"[39m
          [36m/>[39m
        [36m</div>[39m
        [36m<div[39m
          [33mclass[39m=[32m""[39m
        [36m>[39m
          [36m<label[39m
            [33mclass[39m=[32m"text-sm font-medium leading-none peer-disabled:cursor-not-allowed peer-disabled:opacity-70"[39m
          [36m>[39m
            [0m支払期限[0m
            [36m<span[39m
              [33mclass[39m=[32m"text-red-500 ml-1"[39m
            [36m>[39m
              [0m*[0m
            [36m</span>[39m
          [36m</label>[39m
          [36m<input[39m
            [33mclass[39m=[32m"flex h-10 w-full rounded-md border border-input bg-background px-3 py-2 text-sm ring-offset-background file:border-0 file:bg-transparent file:text-sm file:font-medium placeholder:text-muted-foreground focus-visible:outline-none focus-visible:ring-2 focus-visible:ring-ring focus-visible:ring-offset-2 disabled:cursor-not-allowed disabled:opacity-50"[39m
            [33mtype[39m=[32m"date"[39m
            [33mvalue[39m=[32m"2025-03-01"[39m
          [36m/>[39m
        [36m</div>[39m
        [36m<div[39m
          [33mclass[39m=[32m"space-y-2"[39m
        [36m>[39m
          [36m<label[39m
            [33mclass[39m=[32m"text-sm font-medium leading-none peer-disabled:cursor-not-allowed peer-disabled:opacity-70"[39m
            [33mfor[39m=[32m":r4j:-form-item"[39m
          [36m>[39m
            [0m登録番号[0m
            [36m<span[39m
              [33mclass[39m=[32m"text-red-500 ml-1"[39m
            [36m>[39m
              [0m*[0m
            [36m</span>[39m
          [36m</label>[39m
          [36m<input[39m
            [33maria-describedby[39m=[32m":r4j:-form-item-description"[39m
            [33maria-invalid[39m=[32m"false"[39m
            [33mclass[39m=[32m"flex h-10 w-full rounded-md border border-input bg-background px-3 py-2 text-sm ring-offset-background file:border-0 file:bg-transparent file:text-sm file:font-medium placeholder:text-muted-foreground focus-visible:outline-none focus-visible:ring-2 focus-visible:ring-ring focus-visible:ring-offset-2 disabled:cursor-not-allowed disabled:opacity-50"[39m
            [33mid[39m=[32m":r4j:-form-item"[39m
            [33mname[39m=[32m"registrationNumber"[39m
            [33mtype[39m=[32m"text"[39m
            [33mvalue[39m=[32m"T1234567890123"[39m
          [36m/>[39m
        [36m</div>[39m
        [36m<div[39m
          [33mclass[39m=[32m"space-y-2"[39m
        [36m>[39m
          [36m<label[39m
            [33mclass[39m=[32m"text-sm font-medium leading-none peer-disabled:cursor-not-allowed peer-disabled:opacity-70"[39m
            [33mfor[39m=[32m":r4k:-form-item"[39m
          [36m>[39m
            [0m備考[0m
          [36m</label>[39m
          [36m<input[39m
            [33maria-describedby[39m=[32m":r4k:-form-item-description"[39m
            [33maria-invalid[39m=[32m"false"[39m
            [33mclass[39m=[32m"flex h-10 w-full rounded-md border border-input bg-background px-3 py-2 text-sm ring-offset-background file:border-0 file:bg-transparent file:text-sm file:font-medium placeholder:text-muted-foreground focus-visible:outline-none focus-visible:ring-2 focus-visible:ring-ring focus-visible:ring-offset-2 disabled:cursor-not-allowed disabled:opacity-50"[39m
            [33mid[39m=[32m":r4k:-form-item"[39m
            [33mname[39m=[32m"notes"[39m
            [33mtype[39m=[32m"text"[39m
            [33mvalue[39m=[32m"テスト備考"[39m
          [36m/>[39m
        [36m</div>[39m
        [36m<div[39m
          [33mclass[39m=[32m"space-y-4"[39m
        [36m>[...

 Test Files  2 failed (2)
      Tests  17 failed | 4 passed (21)
   Start at  17:14:04
   Duration  3.16s


 FAIL  Tests failed. Watching for file changes...
       press h to show help, press q to quit
[3Jc
 RERUN  src/components/purchase-orders/schemas/purchaseOrderSchema.ts x2

 ❯ src/components/purchase-orders/schemas/__tests__/purchaseOrderSchema.test.ts  (13 tests | 13 failed) 18ms
   ❯ src/components/purchase-orders/schemas/__tests__/purchaseOrderSchema.test.ts > purchaseOrderSchema > 部門別の上限金額チェック > 一般部門の上限金額を超えない場合は有効
     → expected [Function] to not throw an error but '[\n  {\n    "code": "invalid_type",\n…' was thrown
   ❯ src/components/purchase-orders/schemas/__tests__/purchaseOrderSchema.test.ts > purchaseOrderSchema > 部門別の上限金額チェック > 一般部門の上限金額を超える場合はエラー
     → expected [Function] to throw error including '発注総額が部門別の上限を超えています' but got '[\n  {\n    "code": "invalid_type",\n…'
   ❯ src/components/purchase-orders/schemas/__tests__/purchaseOrderSchema.test.ts > purchaseOrderSchema > 部門別の上限金額チェック > 管理部門は高額な発注が可能
     → expected [Function] to not throw an error but '[\n  {\n    "code": "invalid_type",\n…' was thrown
   ❯ src/components/purchase-orders/schemas/__tests__/purchaseOrderSchema.test.ts > purchaseOrderSchema > 品目数の上限チェック > 50品目以内の場合は有効
     → expected [Function] to not throw an error but '[\n  {\n    "code": "invalid_type",\n…' was thrown
   ❯ src/components/purchase-orders/schemas/__tests__/purchaseOrderSchema.test.ts > purchaseOrderSchema > 品目数の上限チェック > 50品目を超える場合はエラー
     → expected [Function] to throw error including '品目数は50個以内にしてください' but got '[\n  {\n    "code": "invalid_type",\n…'
   ❯ src/components/purchase-orders/schemas/__tests__/purchaseOrderSchema.test.ts > purchaseOrderSchema > 与信限度額チェック > 与信限度額を超えない場合は有効
     → expected [Function] to not throw an error but '[\n  {\n    "code": "invalid_type",\n…' was thrown
   ❯ src/components/purchase-orders/schemas/__tests__/purchaseOrderSchema.test.ts > purchaseOrderSchema > 与信限度額チェック > 与信限度額を超える場合はエラー
     → expected [Function] to throw error including '発注総額が取引先の与信限度額を超えています' but got '[\n  {\n    "code": "invalid_type",\n…'
   ❯ src/components/purchase-orders/schemas/__tests__/purchaseOrderSchema.test.ts > purchaseOrderSchema > 特定カテゴリーの承認要否チェック > 通常カテゴリーは承認なしで送信可能
     → expected [Function] to not throw an error but '[\n  {\n    "code": "invalid_type",\n…' was thrown
   ❯ src/components/purchase-orders/schemas/__tests__/purchaseOrderSchema.test.ts > purchaseOrderSchema > 特定カテゴリーの承認要否チェック > 特定カテゴリーは承認なしで送信不可
     → expected [Function] to throw error including '特定カテゴリーの品目が含まれているため、承認が必要です' but got '[\n  {\n    "code": "invalid_type",\n…'
   ❯ src/components/purchase-orders/schemas/__tests__/purchaseOrderSchema.test.ts > purchaseOrderSchema > 特定カテゴリーの承認要否チェック > 特定カテゴリーは下書き状態で保存可能
     → expected [Function] to not throw an error but '[\n  {\n    "code": "invalid_type",\n…' was thrown
   ❯ src/components/purchase-orders/schemas/__tests__/purchaseOrderSchema.test.ts > purchaseOrderSchema > 税率のバリデーション > 8%と10%の税率は有効
     → expected [Function] to not throw an error but '[\n  {\n    "code": "invalid_type",\n…' was thrown
   ❯ src/components/purchase-orders/schemas/__tests__/purchaseOrderSchema.test.ts > purchaseOrderSchema > 税率のバリデーション > その他の税率はエラー
     → expected [Function] to throw error including '無効な税率が指定されています' but got '[\n  {\n    "code": "invalid_type",\n…'
   ❯ src/components/purchase-orders/schemas/__tests__/purchaseOrderSchema.test.ts > purchaseOrderSchema > 重複品目チェック > 品目名が重複する場合はエラー
     → expected [Function] to throw error including '同じ品目が複数登録されています' but got '[\n  {\n    "code": "invalid_type",\n…'

 Test Files  1 failed (1)
      Tests  13 failed (13)
   Start at  17:15:12
   Duration  165ms


 FAIL  Tests failed. Watching for file changes...
       press h to show help, press q to quit
       rerun x2
[2K[1A[2K[G[3Jc
 RERUN  src/components/purchase-orders/schemas/purchaseOrderSchema.ts x3

 ❯ src/components/purchase-orders/schemas/__tests__/purchaseOrderSchema.test.ts  (13 tests | 13 failed) 18ms
   ❯ src/components/purchase-orders/schemas/__tests__/purchaseOrderSchema.test.ts > purchaseOrderSchema > 部門別の上限金額チェック > 一般部門の上限金額を超えない場合は有効
     → expected [Function] to not throw an error but '[\n  {\n    "code": "invalid_type",\n…' was thrown
   ❯ src/components/purchase-orders/schemas/__tests__/purchaseOrderSchema.test.ts > purchaseOrderSchema > 部門別の上限金額チェック > 一般部門の上限金額を超える場合はエラー
     → expected [Function] to throw error including '発注総額が部門別の上限を超えています' but got '[\n  {\n    "code": "invalid_type",\n…'
   ❯ src/components/purchase-orders/schemas/__tests__/purchaseOrderSchema.test.ts > purchaseOrderSchema > 部門別の上限金額チェック > 管理部門は高額な発注が可能
     → expected [Function] to not throw an error but '[\n  {\n    "code": "invalid_type",\n…' was thrown
   ❯ src/components/purchase-orders/schemas/__tests__/purchaseOrderSchema.test.ts > purchaseOrderSchema > 品目数の上限チェック > 50品目以内の場合は有効
     → expected [Function] to not throw an error but '[\n  {\n    "code": "invalid_type",\n…' was thrown
   ❯ src/components/purchase-orders/schemas/__tests__/purchaseOrderSchema.test.ts > purchaseOrderSchema > 品目数の上限チェック > 50品目を超える場合はエラー
     → expected [Function] to throw error including '品目数は50個以内にしてください' but got '[\n  {\n    "code": "invalid_type",\n…'
   ❯ src/components/purchase-orders/schemas/__tests__/purchaseOrderSchema.test.ts > purchaseOrderSchema > 与信限度額チェック > 与信限度額を超えない場合は有効
     → expected [Function] to not throw an error but '[\n  {\n    "code": "invalid_type",\n…' was thrown
   ❯ src/components/purchase-orders/schemas/__tests__/purchaseOrderSchema.test.ts > purchaseOrderSchema > 与信限度額チェック > 与信限度額を超える場合はエラー
     → expected [Function] to throw error including '発注総額が取引先の与信限度額を超えています' but got '[\n  {\n    "code": "invalid_type",\n…'
   ❯ src/components/purchase-orders/schemas/__tests__/purchaseOrderSchema.test.ts > purchaseOrderSchema > 特定カテゴリーの承認要否チェック > 通常カテゴリーは承認なしで送信可能
     → expected [Function] to not throw an error but '[\n  {\n    "code": "invalid_type",\n…' was thrown
   ❯ src/components/purchase-orders/schemas/__tests__/purchaseOrderSchema.test.ts > purchaseOrderSchema > 特定カテゴリーの承認要否チェック > 特定カテゴリーは承認なしで送信不可
     → expected [Function] to throw error including '特定カテゴリーの品目が含まれているため、承認が必要です' but got '[\n  {\n    "code": "invalid_type",\n…'
   ❯ src/components/purchase-orders/schemas/__tests__/purchaseOrderSchema.test.ts > purchaseOrderSchema > 特定カテゴリーの承認要否チェック > 特定カテゴリーは下書き状態で保存可能
     → expected [Function] to not throw an error but '[\n  {\n    "code": "invalid_type",\n…' was thrown
   ❯ src/components/purchase-orders/schemas/__tests__/purchaseOrderSchema.test.ts > purchaseOrderSchema > 税率のバリデーション > 8%と10%の税率は有効
     → expected [Function] to not throw an error but '[\n  {\n    "code": "invalid_type",\n…' was thrown
   ❯ src/components/purchase-orders/schemas/__tests__/purchaseOrderSchema.test.ts > purchaseOrderSchema > 税率のバリデーション > その他の税率はエラー
     → expected [Function] to throw error including '無効な税率が指定されています' but got '[\n  {\n    "code": "invalid_type",\n…'
   ❯ src/components/purchase-orders/schemas/__tests__/purchaseOrderSchema.test.ts > purchaseOrderSchema > 重複品目チェック > 品目名が重複する場合はエラー
     → expected [Function] to throw error including '同じ品目が複数登録されています' but got '[\n  {\n    "code": "invalid_type",\n…'

 Test Files  1 failed (1)
      Tests  13 failed (13)
   Start at  17:15:53
   Duration  183ms


 FAIL  Tests failed. Watching for file changes...
       press h to show help, press q to quit
       rerun x3
[2K[1A[2K[G[3Jc
 RERUN  src/types/validation/commonValidation.ts

 ❯ src/components/purchase-orders/schemas/__tests__/purchaseOrderSchema.test.ts  (13 tests | 13 failed) 21ms
   ❯ src/components/purchase-orders/schemas/__tests__/purchaseOrderSchema.test.ts > purchaseOrderSchema > 部門別の上限金額チェック > 一般部門の上限金額を超えない場合は有効
     → expected [Function] to not throw an error but '[\n  {\n    "code": "invalid_type",\n…' was thrown
   ❯ src/components/purchase-orders/schemas/__tests__/purchaseOrderSchema.test.ts > purchaseOrderSchema > 部門別の上限金額チェック > 一般部門の上限金額を超える場合はエラー
     → expected [Function] to throw error including '発注総額が部門別の上限を超えています' but got '[\n  {\n    "code": "invalid_type",\n…'
   ❯ src/components/purchase-orders/schemas/__tests__/purchaseOrderSchema.test.ts > purchaseOrderSchema > 部門別の上限金額チェック > 管理部門は高額な発注が可能
     → expected [Function] to not throw an error but '[\n  {\n    "code": "invalid_type",\n…' was thrown
   ❯ src/components/purchase-orders/schemas/__tests__/purchaseOrderSchema.test.ts > purchaseOrderSchema > 品目数の上限チェック > 50品目以内の場合は有効
     → expected [Function] to not throw an error but '[\n  {\n    "code": "invalid_type",\n…' was thrown
   ❯ src/components/purchase-orders/schemas/__tests__/purchaseOrderSchema.test.ts > purchaseOrderSchema > 品目数の上限チェック > 50品目を超える場合はエラー
     → expected [Function] to throw error including '品目数は50個以内にしてください' but got '[\n  {\n    "code": "invalid_type",\n…'
   ❯ src/components/purchase-orders/schemas/__tests__/purchaseOrderSchema.test.ts > purchaseOrderSchema > 与信限度額チェック > 与信限度額を超えない場合は有効
     → expected [Function] to not throw an error but '[\n  {\n    "code": "invalid_type",\n…' was thrown
   ❯ src/components/purchase-orders/schemas/__tests__/purchaseOrderSchema.test.ts > purchaseOrderSchema > 与信限度額チェック > 与信限度額を超える場合はエラー
     → expected [Function] to throw error including '発注総額が取引先の与信限度額を超えています' but got '[\n  {\n    "code": "invalid_type",\n…'
   ❯ src/components/purchase-orders/schemas/__tests__/purchaseOrderSchema.test.ts > purchaseOrderSchema > 特定カテゴリーの承認要否チェック > 通常カテゴリーは承認なしで送信可能
     → expected [Function] to not throw an error but '[\n  {\n    "code": "invalid_type",\n…' was thrown
   ❯ src/components/purchase-orders/schemas/__tests__/purchaseOrderSchema.test.ts > purchaseOrderSchema > 特定カテゴリーの承認要否チェック > 特定カテゴリーは承認なしで送信不可
     → expected [Function] to throw error including '特定カテゴリーの品目が含まれているため、承認が必要です' but got '[\n  {\n    "code": "invalid_type",\n…'
   ❯ src/components/purchase-orders/schemas/__tests__/purchaseOrderSchema.test.ts > purchaseOrderSchema > 特定カテゴリーの承認要否チェック > 特定カテゴリーは下書き状態で保存可能
     → expected [Function] to not throw an error but '[\n  {\n    "code": "invalid_type",\n…' was thrown
   ❯ src/components/purchase-orders/schemas/__tests__/purchaseOrderSchema.test.ts > purchaseOrderSchema > 税率のバリデーション > 8%と10%の税率は有効
     → expected [Function] to not throw an error but '[\n  {\n    "code": "invalid_type",\n…' was thrown
   ❯ src/components/purchase-orders/schemas/__tests__/purchaseOrderSchema.test.ts > purchaseOrderSchema > 税率のバリデーション > その他の税率はエラー
     → expected [Function] to throw error including '無効な税率が指定されています' but got '[\n  {\n    "code": "invalid_type",\n…'
   ❯ src/components/purchase-orders/schemas/__tests__/purchaseOrderSchema.test.ts > purchaseOrderSchema > 重複品目チェック > 品目名が重複する場合はエラー
     → expected [Function] to throw error including '同じ品目が複数登録されています' but got '[\n  {\n    "code": "invalid_type",\n…'
stdout | src/app/api/tags/__tests__/tags.test.ts > タグ管理API > GET /api/tags > タグ一覧を取得できる
prisma:query INSERT INTO "public"."Tag" ("id","name","createdAt","updatedAt") VALUES ($1,$2,$3,$4) RETURNING "public"."Tag"."id", "public"."Tag"."name", "public"."Tag"."createdAt", "public"."Tag"."updatedAt"

stdout | src/app/api/tags/__tests__/tags.test.ts > タグ管理API > GET /api/tags > タグ一覧を取得できる
prisma:query SELECT "public"."Tag"."id", "public"."Tag"."name", "public"."Tag"."createdAt", "public"."Tag"."updatedAt" FROM "public"."Tag" WHERE 1=1 ORDER BY "public"."Tag"."createdAt" DESC OFFSET $1

stdout | src/app/api/tags/__tests__/tags.test.ts > タグ管理API > GET /api/tags > タグ一覧を取得できる
prisma:query DELETE FROM "public"."Tag" WHERE "public"."Tag"."name"::text LIKE $1

stdout | src/app/api/tags/__tests__/tags.test.ts > タグ管理API > POST /api/tags > 新しいタグを作成できる
prisma:query INSERT INTO "public"."Tag" ("id","name","createdAt","updatedAt") VALUES ($1,$2,$3,$4) RETURNING "public"."Tag"."id", "public"."Tag"."name", "public"."Tag"."createdAt", "public"."Tag"."updatedAt"

stdout | src/app/api/tags/__tests__/tags.test.ts > タグ管理API > POST /api/tags > 新しいタグを作成できる
prisma:query INSERT INTO "public"."Tag" ("id","name","createdAt","updatedAt") VALUES ($1,$2,$3,$4) RETURNING "public"."Tag"."id", "public"."Tag"."name", "public"."Tag"."createdAt", "public"."Tag"."updatedAt"
prisma:query DELETE FROM "public"."Tag" WHERE "public"."Tag"."name"::text LIKE $1

stdout | src/app/api/tags/__tests__/tags.test.ts > タグ管理API > POST /api/tags > 同じ名前のタグは作成できない
prisma:query INSERT INTO "public"."Tag" ("id","name","createdAt","updatedAt") VALUES ($1,$2,$3,$4) RETURNING "public"."Tag"."id", "public"."Tag"."name", "public"."Tag"."createdAt", "public"."Tag"."updatedAt"

stdout | src/app/api/tags/__tests__/tags.test.ts > タグ管理API > POST /api/tags > 同じ名前のタグは作成できない
prisma:query INSERT INTO "public"."Tag" ("id","name","createdAt","updatedAt") VALUES ($1,$2,$3,$4) RETURNING "public"."Tag"."id", "public"."Tag"."name", "public"."Tag"."createdAt", "public"."Tag"."updatedAt"

stdout | src/app/api/tags/__tests__/tags.test.ts > タグ管理API > POST /api/tags > 同じ名前のタグは作成できない
prisma:query DELETE FROM "public"."Tag" WHERE "public"."Tag"."name"::text LIKE $1

stdout | src/app/api/tags/__tests__/tags.test.ts > タグ管理API > DELETE /api/tags/[id] > タグを削除できる
prisma:query INSERT INTO "public"."Tag" ("id","name","createdAt","updatedAt") VALUES ($1,$2,$3,$4) RETURNING "public"."Tag"."id", "public"."Tag"."name", "public"."Tag"."createdAt", "public"."Tag"."updatedAt"

stdout | src/app/api/tags/__tests__/tags.test.ts > タグ管理API > DELETE /api/tags/[id] > タグを削除できる
prisma:query DELETE FROM "public"."Tag" WHERE "public"."Tag"."name"::text LIKE $1

stdout | src/app/api/tags/__tests__/tags.test.ts > タグ管理API > タグの関連付けと解除 > タグを請求書に関連付けできる
prisma:query INSERT INTO "public"."Tag" ("id","name","createdAt","updatedAt") VALUES ($1,$2,$3,$4) RETURNING "public"."Tag"."id", "public"."Tag"."name", "public"."Tag"."createdAt", "public"."Tag"."updatedAt"

stdout | src/app/api/tags/__tests__/tags.test.ts > タグ管理API > タグの関連付けと解除 > タグを請求書に関連付けできる
prisma:query BEGIN

stdout | src/app/api/tags/__tests__/tags.test.ts > タグ管理API > タグの関連付けと解除 > タグを請求書に関連付けできる
prisma:query SELECT "public"."User"."id" FROM "public"."User" WHERE ("public"."User"."id" = $1 AND 1=1) OFFSET $2
prisma:query SELECT "public"."User"."id" FROM "public"."User" WHERE ("public"."User"."id" = $1 AND 1=1) OFFSET $2

stdout | src/app/api/tags/__tests__/tags.test.ts > タグ管理API > タグの関連付けと解除 > タグを請求書に関連付けできる
prisma:query SELECT "public"."Vendor"."id" FROM "public"."Vendor" WHERE ("public"."Vendor"."id" = $1 AND 1=1) OFFSET $2
prisma:query ROLLBACK

stdout | src/app/api/tags/__tests__/tags.test.ts > タグ管理API > タグの関連付けと解除 > タグを請求書に関連付けできる
prisma:query DELETE FROM "public"."Invoice" WHERE "public"."Invoice"."invoiceNumber"::text LIKE $1
prisma:query DELETE FROM "public"."Tag" WHERE "public"."Tag"."name"::text LIKE $1

stdout | src/app/api/tags/__tests__/tags.test.ts > タグ管理API > タグの関連付けと解除 > タグの関連付けを解除できる
prisma:query INSERT INTO "public"."Tag" ("id","name","createdAt","updatedAt") VALUES ($1,$2,$3,$4) RETURNING "public"."Tag"."id", "public"."Tag"."name", "public"."Tag"."createdAt", "public"."Tag"."updatedAt"
prisma:query BEGIN
prisma:query SELECT "public"."User"."id" FROM "public"."User" WHERE ("public"."User"."id" = $1 AND 1=1) OFFSET $2
prisma:query SELECT "public"."User"."id" FROM "public"."User" WHERE ("public"."User"."id" = $1 AND 1=1) OFFSET $2

 ❯ src/app/api/purchase-orders/__tests__/status.test.ts  (5 tests | 4 failed) 22ms
   ❯ src/app/api/purchase-orders/__tests__/status.test.ts > Purchase Order Status API > 正常なステータス更新が処理される
     → expected 500 to be 200 // Object.is equality
   ❯ src/app/api/purchase-orders/__tests__/status.test.ts > Purchase Order Status API > 無効なステータス遷移がエラーになる
     → expected 500 to be 400 // Object.is equality
   ❯ src/app/api/purchase-orders/__tests__/status.test.ts > Purchase Order Status API > 存在しない発注書IDの場合エラーになる
     → expected 500 to be 404 // Object.is equality
   ❯ src/app/api/purchase-orders/__tests__/status.test.ts > Purchase Order Status API > コメント付きのステータス更新が正しく処理される
     → expected 500 to be 200 // Object.is equality
 ❯ src/app/api/tags/__tests__/tags.test.ts  (6 tests | 4 failed) 59ms
   ❯ src/app/api/tags/__tests__/tags.test.ts > タグ管理API > POST /api/tags > 同じ名前のタグは作成できない
     → expected 500 to be 400 // Object.is equality
   ❯ src/app/api/tags/__tests__/tags.test.ts > タグ管理API > DELETE /api/tags/[id] > タグを削除できる
     → expected 500 to be 200 // Object.is equality
   ❯ src/app/api/tags/__tests__/tags.test.ts > タグ管理API > タグの関連付けと解除 > タグを請求書に関連付けできる
     → 
Invalid `prisma.invoice.create()` invocation:


An operation failed because it depends on one or more records that were required but not found. No 'Vendor' record(s) (needed to inline the relation on 'PurchaseOrder' record(s)) was found for a nested connect on one-to-many relation 'PurchaseOrderToVendor'.
   ❯ src/app/api/tags/__tests__/tags.test.ts > タグ管理API > タグの関連付けと解除 > タグの関連付けを解除できる
     → 
Invalid `prisma.invoice.create()` invocation:


An operation failed because it depends on one or more records that were required but not found. No 'Vendor' record(s) (needed to inline the relation on 'PurchaseOrder' record(s)) was found for a nested connect on one-to-many relation 'PurchaseOrderToVendor'.
stdout | src/app/api/tags/__tests__/tags.test.ts > タグ管理API > タグの関連付けと解除 > タグの関連付けを解除できる
prisma:query SELECT "public"."Vendor"."id" FROM "public"."Vendor" WHERE ("public"."Vendor"."id" = $1 AND 1=1) OFFSET $2
prisma:query ROLLBACK
prisma:query DELETE FROM "public"."Invoice" WHERE "public"."Invoice"."invoiceNumber"::text LIKE $1
prisma:query DELETE FROM "public"."Tag" WHERE "public"."Tag"."name"::text LIKE $1

 ❯ src/app/api/dashboard/recent-orders/__tests__/route.test.ts  (4 tests | 1 failed) 22ms
   ❯ src/app/api/dashboard/recent-orders/__tests__/route.test.ts > GET /api/dashboard/recent-orders > 認証済みユーザーが最近の注文を取得できる
     → expected [ …(2) ] to deeply equal [ …(2) ]
 ❯ src/components/vendors/__tests__/VendorForm.test.tsx  (0 test)
 ❯ src/app/api/invoices/__tests__/status.test.ts  (4 tests | 3 failed) 16ms
   ❯ src/app/api/invoices/__tests__/status.test.ts > Invoice Status API > 正常なステータス更新が処理される
     → expected 500 to be 200 // Object.is equality
   ❯ src/app/api/invoices/__tests__/status.test.ts > Invoice Status API > 無効なステータス遷移がエラーになる
     → expected 500 to be 400 // Object.is equality
   ❯ src/app/api/invoices/__tests__/status.test.ts > Invoice Status API > 存在しない請求書IDの場合エラーになる
     → expected 500 to be 404 // Object.is equality
 ❯ src/app/api/dashboard/stats/__tests__/route.test.ts  (4 tests | 1 failed) 15ms
   ❯ src/app/api/dashboard/stats/__tests__/route.test.ts > GET /api/dashboard/stats > 認証済みユーザーが統計情報を取得できる
     → expected "spy" to be called with arguments: [ [ Any<Function>, …(2) ] ]

Received: 

  1st spy call:

  Array [
    Array [
-     Any<Function>,
-     Any<Function>,
-     Any<Function>,
+     undefined,
+     undefined,
+     undefined,
    ],
  ]


Number of calls: 1

 ✓ src/app/api/dashboard/alerts/__tests__/route.test.ts  (4 tests) 13ms
 ❯ src/types/validation/__tests__/commonValidation.test.ts  (7 tests | 2 failed) 10ms
   ❯ src/types/validation/__tests__/commonValidation.test.ts > commonValidation > taxRate validation > should accept valid tax rates
     → expected false to be true // Object.is equality
   ❯ src/types/validation/__tests__/commonValidation.test.ts > commonValidation > taxRate validation > should transform tax rates to fixed decimal places
     → [
  {
    "code": "custom",
    "message": "税率は8%(軽減税率)または10%である必要があります",
    "path": []
  }
]
 ✓ src/app/api/dashboard/upcoming-payments/__tests__/route.test.ts  (4 tests) 13ms
 ❯ src/components/invoice/__tests__/InvoiceForm.test.tsx  (7 tests | 6 failed) 2519ms
   ❯ src/components/invoice/__tests__/InvoiceForm.test.tsx > InvoiceForm > 初期表示時に必要なフィールドが表示されること
     → Found a label with the text of: /ステータス/i, however no form control was found associated to that label. Make sure you're using the "for" attribute or "aria-labelledby" attribute correctly.

Ignored nodes: comments, script, style
[36m<body>[39m
  [36m<div>[39m
    [36m<form[39m
      [33mclass[39m=[32m"space-y-6"[39m
    [36m>[39m
      [36m<div[39m
        [33mclass[39m=[32m"space-y-4"[39m
      [36m>[39m
        [36m<div[39m
          [33mclass[39m=[32m""[39m
        [36m>[39m
          [36m<label[39m
            [33mclass[39m=[32m"text-sm font-medium leading-none peer-disabled:cursor-not-allowed peer-disabled:opacity-70"[39m
          [36m>[39m
            [0mステータス[0m
            [36m<span[39m
              [33mclass[39m=[32m"text-red-500 ml-1"[39m
            [36m>[39m
              [0m*[0m
            [36m</span>[39m
          [36m</label>[39m
          [36m<button[39m
            [33maria-autocomplete[39m=[32m"none"[39m
            [33maria-controls[39m=[32m"radix-:r0:"[39m
            [33maria-expanded[39m=[32m"false"[39m
            [33mclass[39m=[32m"flex h-10 w-full items-center justify-between rounded-md border border-input bg-transparent px-3 py-2 text-sm ring-offset-background placeholder:text-muted-foreground focus:outline-none focus:ring-2 focus:ring-ring focus:ring-offset-2 disabled:cursor-not-allowed disabled:opacity-50"[39m
            [33mdata-state[39m=[32m"closed"[39m
            [33mdir[39m=[32m"ltr"[39m
            [33mrole[39m=[32m"combobox"[39m
            [33mtype[39m=[32m"button"[39m
          [36m>[39m
            [36m<span[39m
              [33mstyle[39m=[32m"pointer-events: none;"[39m
            [36m/>[39m
            [36m<svg[39m
              [33mclass[39m=[32m"h-4 w-4 opacity-50"[39m
              [33mfill[39m=[32m"none"[39m
              [33mheight[39m=[32m"24"[39m
              [33mstroke[39m=[32m"currentColor"[39m
              [33mstroke-linecap[39m=[32m"round"[39m
              [33mstroke-linejoin[39m=[32m"round"[39m
              [33mstroke-width[39m=[32m"2"[39m
              [33mviewBox[39m=[32m"0 0 24 24"[39m
              [33mwidth[39m=[32m"24"[39m
              [33mxmlns[39m=[32m"http://www.w3.org/2000/svg"[39m
            [36m>[39m
              [36m<path[39m
                [33md[39m=[32m"m6 9 6 6 6-6"[39m
              [36m/>[39m
            [36m</svg>[39m
          [36m</button>[39m
        [36m</div>[39m
        [36m<div[39m
          [33mclass[39m=[32m""[39m
        [36m>[39m
          [36m<label[39m
            [33mclass[39m=[32m"text-sm font-medium leading-none peer-disabled:cursor-not-allowed peer-disabled:opacity-70"[39m
          [36m>[39m
            [0m発行日[0m
            [36m<span[39m
              [33mclass[39m=[32m"text-red-500 ml-1"[39m
            [36m>[39m
              [0m*[0m
            [36m</span>[39m
          [36m</label>[39m
          [36m<input[39m
            [33mclass[39m=[32m"flex h-10 w-full rounded-md border border-input bg-background px-3 py-2 text-sm ring-offset-background file:border-0 file:bg-transparent file:text-sm file:font-medium placeholder:text-muted-foreground focus-visible:outline-none focus-visible:ring-2 focus-visible:ring-ring focus-visible:ring-offset-2 disabled:cursor-not-allowed disabled:opacity-50"[39m
            [33mtype[39m=[32m"date"[39m
            [33mvalue[39m=[32m"2025-02-03"[39m
          [36m/>[39m
        [36m</div>[39m
        [36m<div[39m
          [33mclass[39m=[32m""[39m
        [36m>[39m
          [36m<label[39m
            [33mclass[39m=[32m"text-sm font-medium leading-none peer-disabled:cursor-not-allowed peer-disabled:opacity-70"[39m
          [36m>[39m
            [0m支払期限[0m
            [36m<span[39m
              [33mclass[39m=[32m"text-red-500 ml-1"[39m
            [36m>[39m
              [0m*[0m
            [36m</span>[39m
          [36m</label>[39m
          [36m<input[39m
            [33mclass[39m=[32m"flex h-10 w-full rounded-md border border-input bg-background px-3 py-2 text-sm ring-offset-background file:border-0 file:bg-transparent file:text-sm file:font-medium placeholder:text-muted-foreground focus-visible:outline-none focus-visible:ring-2 focus-visible:ring-ring focus-visible:ring-offset-2 disabled:cursor-not-allowed disabled:opacity-50"[39m
            [33mtype[39m=[32m"date"[39m
            [33mvalue[39m=[32m"2025-03-05"[39m
          [36m/>[39m
        [36m</div>[39m
        [36m<div[39m
          [33mclass[39m=[32m"space-y-2"[39m
        [36m>[39m
          [36m<label[39m
            [33mclass[39m=[32m"text-sm font-medium leading-none peer-disabled:cursor-not-allowed peer-disabled:opacity-70"[39m
            [33mfor[39m=[32m":r1:-form-item"[39m
          [36m>[39m
            [0m登録番号[0m
            [36m<span[39m
              [33mclass[39m=[32m"text-red-500 ml-1"[39m
            [36m>[39m
              [0m*[0m
            [36m</span>[39m
          [36m</label>[39m
          [36m<input[39m
            [33maria-describedby[39m=[32m":r1:-form-item-description"[39m
            [33maria-invalid[39m=[32m"false"[39m
            [33mclass[39m=[32m"flex h-10 w-full rounded-md border border-input bg-background px-3 py-2 text-sm ring-offset-background file:border-0 file:bg-transparent file:text-sm file:font-medium placeholder:text-muted-foreground focus-visible:outline-none focus-visible:ring-2 focus-visible:ring-ring focus-visible:ring-offset-2 disabled:cursor-not-allowed disabled:opacity-50"[39m
            [33mid[39m=[32m":r1:-form-item"[39m
            [33mname[39m=[32m"registrationNumber"[39m
            [33mtype[39m=[32m"text"[39m
            [33mvalue[39m=[32m"T0000000000000"[39m
          [36m/>[39m
        [36m</div>[39m
        [36m<div[39m
          [33mclass[39m=[32m"space-y-2"[39m
        [36m>[39m
          [36m<label[39m
            [33mclass[39m=[32m"text-sm font-medium leading-none peer-disabled:cursor-not-allowed peer-disabled:opacity-70"[39m
            [33mfor[39m=[32m":r2:-form-item"[39m
          [36m>[39m
            [0m備考[0m
          [36m</label>[39m
          [36m<input[39m
            [33maria-describedby[39m=[32m":r2:-form-item-description"[39m
            [33maria-invalid[39m=[32m"false"[39m
            [33mclass[39m=[32m"flex h-10 w-full rounded-md border border-input bg-background px-3 py-2 text-sm ring-offset-background file:border-0 file:bg-transparent file:text-sm file:font-medium placeholder:text-muted-foreground focus-visible:outline-none focus-visible:ring-2 focus-visible:ring-ring focus-visible:ring-offset-2 disabled:cursor-not-allowed disabled:opacity-50"[39m
            [33mid[39m=[32m":r2:-form-item"[39m
            [33mname[39m=[32m"notes"[39m
            [33mtype[39m=[32m"text"[39m
            [33mvalue[39m=[32m""[39m
          [36m/>[39m
        [36m</div>[39m
        [36m<div[39m
          [33mclass[39m=[32m"space-y-4"[39m
        [36m>[39m
        ...
   ❯ src/components/invoice/__tests__/InvoiceForm.test.tsx > InvoiceForm > 登録番号のバリデーションが正しく機能すること
     → Unable to find an element with the text: /登録番号はTで始まる13桁の数字である必要があります/i. This could be because the text is broken up by multiple elements. In this case, you can provide a function for your text matcher to make your matcher more flexible.

Ignored nodes: comments, script, style
[36m<body>[39m
  [36m<div>[39m
    [36m<form[39m
      [33mclass[39m=[32m"space-y-6"[39m
    [36m>[39m
      [36m<div[39m
        [33mclass[39m=[32m"space-y-4"[39m
      [36m>[39m
        [36m<div[39m
          [33mclass[39m=[32m""[39m
        [36m>[39m
          [36m<label[39m
            [33mclass[39m=[32m"text-sm font-medium leading-none peer-disabled:cursor-not-allowed peer-disabled:opacity-70"[39m
          [36m>[39m
            [0mステータス[0m
            [36m<span[39m
              [33mclass[39m=[32m"text-red-500 ml-1"[39m
            [36m>[39m
              [0m*[0m
            [36m</span>[39m
          [36m</label>[39m
          [36m<button[39m
            [33maria-autocomplete[39m=[32m"none"[39m
            [33maria-controls[39m=[32m"radix-:rs:"[39m
            [33maria-expanded[39m=[32m"false"[39m
            [33mclass[39m=[32m"flex h-10 w-full items-center justify-between rounded-md border border-input bg-transparent px-3 py-2 text-sm ring-offset-background placeholder:text-muted-foreground focus:outline-none focus:ring-2 focus:ring-ring focus:ring-offset-2 disabled:cursor-not-allowed disabled:opacity-50"[39m
            [33mdata-state[39m=[32m"closed"[39m
            [33mdir[39m=[32m"ltr"[39m
            [33mrole[39m=[32m"combobox"[39m
            [33mtype[39m=[32m"button"[39m
          [36m>[39m
            [36m<span[39m
              [33mstyle[39m=[32m"pointer-events: none;"[39m
            [36m/>[39m
            [36m<svg[39m
              [33mclass[39m=[32m"h-4 w-4 opacity-50"[39m
              [33mfill[39m=[32m"none"[39m
              [33mheight[39m=[32m"24"[39m
              [33mstroke[39m=[32m"currentColor"[39m
              [33mstroke-linecap[39m=[32m"round"[39m
              [33mstroke-linejoin[39m=[32m"round"[39m
              [33mstroke-width[39m=[32m"2"[39m
              [33mviewBox[39m=[32m"0 0 24 24"[39m
              [33mwidth[39m=[32m"24"[39m
              [33mxmlns[39m=[32m"http://www.w3.org/2000/svg"[39m
            [36m>[39m
              [36m<path[39m
                [33md[39m=[32m"m6 9 6 6 6-6"[39m
              [36m/>[39m
            [36m</svg>[39m
          [36m</button>[39m
        [36m</div>[39m
        [36m<div[39m
          [33mclass[39m=[32m""[39m
        [36m>[39m
          [36m<label[39m
            [33mclass[39m=[32m"text-sm font-medium leading-none peer-disabled:cursor-not-allowed peer-disabled:opacity-70"[39m
          [36m>[39m
            [0m発行日[0m
            [36m<span[39m
              [33mclass[39m=[32m"text-red-500 ml-1"[39m
            [36m>[39m
              [0m*[0m
            [36m</span>[39m
          [36m</label>[39m
          [36m<input[39m
            [33mclass[39m=[32m"flex h-10 w-full rounded-md border border-input bg-background px-3 py-2 text-sm ring-offset-background file:border-0 file:bg-transparent file:text-sm file:font-medium placeholder:text-muted-foreground focus-visible:outline-none focus-visible:ring-2 focus-visible:ring-ring focus-visible:ring-offset-2 disabled:cursor-not-allowed disabled:opacity-50"[39m
            [33mtype[39m=[32m"date"[39m
            [33mvalue[39m=[32m"2025-02-03"[39m
          [36m/>[39m
        [36m</div>[39m
        [36m<div[39m
          [33mclass[39m=[32m""[39m
        [36m>[39m
          [36m<label[39m
            [33mclass[39m=[32m"text-sm font-medium leading-none peer-disabled:cursor-not-allowed peer-disabled:opacity-70"[39m
          [36m>[39m
            [0m支払期限[0m
            [36m<span[39m
              [33mclass[39m=[32m"text-red-500 ml-1"[39m
            [36m>[39m
              [0m*[0m
            [36m</span>[39m
          [36m</label>[39m
          [36m<input[39m
            [33mclass[39m=[32m"flex h-10 w-full rounded-md border border-input bg-background px-3 py-2 text-sm ring-offset-background file:border-0 file:bg-transparent file:text-sm file:font-medium placeholder:text-muted-foreground focus-visible:outline-none focus-visible:ring-2 focus-visible:ring-ring focus-visible:ring-offset-2 disabled:cursor-not-allowed disabled:opacity-50"[39m
            [33mtype[39m=[32m"date"[39m
            [33mvalue[39m=[32m"2025-03-05"[39m
          [36m/>[39m
        [36m</div>[39m
        [36m<div[39m
          [33mclass[39m=[32m"space-y-2"[39m
        [36m>[39m
          [36m<label[39m
            [33mclass[39m=[32m"text-sm font-medium leading-none peer-disabled:cursor-not-allowed peer-disabled:opacity-70"[39m
            [33mfor[39m=[32m":rt:-form-item"[39m
          [36m>[39m
            [0m登録番号[0m
            [36m<span[39m
              [33mclass[39m=[32m"text-red-500 ml-1"[39m
            [36m>[39m
              [0m*[0m
            [36m</span>[39m
          [36m</label>[39m
          [36m<input[39m
            [33maria-describedby[39m=[32m":rt:-form-item-description"[39m
            [33maria-invalid[39m=[32m"false"[39m
            [33mclass[39m=[32m"flex h-10 w-full rounded-md border border-input bg-background px-3 py-2 text-sm ring-offset-background file:border-0 file:bg-transparent file:text-sm file:font-medium placeholder:text-muted-foreground focus-visible:outline-none focus-visible:ring-2 focus-visible:ring-ring focus-visible:ring-offset-2 disabled:cursor-not-allowed disabled:opacity-50"[39m
            [33mid[39m=[32m":rt:-form-item"[39m
            [33mname[39m=[32m"registrationNumber"[39m
            [33mtype[39m=[32m"text"[39m
            [33mvalue[39m=[32m"T0000000000000invalid"[39m
          [36m/>[39m
        [36m</div>[39m
        [36m<div[39m
          [33mclass[39m=[32m"space-y-2"[39m
        [36m>[39m
          [36m<label[39m
            [33mclass[39m=[32m"text-sm font-medium leading-none peer-disabled:cursor-not-allowed peer-disabled:opacity-70"[39m
            [33mfor[39m=[32m":ru:-form-item"[39m
          [36m>[39m
            [0m備考[0m
          [36m</label>[39m
          [36m<input[39m
            [33maria-describedby[39m=[32m":ru:-form-item-description"[39m
            [33maria-invalid[39m=[32m"false"[39m
            [33mclass[39m=[32m"flex h-10 w-full rounded-md border border-input bg-background px-3 py-2 text-sm ring-offset-background file:border-0 file:bg-transparent file:text-sm file:font-medium placeholder:text-muted-foreground focus-visible:outline-none focus-visible:ring-2 focus-visible:ring-ring focus-visible:ring-offset-2 disabled:cursor-not-allowed disabled:opacity-50"[39m
            [33mid[39m=[32m":ru:-form-item"[39m
            [33mname[39m=[32m"notes"[39m
            [33mtype[39m=[32m"text"[39m
            [33mvalue[39m=[32m""[39m
          [36m/>[39m
        [36m</div>[39m
        [36m<div[39m
          [33mclass[39m=[32m"space-y-4"[39m
        [36m>[39m
 ...

Ignored nodes: comments, script, style
[36m<html>[39m
  [36m<head />[39m
  [36m<body>[39m
    [36m<div>[39m
      [36m<form[39m
        [33mclass[39m=[32m"space-y-6"[39m
      [36m>[39m
        [36m<div[39m
          [33mclass[39m=[32m"space-y-4"[39m
        [36m>[39m
          [36m<div[39m
            [33mclass[39m=[32m""[39m
          [36m>[39m
            [36m<label[39m
              [33mclass[39m=[32m"text-sm font-medium leading-none peer-disabled:cursor-not-allowed peer-disabled:opacity-70"[39m
            [36m>[39m
              [0mステータス[0m
              [36m<span[39m
                [33mclass[39m=[32m"text-red-500 ml-1"[39m
              [36m>[39m
                [0m*[0m
              [36m</span>[39m
            [36m</label>[39m
            [36m<button[39m
              [33maria-autocomplete[39m=[32m"none"[39m
              [33maria-controls[39m=[32m"radix-:rs:"[39m
              [33maria-expanded[39m=[32m"false"[39m
              [33mclass[39m=[32m"flex h-10 w-full items-center justify-between rounded-md border border-input bg-transparent px-3 py-2 text-sm ring-offset-background placeholder:text-muted-foreground focus:outline-none focus:ring-2 focus:ring-ring focus:ring-offset-2 disabled:cursor-not-allowed disabled:opacity-50"[39m
              [33mdata-state[39m=[32m"closed"[39m
              [33mdir[39m=[32m"ltr"[39m
              [33mrole[39m=[32m"combobox"[39m
              [33mtype[39m=[32m"button"[39m
            [36m>[39m
              [36m<span[39m
                [33mstyle[39m=[32m"pointer-events: none;"[39m
              [36m/>[39m
              [36m<svg[39m
                [33mclass[39m=[32m"h-4 w-4 opacity-50"[39m
                [33mfill[39m=[32m"none"[39m
                [33mheight[39m=[32m"24"[39m
                [33mstroke[39m=[32m"currentColor"[39m
                [33mstroke-linecap[39m=[32m"round"[39m
                [33mstroke-linejoin[39m=[32m"round"[39m
                [33mstroke-width[39m=[32m"2"[39m
                [33mviewBox[39m=[32m"0 0 24 24"[39m
                [33mwidth[39m=[32m"24"[39m
                [33mxmlns[39m=[32m"http://www.w3.org/2000/svg"[39m
              [36m>[39m
                [36m<path[39m
                  [33md[39m=[32m"m6 9 6 6 6-6"[39m
                [36m/>[39m
              [36m</svg>[39m
            [36m</button>[39m
          [36m</div>[39m
          [36m<div[39m
            [33mclass[39m=[32m""[39m
          [36m>[39m
            [36m<label[39m
              [33mclass[39m=[32m"text-sm font-medium leading-none peer-disabled:cursor-not-allowed peer-disabled:opacity-70"[39m
            [36m>[39m
              [0m発行日[0m
              [36m<span[39m
                [33mclass[39m=[32m"text-red-500 ml-1"[39m
              [36m>[39m
                [0m*[0m
              [36m</span>[39m
            [36m</label>[39m
            [36m<input[39m
              [33mclass[39m=[32m"flex h-10 w-full rounded-md border border-input bg-background px-3 py-2 text-sm ring-offset-background file:border-0 file:bg-transparent file:text-sm file:font-medium placeholder:text-muted-foreground focus-visible:outline-none focus-visible:ring-2 focus-visible:ring-ring focus-visible:ring-offset-2 disabled:cursor-not-allowed disabled:opacity-50"[39m
              [33mtype[39m=[32m"date"[39m
              [33mvalue[39m=[32m"2025-02-03"[39m
            [36m/>[39m
          [36m</div>[39m
          [36m<div[39m
            [33mclass[39m=[32m""[39m
          [36m>[39m
            [36m<label[39m
              [33mclass[39m=[32m"text-sm font-medium leading-none peer-disabled:cursor-not-allowed peer-disabled:opacity-70"[39m
            [36m>[39m
              [0m支払期限[0m
              [36m<span[39m
                [33mclass[39m=[32m"text-red-500 ml-1"[39m
              [36m>[39m
                [0m*[0m
              [36m</span>[39m
            [36m</label>[39m
            [36m<input[39m
              [33mclass[39m=[32m"flex h-10 w-full rounded-md border border-input bg-background px-3 py-2 text-sm ring-offset-background file:border-0 file:bg-transparent file:text-sm file:font-medium placeholder:text-muted-foreground focus-visible:outline-none focus-visible:ring-2 focus-visible:ring-ring focus-visible:ring-offset-2 disabled:cursor-not-allowed disabled:opacity-50"[39m
              [33mtype[39m=[32m"date"[39m
              [33mvalue[39m=[32m"2025-03-05"[39m
            [36m/>[39m
          [36m</div>[39m
          [36m<div[39m
            [33mclass[39m=[32m"space-y-2"[39m
          [36m>[39m
            [36m<label[39m
              [33mclass[39m=[32m"text-sm font-medium leading-none peer-disabled:cursor-not-allowed peer-disabled:opacity-70"[39m
              [33mfor[39m=[32m":rt:-form-item"[39m
            [36m>[39m
              [0m登録番号[0m
              [36m<span[39m
                [33mclass[39m=[32m"text-red-500 ml-1"[39m
              [36m>[39m
                [0m*[0m
              [36m</span>[39m
            [36m</label>[39m
            [36m<input[39m
              [33maria-describedby[39m=[32m":rt:-form-item-description"[39m
              [33maria-invalid[39m=[32m"false"[39m
              [33mclass[39m=[32m"flex h-10 w-full rounded-md border border-input bg-background px-3 py-2 text-sm ring-offset-background file:border-0 file:bg-transparent file:text-sm file:font-medium placeholder:text-muted-foreground focus-visible:outline-none focus-visible:ring-2 focus-visible:ring-ring focus-visible:ring-offset-2 disabled:cursor-not-allowed disabled:opacity-50"[39m
              [33mid[39m=[32m":rt:-form-item"[39m
              [33mname[39m=[32m"registrationNumber"[39m
              [33mtype[39m=[32m"text"[39m
              [33mvalue[39m=[32m"T0000000000000invalid"[39m
            [36m/>[39m
          [36m</div>[39m
          [36m<div[39m
            [33mclass[39m=[32m"space-y-2"[39m
          [36m>[39m
            [36m<label[39m
              [33mclass[39m=[32m"text-sm font-medium leading-none peer-disabled:cursor-not-allowed peer-disabled:opacity-70"[39m
              [33mfor[39m=[32m":ru:-form-item"[39m
            [36m>[39m
              [0m備考[0m
            [36m</label>[39m
            [36m<input[39m
              [33maria-describedby[39m=[32m":ru:-form-item-description"[39m
              [33maria-invalid[39m=[32m"false"[39m
              [33mclass[39m=[32m"flex h-10 w-full rounded-md border border-input bg-background px-3 py-2 text-sm ring-offset-background file:border-0 file:bg-transparent file:text-sm file:font-medium placeholder:text-muted-foreground focus-visible:outline-none focus-visible:ring-2 focus-visible:ring-ring focus-visible:ring-offset-2 disabled:cursor-not-allowed disabled:opacity-50"[39m
              [33mid[39m=[3...
   ❯ src/components/invoice/__tests__/InvoiceForm.test.tsx > InvoiceForm > 品目の税率選択が正しく機能すること
     → Found a label with the text of: /税率/i, however no form control was found associated to that label. Make sure you're using the "for" attribute or "aria-labelledby" attribute correctly.

Ignored nodes: comments, script, style
[36m<body>[39m
  [36m<div>[39m
    [36m<form[39m
      [33mclass[39m=[32m"space-y-6"[39m
    [36m>[39m
      [36m<div[39m
        [33mclass[39m=[32m"space-y-4"[39m
      [36m>[39m
        [36m<div[39m
          [33mclass[39m=[32m""[39m
        [36m>[39m
          [36m<label[39m
            [33mclass[39m=[32m"text-sm font-medium leading-none peer-disabled:cursor-not-allowed peer-disabled:opacity-70"[39m
          [36m>[39m
            [0mステータス[0m
            [36m<span[39m
              [33mclass[39m=[32m"text-red-500 ml-1"[39m
            [36m>[39m
              [0m*[0m
            [36m</span>[39m
          [36m</label>[39m
          [36m<button[39m
            [33maria-autocomplete[39m=[32m"none"[39m
            [33maria-controls[39m=[32m"radix-:r1o:"[39m
            [33maria-expanded[39m=[32m"false"[39m
            [33mclass[39m=[32m"flex h-10 w-full items-center justify-between rounded-md border border-input bg-transparent px-3 py-2 text-sm ring-offset-background placeholder:text-muted-foreground focus:outline-none focus:ring-2 focus:ring-ring focus:ring-offset-2 disabled:cursor-not-allowed disabled:opacity-50"[39m
            [33mdata-state[39m=[32m"closed"[39m
            [33mdir[39m=[32m"ltr"[39m
            [33mrole[39m=[32m"combobox"[39m
            [33mtype[39m=[32m"button"[39m
          [36m>[39m
            [36m<span[39m
              [33mstyle[39m=[32m"pointer-events: none;"[39m
            [36m/>[39m
            [36m<svg[39m
              [33mclass[39m=[32m"h-4 w-4 opacity-50"[39m
              [33mfill[39m=[32m"none"[39m
              [33mheight[39m=[32m"24"[39m
              [33mstroke[39m=[32m"currentColor"[39m
              [33mstroke-linecap[39m=[32m"round"[39m
              [33mstroke-linejoin[39m=[32m"round"[39m
              [33mstroke-width[39m=[32m"2"[39m
              [33mviewBox[39m=[32m"0 0 24 24"[39m
              [33mwidth[39m=[32m"24"[39m
              [33mxmlns[39m=[32m"http://www.w3.org/2000/svg"[39m
            [36m>[39m
              [36m<path[39m
                [33md[39m=[32m"m6 9 6 6 6-6"[39m
              [36m/>[39m
            [36m</svg>[39m
          [36m</button>[39m
        [36m</div>[39m
        [36m<div[39m
          [33mclass[39m=[32m""[39m
        [36m>[39m
          [36m<label[39m
            [33mclass[39m=[32m"text-sm font-medium leading-none peer-disabled:cursor-not-allowed peer-disabled:opacity-70"[39m
          [36m>[39m
            [0m発行日[0m
            [36m<span[39m
              [33mclass[39m=[32m"text-red-500 ml-1"[39m
            [36m>[39m
              [0m*[0m
            [36m</span>[39m
          [36m</label>[39m
          [36m<input[39m
            [33mclass[39m=[32m"flex h-10 w-full rounded-md border border-input bg-background px-3 py-2 text-sm ring-offset-background file:border-0 file:bg-transparent file:text-sm file:font-medium placeholder:text-muted-foreground focus-visible:outline-none focus-visible:ring-2 focus-visible:ring-ring focus-visible:ring-offset-2 disabled:cursor-not-allowed disabled:opacity-50"[39m
            [33mtype[39m=[32m"date"[39m
            [33mvalue[39m=[32m"2025-02-03"[39m
          [36m/>[39m
        [36m</div>[39m
        [36m<div[39m
          [33mclass[39m=[32m""[39m
        [36m>[39m
          [36m<label[39m
            [33mclass[39m=[32m"text-sm font-medium leading-none peer-disabled:cursor-not-allowed peer-disabled:opacity-70"[39m
          [36m>[39m
            [0m支払期限[0m
            [36m<span[39m
              [33mclass[39m=[32m"text-red-500 ml-1"[39m
            [36m>[39m
              [0m*[0m
            [36m</span>[39m
          [36m</label>[39m
          [36m<input[39m
            [33mclass[39m=[32m"flex h-10 w-full rounded-md border border-input bg-background px-3 py-2 text-sm ring-offset-background file:border-0 file:bg-transparent file:text-sm file:font-medium placeholder:text-muted-foreground focus-visible:outline-none focus-visible:ring-2 focus-visible:ring-ring focus-visible:ring-offset-2 disabled:cursor-not-allowed disabled:opacity-50"[39m
            [33mtype[39m=[32m"date"[39m
            [33mvalue[39m=[32m"2025-03-05"[39m
          [36m/>[39m
        [36m</div>[39m
        [36m<div[39m
          [33mclass[39m=[32m"space-y-2"[39m
        [36m>[39m
          [36m<label[39m
            [33mclass[39m=[32m"text-sm font-medium leading-none peer-disabled:cursor-not-allowed peer-disabled:opacity-70"[39m
            [33mfor[39m=[32m":r1p:-form-item"[39m
          [36m>[39m
            [0m登録番号[0m
            [36m<span[39m
              [33mclass[39m=[32m"text-red-500 ml-1"[39m
            [36m>[39m
              [0m*[0m
            [36m</span>[39m
          [36m</label>[39m
          [36m<input[39m
            [33maria-describedby[39m=[32m":r1p:-form-item-description"[39m
            [33maria-invalid[39m=[32m"false"[39m
            [33mclass[39m=[32m"flex h-10 w-full rounded-md border border-input bg-background px-3 py-2 text-sm ring-offset-background file:border-0 file:bg-transparent file:text-sm file:font-medium placeholder:text-muted-foreground focus-visible:outline-none focus-visible:ring-2 focus-visible:ring-ring focus-visible:ring-offset-2 disabled:cursor-not-allowed disabled:opacity-50"[39m
            [33mid[39m=[32m":r1p:-form-item"[39m
            [33mname[39m=[32m"registrationNumber"[39m
            [33mtype[39m=[32m"text"[39m
            [33mvalue[39m=[32m"T0000000000000"[39m
          [36m/>[39m
        [36m</div>[39m
        [36m<div[39m
          [33mclass[39m=[32m"space-y-2"[39m
        [36m>[39m
          [36m<label[39m
            [33mclass[39m=[32m"text-sm font-medium leading-none peer-disabled:cursor-not-allowed peer-disabled:opacity-70"[39m
            [33mfor[39m=[32m":r1q:-form-item"[39m
          [36m>[39m
            [0m備考[0m
          [36m</label>[39m
          [36m<input[39m
            [33maria-describedby[39m=[32m":r1q:-form-item-description"[39m
            [33maria-invalid[39m=[32m"false"[39m
            [33mclass[39m=[32m"flex h-10 w-full rounded-md border border-input bg-background px-3 py-2 text-sm ring-offset-background file:border-0 file:bg-transparent file:text-sm file:font-medium placeholder:text-muted-foreground focus-visible:outline-none focus-visible:ring-2 focus-visible:ring-ring focus-visible:ring-offset-2 disabled:cursor-not-allowed disabled:opacity-50"[39m
            [33mid[39m=[32m":r1q:-form-item"[39m
            [33mname[39m=[32m"notes"[39m
            [33mtype[39m=[32m"text"[39m
            [33mvalue[39m=[32m""[39m
          [36m/>[39m
        [36m</div>[39m
        [36m<div[39m
          [33mclass[39m=[32m"space-y-4"[39m
        [36m>[39m
 ...
   ❯ src/components/invoice/__tests__/InvoiceForm.test.tsx > InvoiceForm > 品目の追加・削除が正しく機能すること
     → Unable to find an element by: [data-testid="cy=item-row"]

Ignored nodes: comments, script, style
[36m<body>[39m
  [36m<div>[39m
    [36m<form[39m
      [33mclass[39m=[32m"space-y-6"[39m
    [36m>[39m
      [36m<div[39m
        [33mclass[39m=[32m"space-y-4"[39m
      [36m>[39m
        [36m<div[39m
          [33mclass[39m=[32m""[39m
        [36m>[39m
          [36m<label[39m
            [33mclass[39m=[32m"text-sm font-medium leading-none peer-disabled:cursor-not-allowed peer-disabled:opacity-70"[39m
          [36m>[39m
            [0mステータス[0m
            [36m<span[39m
              [33mclass[39m=[32m"text-red-500 ml-1"[39m
            [36m>[39m
              [0m*[0m
            [36m</span>[39m
          [36m</label>[39m
          [36m<button[39m
            [33maria-autocomplete[39m=[32m"none"[39m
            [33maria-controls[39m=[32m"radix-:r2k:"[39m
            [33maria-expanded[39m=[32m"false"[39m
            [33mclass[39m=[32m"flex h-10 w-full items-center justify-between rounded-md border border-input bg-transparent px-3 py-2 text-sm ring-offset-background placeholder:text-muted-foreground focus:outline-none focus:ring-2 focus:ring-ring focus:ring-offset-2 disabled:cursor-not-allowed disabled:opacity-50"[39m
            [33mdata-state[39m=[32m"closed"[39m
            [33mdir[39m=[32m"ltr"[39m
            [33mrole[39m=[32m"combobox"[39m
            [33mtype[39m=[32m"button"[39m
          [36m>[39m
            [36m<span[39m
              [33mstyle[39m=[32m"pointer-events: none;"[39m
            [36m/>[39m
            [36m<svg[39m
              [33mclass[39m=[32m"h-4 w-4 opacity-50"[39m
              [33mfill[39m=[32m"none"[39m
              [33mheight[39m=[32m"24"[39m
              [33mstroke[39m=[32m"currentColor"[39m
              [33mstroke-linecap[39m=[32m"round"[39m
              [33mstroke-linejoin[39m=[32m"round"[39m
              [33mstroke-width[39m=[32m"2"[39m
              [33mviewBox[39m=[32m"0 0 24 24"[39m
              [33mwidth[39m=[32m"24"[39m
              [33mxmlns[39m=[32m"http://www.w3.org/2000/svg"[39m
            [36m>[39m
              [36m<path[39m
                [33md[39m=[32m"m6 9 6 6 6-6"[39m
              [36m/>[39m
            [36m</svg>[39m
          [36m</button>[39m
        [36m</div>[39m
        [36m<div[39m
          [33mclass[39m=[32m""[39m
        [36m>[39m
          [36m<label[39m
            [33mclass[39m=[32m"text-sm font-medium leading-none peer-disabled:cursor-not-allowed peer-disabled:opacity-70"[39m
          [36m>[39m
            [0m発行日[0m
            [36m<span[39m
              [33mclass[39m=[32m"text-red-500 ml-1"[39m
            [36m>[39m
              [0m*[0m
            [36m</span>[39m
          [36m</label>[39m
          [36m<input[39m
            [33mclass[39m=[32m"flex h-10 w-full rounded-md border border-input bg-background px-3 py-2 text-sm ring-offset-background file:border-0 file:bg-transparent file:text-sm file:font-medium placeholder:text-muted-foreground focus-visible:outline-none focus-visible:ring-2 focus-visible:ring-ring focus-visible:ring-offset-2 disabled:cursor-not-allowed disabled:opacity-50"[39m
            [33mtype[39m=[32m"date"[39m
            [33mvalue[39m=[32m"2025-02-03"[39m
          [36m/>[39m
        [36m</div>[39m
        [36m<div[39m
          [33mclass[39m=[32m""[39m
        [36m>[39m
          [36m<label[39m
            [33mclass[39m=[32m"text-sm font-medium leading-none peer-disabled:cursor-not-allowed peer-disabled:opacity-70"[39m
          [36m>[39m
            [0m支払期限[0m
            [36m<span[39m
              [33mclass[39m=[32m"text-red-500 ml-1"[39m
            [36m>[39m
              [0m*[0m
            [36m</span>[39m
          [36m</label>[39m
          [36m<input[39m
            [33mclass[39m=[32m"flex h-10 w-full rounded-md border border-input bg-background px-3 py-2 text-sm ring-offset-background file:border-0 file:bg-transparent file:text-sm file:font-medium placeholder:text-muted-foreground focus-visible:outline-none focus-visible:ring-2 focus-visible:ring-ring focus-visible:ring-offset-2 disabled:cursor-not-allowed disabled:opacity-50"[39m
            [33mtype[39m=[32m"date"[39m
            [33mvalue[39m=[32m"2025-03-05"[39m
          [36m/>[39m
        [36m</div>[39m
        [36m<div[39m
          [33mclass[39m=[32m"space-y-2"[39m
        [36m>[39m
          [36m<label[39m
            [33mclass[39m=[32m"text-sm font-medium leading-none peer-disabled:cursor-not-allowed peer-disabled:opacity-70"[39m
            [33mfor[39m=[32m":r2l:-form-item"[39m
          [36m>[39m
            [0m登録番号[0m
            [36m<span[39m
              [33mclass[39m=[32m"text-red-500 ml-1"[39m
            [36m>[39m
              [0m*[0m
            [36m</span>[39m
          [36m</label>[39m
          [36m<input[39m
            [33maria-describedby[39m=[32m":r2l:-form-item-description"[39m
            [33maria-invalid[39m=[32m"false"[39m
            [33mclass[39m=[32m"flex h-10 w-full rounded-md border border-input bg-background px-3 py-2 text-sm ring-offset-background file:border-0 file:bg-transparent file:text-sm file:font-medium placeholder:text-muted-foreground focus-visible:outline-none focus-visible:ring-2 focus-visible:ring-ring focus-visible:ring-offset-2 disabled:cursor-not-allowed disabled:opacity-50"[39m
            [33mid[39m=[32m":r2l:-form-item"[39m
            [33mname[39m=[32m"registrationNumber"[39m
            [33mtype[39m=[32m"text"[39m
            [33mvalue[39m=[32m"T0000000000000"[39m
          [36m/>[39m
        [36m</div>[39m
        [36m<div[39m
          [33mclass[39m=[32m"space-y-2"[39m
        [36m>[39m
          [36m<label[39m
            [33mclass[39m=[32m"text-sm font-medium leading-none peer-disabled:cursor-not-allowed peer-disabled:opacity-70"[39m
            [33mfor[39m=[32m":r2m:-form-item"[39m
          [36m>[39m
            [0m備考[0m
          [36m</label>[39m
          [36m<input[39m
            [33maria-describedby[39m=[32m":r2m:-form-item-description"[39m
            [33maria-invalid[39m=[32m"false"[39m
            [33mclass[39m=[32m"flex h-10 w-full rounded-md border border-input bg-background px-3 py-2 text-sm ring-offset-background file:border-0 file:bg-transparent file:text-sm file:font-medium placeholder:text-muted-foreground focus-visible:outline-none focus-visible:ring-2 focus-visible:ring-ring focus-visible:ring-offset-2 disabled:cursor-not-allowed disabled:opacity-50"[39m
            [33mid[39m=[32m":r2m:-form-item"[39m
            [33mname[39m=[32m"notes"[39m
            [33mtype[39m=[32m"text"[39m
            [33mvalue[39m=[32m""[39m
          [36m/>[39m
        [36m</div>[39m
        [36m<div[39m
          [33mclass[39m=[32m"space-y-4"[39m
        [36m>[39m
 ...
   ❯ src/components/invoice/__tests__/InvoiceForm.test.tsx > InvoiceForm > 金額計算が正しく処理されること
     → Unable to find an element by: [data-testid="cy=subtotal"]

Ignored nodes: comments, script, style
[36m<body>[39m
  [36m<div>[39m
    [36m<form[39m
      [33mclass[39m=[32m"space-y-6"[39m
    [36m>[39m
      [36m<div[39m
        [33mclass[39m=[32m"space-y-4"[39m
      [36m>[39m
        [36m<div[39m
          [33mclass[39m=[32m""[39m
        [36m>[39m
          [36m<label[39m
            [33mclass[39m=[32m"text-sm font-medium leading-none peer-disabled:cursor-not-allowed peer-disabled:opacity-70"[39m
          [36m>[39m
            [0mステータス[0m
            [36m<span[39m
              [33mclass[39m=[32m"text-red-500 ml-1"[39m
            [36m>[39m
              [0m*[0m
            [36m</span>[39m
          [36m</label>[39m
          [36m<button[39m
            [33maria-autocomplete[39m=[32m"none"[39m
            [33maria-controls[39m=[32m"radix-:r3m:"[39m
            [33maria-expanded[39m=[32m"false"[39m
            [33mclass[39m=[32m"flex h-10 w-full items-center justify-between rounded-md border border-input bg-transparent px-3 py-2 text-sm ring-offset-background placeholder:text-muted-foreground focus:outline-none focus:ring-2 focus:ring-ring focus:ring-offset-2 disabled:cursor-not-allowed disabled:opacity-50"[39m
            [33mdata-state[39m=[32m"closed"[39m
            [33mdir[39m=[32m"ltr"[39m
            [33mrole[39m=[32m"combobox"[39m
            [33mtype[39m=[32m"button"[39m
          [36m>[39m
            [36m<span[39m
              [33mstyle[39m=[32m"pointer-events: none;"[39m
            [36m/>[39m
            [36m<svg[39m
              [33mclass[39m=[32m"h-4 w-4 opacity-50"[39m
              [33mfill[39m=[32m"none"[39m
              [33mheight[39m=[32m"24"[39m
              [33mstroke[39m=[32m"currentColor"[39m
              [33mstroke-linecap[39m=[32m"round"[39m
              [33mstroke-linejoin[39m=[32m"round"[39m
              [33mstroke-width[39m=[32m"2"[39m
              [33mviewBox[39m=[32m"0 0 24 24"[39m
              [33mwidth[39m=[32m"24"[39m
              [33mxmlns[39m=[32m"http://www.w3.org/2000/svg"[39m
            [36m>[39m
              [36m<path[39m
                [33md[39m=[32m"m6 9 6 6 6-6"[39m
              [36m/>[39m
            [36m</svg>[39m
          [36m</button>[39m
        [36m</div>[39m
        [36m<div[39m
          [33mclass[39m=[32m""[39m
        [36m>[39m
          [36m<label[39m
            [33mclass[39m=[32m"text-sm font-medium leading-none peer-disabled:cursor-not-allowed peer-disabled:opacity-70"[39m
          [36m>[39m
            [0m発行日[0m
            [36m<span[39m
              [33mclass[39m=[32m"text-red-500 ml-1"[39m
            [36m>[39m
              [0m*[0m
            [36m</span>[39m
          [36m</label>[39m
          [36m<input[39m
            [33mclass[39m=[32m"flex h-10 w-full rounded-md border border-input bg-background px-3 py-2 text-sm ring-offset-background file:border-0 file:bg-transparent file:text-sm file:font-medium placeholder:text-muted-foreground focus-visible:outline-none focus-visible:ring-2 focus-visible:ring-ring focus-visible:ring-offset-2 disabled:cursor-not-allowed disabled:opacity-50"[39m
            [33mtype[39m=[32m"date"[39m
            [33mvalue[39m=[32m"2025-02-01"[39m
          [36m/>[39m
        [36m</div>[39m
        [36m<div[39m
          [33mclass[39m=[32m""[39m
        [36m>[39m
          [36m<label[39m
            [33mclass[39m=[32m"text-sm font-medium leading-none peer-disabled:cursor-not-allowed peer-disabled:opacity-70"[39m
          [36m>[39m
            [0m支払期限[0m
            [36m<span[39m
              [33mclass[39m=[32m"text-red-500 ml-1"[39m
            [36m>[39m
              [0m*[0m
            [36m</span>[39m
          [36m</label>[39m
          [36m<input[39m
            [33mclass[39m=[32m"flex h-10 w-full rounded-md border border-input bg-background px-3 py-2 text-sm ring-offset-background file:border-0 file:bg-transparent file:text-sm file:font-medium placeholder:text-muted-foreground focus-visible:outline-none focus-visible:ring-2 focus-visible:ring-ring focus-visible:ring-offset-2 disabled:cursor-not-allowed disabled:opacity-50"[39m
            [33mtype[39m=[32m"date"[39m
            [33mvalue[39m=[32m"2025-03-01"[39m
          [36m/>[39m
        [36m</div>[39m
        [36m<div[39m
          [33mclass[39m=[32m"space-y-2"[39m
        [36m>[39m
          [36m<label[39m
            [33mclass[39m=[32m"text-sm font-medium leading-none peer-disabled:cursor-not-allowed peer-disabled:opacity-70"[39m
            [33mfor[39m=[32m":r3n:-form-item"[39m
          [36m>[39m
            [0m登録番号[0m
            [36m<span[39m
              [33mclass[39m=[32m"text-red-500 ml-1"[39m
            [36m>[39m
              [0m*[0m
            [36m</span>[39m
          [36m</label>[39m
          [36m<input[39m
            [33maria-describedby[39m=[32m":r3n:-form-item-description"[39m
            [33maria-invalid[39m=[32m"false"[39m
            [33mclass[39m=[32m"flex h-10 w-full rounded-md border border-input bg-background px-3 py-2 text-sm ring-offset-background file:border-0 file:bg-transparent file:text-sm file:font-medium placeholder:text-muted-foreground focus-visible:outline-none focus-visible:ring-2 focus-visible:ring-ring focus-visible:ring-offset-2 disabled:cursor-not-allowed disabled:opacity-50"[39m
            [33mid[39m=[32m":r3n:-form-item"[39m
            [33mname[39m=[32m"registrationNumber"[39m
            [33mtype[39m=[32m"text"[39m
            [33mvalue[39m=[32m"T1234567890123"[39m
          [36m/>[39m
        [36m</div>[39m
        [36m<div[39m
          [33mclass[39m=[32m"space-y-2"[39m
        [36m>[39m
          [36m<label[39m
            [33mclass[39m=[32m"text-sm font-medium leading-none peer-disabled:cursor-not-allowed peer-disabled:opacity-70"[39m
            [33mfor[39m=[32m":r3o:-form-item"[39m
          [36m>[39m
            [0m備考[0m
          [36m</label>[39m
          [36m<input[39m
            [33maria-describedby[39m=[32m":r3o:-form-item-description"[39m
            [33maria-invalid[39m=[32m"false"[39m
            [33mclass[39m=[32m"flex h-10 w-full rounded-md border border-input bg-background px-3 py-2 text-sm ring-offset-background file:border-0 file:bg-transparent file:text-sm file:font-medium placeholder:text-muted-foreground focus-visible:outline-none focus-visible:ring-2 focus-visible:ring-ring focus-visible:ring-offset-2 disabled:cursor-not-allowed disabled:opacity-50"[39m
            [33mid[39m=[32m":r3o:-form-item"[39m
            [33mname[39m=[32m"notes"[39m
            [33mtype[39m=[32m"text"[39m
            [33mvalue[39m=[32m"テスト備考"[39m
          [36m/>[39m
        [36m</div>[39m
        [36m<div[39m
          [33mclass[39m=[32m"space-y-4"[39m
        [36m>[...

Ignored nodes: comments, script, style
[36m<html>[39m
  [36m<head />[39m
  [36m<body>[39m
    [36m<div>[39m
      [36m<form[39m
        [33mclass[39m=[32m"space-y-6"[39m
      [36m>[39m
        [36m<div[39m
          [33mclass[39m=[32m"space-y-4"[39m
        [36m>[39m
          [36m<div[39m
            [33mclass[39m=[32m""[39m
          [36m>[39m
            [36m<label[39m
              [33mclass[39m=[32m"text-sm font-medium leading-none peer-disabled:cursor-not-allowed peer-disabled:opacity-70"[39m
            [36m>[39m
              [0mステータス[0m
              [36m<span[39m
                [33mclass[39m=[32m"text-red-500 ml-1"[39m
              [36m>[39m
                [0m*[0m
              [36m</span>[39m
            [36m</label>[39m
            [36m<button[39m
              [33maria-autocomplete[39m=[32m"none"[39m
              [33maria-controls[39m=[32m"radix-:r3m:"[39m
              [33maria-expanded[39m=[32m"false"[39m
              [33mclass[39m=[32m"flex h-10 w-full items-center justify-between rounded-md border border-input bg-transparent px-3 py-2 text-sm ring-offset-background placeholder:text-muted-foreground focus:outline-none focus:ring-2 focus:ring-ring focus:ring-offset-2 disabled:cursor-not-allowed disabled:opacity-50"[39m
              [33mdata-state[39m=[32m"closed"[39m
              [33mdir[39m=[32m"ltr"[39m
              [33mrole[39m=[32m"combobox"[39m
              [33mtype[39m=[32m"button"[39m
            [36m>[39m
              [36m<span[39m
                [33mstyle[39m=[32m"pointer-events: none;"[39m
              [36m/>[39m
              [36m<svg[39m
                [33mclass[39m=[32m"h-4 w-4 opacity-50"[39m
                [33mfill[39m=[32m"none"[39m
                [33mheight[39m=[32m"24"[39m
                [33mstroke[39m=[32m"currentColor"[39m
                [33mstroke-linecap[39m=[32m"round"[39m
                [33mstroke-linejoin[39m=[32m"round"[39m
                [33mstroke-width[39m=[32m"2"[39m
                [33mviewBox[39m=[32m"0 0 24 24"[39m
                [33mwidth[39m=[32m"24"[39m
                [33mxmlns[39m=[32m"http://www.w3.org/2000/svg"[39m
              [36m>[39m
                [36m<path[39m
                  [33md[39m=[32m"m6 9 6 6 6-6"[39m
                [36m/>[39m
              [36m</svg>[39m
            [36m</button>[39m
          [36m</div>[39m
          [36m<div[39m
            [33mclass[39m=[32m""[39m
          [36m>[39m
            [36m<label[39m
              [33mclass[39m=[32m"text-sm font-medium leading-none peer-disabled:cursor-not-allowed peer-disabled:opacity-70"[39m
            [36m>[39m
              [0m発行日[0m
              [36m<span[39m
                [33mclass[39m=[32m"text-red-500 ml-1"[39m
              [36m>[39m
                [0m*[0m
              [36m</span>[39m
            [36m</label>[39m
            [36m<input[39m
              [33mclass[39m=[32m"flex h-10 w-full rounded-md border border-input bg-background px-3 py-2 text-sm ring-offset-background file:border-0 file:bg-transparent file:text-sm file:font-medium placeholder:text-muted-foreground focus-visible:outline-none focus-visible:ring-2 focus-visible:ring-ring focus-visible:ring-offset-2 disabled:cursor-not-allowed disabled:opacity-50"[39m
              [33mtype[39m=[32m"date"[39m
              [33mvalue[39m=[32m"2025-02-01"[39m
            [36m/>[39m
          [36m</div>[39m
          [36m<div[39m
            [33mclass[39m=[32m""[39m
          [36m>[39m
            [36m<label[39m
              [33mclass[39m=[32m"text-sm font-medium leading-none peer-disabled:cursor-not-allowed peer-disabled:opacity-70"[39m
            [36m>[39m
              [0m支払期限[0m
              [36m<span[39m
                [33mclass[39m=[32m"text-red-500 ml-1"[39m
              [36m>[39m
                [0m*[0m
              [36m</span>[39m
            [36m</label>[39m
            [36m<input[39m
              [33mclass[39m=[32m"flex h-10 w-full rounded-md border border-input bg-background px-3 py-2 text-sm ring-offset-background file:border-0 file:bg-transparent file:text-sm file:font-medium placeholder:text-muted-foreground focus-visible:outline-none focus-visible:ring-2 focus-visible:ring-ring focus-visible:ring-offset-2 disabled:cursor-not-allowed disabled:opacity-50"[39m
              [33mtype[39m=[32m"date"[39m
              [33mvalue[39m=[32m"2025-03-01"[39m
            [36m/>[39m
          [36m</div>[39m
          [36m<div[39m
            [33mclass[39m=[32m"space-y-2"[39m
          [36m>[39m
            [36m<label[39m
              [33mclass[39m=[32m"text-sm font-medium leading-none peer-disabled:cursor-not-allowed peer-disabled:opacity-70"[39m
              [33mfor[39m=[32m":r3n:-form-item"[39m
            [36m>[39m
              [0m登録番号[0m
              [36m<span[39m
                [33mclass[39m=[32m"text-red-500 ml-1"[39m
              [36m>[39m
                [0m*[0m
              [36m</span>[39m
            [36m</label>[39m
            [36m<input[39m
              [33maria-describedby[39m=[32m":r3n:-form-item-description"[39m
              [33maria-invalid[39m=[32m"false"[39m
              [33mclass[39m=[32m"flex h-10 w-full rounded-md border border-input bg-background px-3 py-2 text-sm ring-offset-background file:border-0 file:bg-transparent file:text-sm file:font-medium placeholder:text-muted-foreground focus-visible:outline-none focus-visible:ring-2 focus-visible:ring-ring focus-visible:ring-offset-2 disabled:cursor-not-allowed disabled:opacity-50"[39m
              [33mid[39m=[32m":r3n:-form-item"[39m
              [33mname[39m=[32m"registrationNumber"[39m
              [33mtype[39m=[32m"text"[39m
              [33mvalue[39m=[32m"T1234567890123"[39m
            [36m/>[39m
          [36m</div>[39m
          [36m<div[39m
            [33mclass[39m=[32m"space-y-2"[39m
          [36m>[39m
            [36m<label[39m
              [33mclass[39m=[32m"text-sm font-medium leading-none peer-disabled:cursor-not-allowed peer-disabled:opacity-70"[39m
              [33mfor[39m=[32m":r3o:-form-item"[39m
            [36m>[39m
              [0m備考[0m
            [36m</label>[39m
            [36m<input[39m
              [33maria-describedby[39m=[32m":r3o:-form-item-description"[39m
              [33maria-invalid[39m=[32m"false"[39m
              [33mclass[39m=[32m"flex h-10 w-full rounded-md border border-input bg-background px-3 py-2 text-sm ring-offset-background file:border-0 file:bg-transparent file:text-sm file:font-medium placeholder:text-muted-foreground focus-visible:outline-none focus-visible:ring-2 focus-visible:ring-ring focus-visible:ring-offset-2 disabled:cursor-not-allowed disabled:opacity-50"[39m
              [33mid[39m=[32...
   ❯ src/components/invoice/__tests__/InvoiceForm.test.tsx > InvoiceForm > 税率変更時に金額計算が正しく行われること
     → Unable to find an element by: [data-testid="cy=subtotal"]

Ignored nodes: comments, script, style
[36m<body>[39m
  [36m<div>[39m
    [36m<form[39m
      [33mclass[39m=[32m"space-y-6"[39m
    [36m>[39m
      [36m<div[39m
        [33mclass[39m=[32m"space-y-4"[39m
      [36m>[39m
        [36m<div[39m
          [33mclass[39m=[32m""[39m
        [36m>[39m
          [36m<label[39m
            [33mclass[39m=[32m"text-sm font-medium leading-none peer-disabled:cursor-not-allowed peer-disabled:opacity-70"[39m
          [36m>[39m
            [0mステータス[0m
            [36m<span[39m
              [33mclass[39m=[32m"text-red-500 ml-1"[39m
            [36m>[39m
              [0m*[0m
            [36m</span>[39m
          [36m</label>[39m
          [36m<button[39m
            [33maria-autocomplete[39m=[32m"none"[39m
            [33maria-controls[39m=[32m"radix-:r4i:"[39m
            [33maria-expanded[39m=[32m"false"[39m
            [33mclass[39m=[32m"flex h-10 w-full items-center justify-between rounded-md border border-input bg-transparent px-3 py-2 text-sm ring-offset-background placeholder:text-muted-foreground focus:outline-none focus:ring-2 focus:ring-ring focus:ring-offset-2 disabled:cursor-not-allowed disabled:opacity-50"[39m
            [33mdata-state[39m=[32m"closed"[39m
            [33mdir[39m=[32m"ltr"[39m
            [33mrole[39m=[32m"combobox"[39m
            [33mtype[39m=[32m"button"[39m
          [36m>[39m
            [36m<span[39m
              [33mstyle[39m=[32m"pointer-events: none;"[39m
            [36m/>[39m
            [36m<svg[39m
              [33mclass[39m=[32m"h-4 w-4 opacity-50"[39m
              [33mfill[39m=[32m"none"[39m
              [33mheight[39m=[32m"24"[39m
              [33mstroke[39m=[32m"currentColor"[39m
              [33mstroke-linecap[39m=[32m"round"[39m
              [33mstroke-linejoin[39m=[32m"round"[39m
              [33mstroke-width[39m=[32m"2"[39m
              [33mviewBox[39m=[32m"0 0 24 24"[39m
              [33mwidth[39m=[32m"24"[39m
              [33mxmlns[39m=[32m"http://www.w3.org/2000/svg"[39m
            [36m>[39m
              [36m<path[39m
                [33md[39m=[32m"m6 9 6 6 6-6"[39m
              [36m/>[39m
            [36m</svg>[39m
          [36m</button>[39m
        [36m</div>[39m
        [36m<div[39m
          [33mclass[39m=[32m""[39m
        [36m>[39m
          [36m<label[39m
            [33mclass[39m=[32m"text-sm font-medium leading-none peer-disabled:cursor-not-allowed peer-disabled:opacity-70"[39m
          [36m>[39m
            [0m発行日[0m
            [36m<span[39m
              [33mclass[39m=[32m"text-red-500 ml-1"[39m
            [36m>[39m
              [0m*[0m
            [36m</span>[39m
          [36m</label>[39m
          [36m<input[39m
            [33mclass[39m=[32m"flex h-10 w-full rounded-md border border-input bg-background px-3 py-2 text-sm ring-offset-background file:border-0 file:bg-transparent file:text-sm file:font-medium placeholder:text-muted-foreground focus-visible:outline-none focus-visible:ring-2 focus-visible:ring-ring focus-visible:ring-offset-2 disabled:cursor-not-allowed disabled:opacity-50"[39m
            [33mtype[39m=[32m"date"[39m
            [33mvalue[39m=[32m"2025-02-01"[39m
          [36m/>[39m
        [36m</div>[39m
        [36m<div[39m
          [33mclass[39m=[32m""[39m
        [36m>[39m
          [36m<label[39m
            [33mclass[39m=[32m"text-sm font-medium leading-none peer-disabled:cursor-not-allowed peer-disabled:opacity-70"[39m
          [36m>[39m
            [0m支払期限[0m
            [36m<span[39m
              [33mclass[39m=[32m"text-red-500 ml-1"[39m
            [36m>[39m
              [0m*[0m
            [36m</span>[39m
          [36m</label>[39m
          [36m<input[39m
            [33mclass[39m=[32m"flex h-10 w-full rounded-md border border-input bg-background px-3 py-2 text-sm ring-offset-background file:border-0 file:bg-transparent file:text-sm file:font-medium placeholder:text-muted-foreground focus-visible:outline-none focus-visible:ring-2 focus-visible:ring-ring focus-visible:ring-offset-2 disabled:cursor-not-allowed disabled:opacity-50"[39m
            [33mtype[39m=[32m"date"[39m
            [33mvalue[39m=[32m"2025-03-01"[39m
          [36m/>[39m
        [36m</div>[39m
        [36m<div[39m
          [33mclass[39m=[32m"space-y-2"[39m
        [36m>[39m
          [36m<label[39m
            [33mclass[39m=[32m"text-sm font-medium leading-none peer-disabled:cursor-not-allowed peer-disabled:opacity-70"[39m
            [33mfor[39m=[32m":r4j:-form-item"[39m
          [36m>[39m
            [0m登録番号[0m
            [36m<span[39m
              [33mclass[39m=[32m"text-red-500 ml-1"[39m
            [36m>[39m
              [0m*[0m
            [36m</span>[39m
          [36m</label>[39m
          [36m<input[39m
            [33maria-describedby[39m=[32m":r4j:-form-item-description"[39m
            [33maria-invalid[39m=[32m"false"[39m
            [33mclass[39m=[32m"flex h-10 w-full rounded-md border border-input bg-background px-3 py-2 text-sm ring-offset-background file:border-0 file:bg-transparent file:text-sm file:font-medium placeholder:text-muted-foreground focus-visible:outline-none focus-visible:ring-2 focus-visible:ring-ring focus-visible:ring-offset-2 disabled:cursor-not-allowed disabled:opacity-50"[39m
            [33mid[39m=[32m":r4j:-form-item"[39m
            [33mname[39m=[32m"registrationNumber"[39m
            [33mtype[39m=[32m"text"[39m
            [33mvalue[39m=[32m"T1234567890123"[39m
          [36m/>[39m
        [36m</div>[39m
        [36m<div[39m
          [33mclass[39m=[32m"space-y-2"[39m
        [36m>[39m
          [36m<label[39m
            [33mclass[39m=[32m"text-sm font-medium leading-none peer-disabled:cursor-not-allowed peer-disabled:opacity-70"[39m
            [33mfor[39m=[32m":r4k:-form-item"[39m
          [36m>[39m
            [0m備考[0m
          [36m</label>[39m
          [36m<input[39m
            [33maria-describedby[39m=[32m":r4k:-form-item-description"[39m
            [33maria-invalid[39m=[32m"false"[39m
            [33mclass[39m=[32m"flex h-10 w-full rounded-md border border-input bg-background px-3 py-2 text-sm ring-offset-background file:border-0 file:bg-transparent file:text-sm file:font-medium placeholder:text-muted-foreground focus-visible:outline-none focus-visible:ring-2 focus-visible:ring-ring focus-visible:ring-offset-2 disabled:cursor-not-allowed disabled:opacity-50"[39m
            [33mid[39m=[32m":r4k:-form-item"[39m
            [33mname[39m=[32m"notes"[39m
            [33mtype[39m=[32m"text"[39m
            [33mvalue[39m=[32m"テスト備考"[39m
          [36m/>[39m
        [36m</div>[39m
        [36m<div[39m
          [33mclass[39m=[32m"space-y-4"[39m
        [36m>[...

 Test Files  9 failed | 2 passed (11)
      Tests  34 failed | 24 passed (58)
   Start at  17:16:38
   Duration  5.40s


 FAIL  Tests failed. Watching for file changes...
       press h to show help, press q to quit
[3Jc
 RERUN  src/domains/invoice/tax.ts

 ✓ src/domains/invoice/__tests__/progress.test.ts  (6 tests) 5ms
 ❯ src/domains/invoice/__tests__/tax.test.ts  (27 tests | 9 failed) 15ms
   ❯ src/domains/invoice/__tests__/tax.test.ts > 税金計算 > 税率別の集計 > 複数の税率が混在する場合、税率ごとに正しく集計される
     → [DecimalError] Invalid argument: 1000
   ❯ src/domains/invoice/__tests__/tax.test.ts > 税金計算 > 税率別の集計 > 同じ税率の明細行は集約される
     → [DecimalError] Invalid argument: 1000
   ❯ src/domains/invoice/__tests__/tax.test.ts > 税金計算 > 税率別の集計 > 複数の税率と数量が混在する場合も正しく計算される
     → [DecimalError] Invalid argument: 10000
   ❯ src/domains/invoice/__tests__/tax.test.ts > 税金計算 > 税率の変換 > パーセント表記から小数表記への変換が正しく行われる
     → Tax rate must be either 8% or 10%
   ❯ src/domains/invoice/__tests__/tax.test.ts > 税金計算 > 税率の変換 > 小数表記からパーセント表記への変換が正しく行われる
     → Tax rate must be either 0.08 or 0.1
   ❯ src/domains/invoice/__tests__/tax.test.ts > 税金計算 > 請求書の税額計算 > 税率ごとの集計 > 同一税率の商品の集計
     → [DecimalError] Invalid argument: 2000
   ❯ src/domains/invoice/__tests__/tax.test.ts > 税金計算 > 請求書の税額計算 > 税率ごとの集計 > 異なる税率の商品の集計
     → [DecimalError] Invalid argument: 1000
   ❯ src/domains/invoice/__tests__/tax.test.ts > 税金計算 > 請求書の税額計算 > 税率ごとの集計 > 数量0の商品は集計に含まれない
     → [DecimalError] Invalid argument: 2000
   ❯ src/domains/invoice/__tests__/tax.test.ts > 税金計算 > 請求書の税額計算 > 税率ごとの集計 > 小数点以下の端数処理（切り捨て）
     → [DecimalError] Invalid argument: 2004
 ❯ src/domains/invoice/__tests__/service.test.ts  (5 tests | 3 failed) 10ms
   ❯ src/domains/invoice/__tests__/service.test.ts > InvoiceService > updateStatus > should update status for valid transition
     → No action defined for status: PENDING
   ❯ src/domains/invoice/__tests__/service.test.ts > InvoiceService > updateStatus > should send notification email for specific statuses
     → No action defined for status: PENDING
   ❯ src/domains/invoice/__tests__/service.test.ts > InvoiceService > updateStatus > should throw error for invalid transition
     → expected [Function] to throw error including 'Invalid status transition' but got 'Permission denied for status update'
 ❯ src/components/invoice/__tests__/InvoicePdfButton.test.tsx  (2 tests | 2 failed) 18ms
   ❯ src/components/invoice/__tests__/InvoicePdfButton.test.tsx > InvoicePdfButton > PDFダウンロードボタンが正しく表示される
     → BlobProvider is a web specific API. You're either using this component on Node, or your bundler is not loading react-pdf from the appropriate web build.
   ❯ src/components/invoice/__tests__/InvoicePdfButton.test.tsx > InvoicePdfButton > ボタンクリックでPDF生成処理が呼ばれる
     → BlobProvider is a web specific API. You're either using this component on Node, or your bundler is not loading react-pdf from the appropriate web build.

 Test Files  3 failed | 1 passed (4)
      Tests  14 failed | 26 passed (40)
   Start at  17:17:09
   Duration  872ms


 FAIL  Tests failed. Watching for file changes...
       press h to show help, press q to quit
[3Jc
 RERUN  src/domains/invoice/__tests__/tax.test.ts x4

 ❯ src/domains/invoice/__tests__/tax.test.ts  (28 tests | 8 failed) 14ms
   ❯ src/domains/invoice/__tests__/tax.test.ts > 税金計算 > 税率別の集計 > 複数の税率が混在する場合、税率ごとに正しく集計される
     → [DecimalError] Invalid argument: 1000
   ❯ src/domains/invoice/__tests__/tax.test.ts > 税金計算 > 税率別の集計 > 同じ税率の明細行は集約される
     → [DecimalError] Invalid argument: 1000
   ❯ src/domains/invoice/__tests__/tax.test.ts > 税金計算 > 税率別の集計 > 複数の税率と数量が混在する場合も正しく計算される
     → [DecimalError] Invalid argument: 10000
   ❯ src/domains/invoice/__tests__/tax.test.ts > 税金計算 > 税率別の集計 > 税率の高い順にソートされる
     → [DecimalError] Invalid argument: 1000
   ❯ src/domains/invoice/__tests__/tax.test.ts > 税金計算 > 請求書の税額計算 > 税率ごとの集計 > 同一税率の商品の集計
     → [DecimalError] Invalid argument: 2000
   ❯ src/domains/invoice/__tests__/tax.test.ts > 税金計算 > 請求書の税額計算 > 税率ごとの集計 > 異なる税率の商品の集計
     → [DecimalError] Invalid argument: 1000
   ❯ src/domains/invoice/__tests__/tax.test.ts > 税金計算 > 請求書の税額計算 > 税率ごとの集計 > 数量0の商品は集計に含まれない
     → [DecimalError] Invalid argument: 2000
   ❯ src/domains/invoice/__tests__/tax.test.ts > 税金計算 > 請求書の税額計算 > 税率ごとの集計 > 小数点以下の端数処理(切り捨て)
     → [DecimalError] Invalid argument: 2004

 Test Files  1 failed (1)
      Tests  8 failed | 20 passed (28)
   Start at  17:18:17
   Duration  157ms


 FAIL  Tests failed. Watching for file changes...
       press h to show help, press q to quit
       rerun x4
[2K[1A[2K[G[3Jc
 RERUN  src/domains/invoice/__tests__/tax.test.ts x5

 ❯ src/domains/invoice/__tests__/tax.test.ts  (28 tests | 8 failed) 13ms
   ❯ src/domains/invoice/__tests__/tax.test.ts > 税金計算 > 税率別の集計 > 複数の税率が混在する場合、税率ごとに正しく集計される
     → [DecimalError] Invalid argument: 1000
   ❯ src/domains/invoice/__tests__/tax.test.ts > 税金計算 > 税率別の集計 > 同じ税率の明細行は集約される
     → [DecimalError] Invalid argument: 1000
   ❯ src/domains/invoice/__tests__/tax.test.ts > 税金計算 > 税率別の集計 > 複数の税率と数量が混在する場合も正しく計算される
     → [DecimalError] Invalid argument: 10000
   ❯ src/domains/invoice/__tests__/tax.test.ts > 税金計算 > 税率別の集計 > 税率の高い順にソートされる
     → [DecimalError] Invalid argument: 1000
   ❯ src/domains/invoice/__tests__/tax.test.ts > 税金計算 > 請求書の税額計算 > 税率ごとの集計 > 同一税率の商品の集計
     → [DecimalError] Invalid argument: 2000
   ❯ src/domains/invoice/__tests__/tax.test.ts > 税金計算 > 請求書の税額計算 > 税率ごとの集計 > 異なる税率の商品の集計
     → [DecimalError] Invalid argument: 1000
   ❯ src/domains/invoice/__tests__/tax.test.ts > 税金計算 > 請求書の税額計算 > 税率ごとの集計 > 数量0の商品は集計に含まれない
     → [DecimalError] Invalid argument: 2000
   ❯ src/domains/invoice/__tests__/tax.test.ts > 税金計算 > 請求書の税額計算 > 税率ごとの集計 > 小数点以下の端数処理(切り捨て)
     → [DecimalError] Invalid argument: 2004

 Test Files  1 failed (1)
      Tests  8 failed | 20 passed (28)
   Start at  02:38:24
   Duration  324ms


 FAIL  Tests failed. Watching for file changes...
       press h to show help, press q to quit
       rerun x5
[2K[1A[2K[G